[INFO] Scanning for projects...
[INFO] 
[INFO] ------------------------< com.jpmc:midas-core >-------------------------
[INFO] Building midas-core 1.0.0
[INFO]   from pom.xml
[INFO] --------------------------------[ jar ]---------------------------------
[INFO] 
[INFO] --- resources:3.3.1:resources (default-resources) @ midas-core ---
[INFO] Copying 1 resource from src\main\resources to target\classes
[INFO] Copying 0 resource from src\main\resources to target\classes
[INFO] 
[INFO] --- compiler:3.11.0:compile (default-compile) @ midas-core ---
[INFO] Nothing to compile - all classes are up to date
[INFO] 
[INFO] --- resources:3.3.1:testResources (default-testResources) @ midas-core ---
[INFO] Copying 5 resources from src\test\resources to target\test-classes
[INFO] 
[INFO] --- compiler:3.11.0:testCompile (default-testCompile) @ midas-core ---
[INFO] Nothing to compile - all classes are up to date
[INFO] 
[INFO] --- surefire:3.1.2:test (default-test) @ midas-core ---
[INFO] Using auto detected provider org.apache.maven.surefire.junitplatform.JUnitPlatformProvider
[INFO] 
[INFO] -------------------------------------------------------
[INFO]  T E S T S
[INFO] -------------------------------------------------------
[INFO] Running com.jpmc.midascore.TaskTwoTests
19:06:15.303 [main] INFO org.springframework.test.context.support.AnnotationConfigContextLoaderUtils -- Could not detect default configuration classes for test class [com.jpmc.midascore.TaskTwoTests]: TaskTwoTests does not declare any static, non-private, non-final, nested classes annotated with @Configuration.
19:06:15.479 [main] INFO org.springframework.boot.test.context.SpringBootTestContextBootstrapper -- Found @SpringBootConfiguration com.jpmc.midascore.MidasCoreApplication for test class com.jpmc.midascore.TaskTwoTests

  .   ____          _            __ _ _
 /\\ / ___'_ __ _ _(_)_ __  __ _ \ \ \ \
( ( )\___ | '_ | '_| | '_ \/ _` | \ \ \ \
 \\/  ___)| |_)| | | | | || (_| |  ) ) ) )
  '  |____| .__|_| |_|_| |_\__, | / / / /
 =========|_|==============|___/=/_/_/_/
 :: Spring Boot ::                (v3.2.5)

2026-02-23T19:06:17.118+05:30  INFO 17596 --- [           main] k.utils.Log4jControllerRegistration$     : Registered kafka:type=kafka.Log4jController MBean
2026-02-23T19:06:17.178+05:30  INFO 17596 --- [           main] org.apache.zookeeper.common.X509Util     : Setting -D jdk.tls.rejectClientInitiatedRenegotiation=true to disable client-initiated TLS renegotiation
2026-02-23T19:06:17.417+05:30  INFO 17596 --- [-kit-executor-1] kafka.server.ControllerServer            : Formatting C:\Users\varsh\AppData\Local\Temp\kafka-14083302370958023596\controller_0 with metadata.version 3.3-IV0.
2026-02-23T19:06:17.420+05:30  INFO 17596 --- [-kit-executor-3] kafka.server.BrokerServer                : [BrokerServer id=0] Transition from SHUTDOWN to STARTING
2026-02-23T19:06:17.421+05:30  INFO 17596 --- [-kit-executor-2] kafka.server.ControllerServer            : [ControllerServer id=0] Starting controller
2026-02-23T19:06:17.421+05:30  INFO 17596 --- [-kit-executor-3] kafka.server.SharedServer                : [SharedServer id=0] Starting SharedServer
2026-02-23T19:06:17.458+05:30  INFO 17596 --- [-kit-executor-2] o.a.k.s.network.EndpointReadyFutures     : authorizerStart completed for endpoint CONTROLLER. Endpoint is now READY.
2026-02-23T19:06:17.613+05:30  INFO 17596 --- [-kit-executor-3] kafka.log.UnifiedLog$                    : [LogLoader partition=__cluster_metadata-0, dir=C:\Users\varsh\AppData\Local\Temp\kafka-14083302370958023596\controller_0] Loading producer state till offset 0 with message format version 2
2026-02-23T19:06:17.613+05:30  INFO 17596 --- [-kit-executor-3] kafka.log.UnifiedLog$                    : [LogLoader partition=__cluster_metadata-0, dir=C:\Users\varsh\AppData\Local\Temp\kafka-14083302370958023596\controller_0] Reloading from producer snapshot and rebuilding producer state from offset 0
2026-02-23T19:06:17.613+05:30  INFO 17596 --- [-kit-executor-3] kafka.log.UnifiedLog$                    : [LogLoader partition=__cluster_metadata-0, dir=C:\Users\varsh\AppData\Local\Temp\kafka-14083302370958023596\controller_0] Producer state recovery took 0ms for snapshot load and 0ms for segment recovery from offset 0
2026-02-23T19:06:17.709+05:30  INFO 17596 --- [-kit-executor-3] kafka.raft.KafkaMetadataLog$             : Initialized snapshots with IDs SortedSet() from C:\Users\varsh\AppData\Local\Temp\kafka-14083302370958023596\controller_0\__cluster_metadata-0
2026-02-23T19:06:17.807+05:30  INFO 17596 --- [piration-reaper] ExpirationService$ExpiredOperationReaper : [raft-expiration-reaper]: Starting
2026-02-23T19:06:17.879+05:30  INFO 17596 --- [-kit-executor-3] org.apache.kafka.raft.QuorumState        : [RaftManager id=0] Completed transition to Unattached(epoch=0, voters=[0], electionTimeoutMs=1685) from null
2026-02-23T19:06:17.898+05:30  INFO 17596 --- [-kit-executor-3] org.apache.kafka.raft.QuorumState        : [RaftManager id=0] Completed transition to CandidateState(localId=0, epoch=1, retries=1, voteStates={0=GRANTED}, highWatermark=Optional.empty, electionTimeoutMs=1709) from Unattached(epoch=0, voters=[0], electionTimeoutMs=1685)
2026-02-23T19:06:17.905+05:30  INFO 17596 --- [-kit-executor-3] org.apache.kafka.raft.QuorumState        : [RaftManager id=0] Completed transition to Leader(localId=0, epoch=1, epochStartOffset=0, highWatermark=Optional.empty, voterStates={0=ReplicaState(nodeId=0, endOffset=Optional.empty, lastFetchTimestamp=-1, lastCaughtUpTimestamp=-1, hasAcknowledgedLeader=true)}) from CandidateState(localId=0, epoch=1, retries=1, voteStates={0=GRANTED}, highWatermark=Optional.empty, electionTimeoutMs=1709)
2026-02-23T19:06:18.134+05:30  INFO 17596 --- [-kit-executor-2] kafka.network.ConnectionQuotas           : Updated connection-accept-rate max connection creation rate to 2147483647
2026-02-23T19:06:18.158+05:30  INFO 17596 --- [-kit-executor-2] kafka.network.DataPlaneAcceptor          : Awaiting socket connections on localhost:61473.
2026-02-23T19:06:18.159+05:30  INFO 17596 --- [-kit-executor-2] kafka.network.DataPlaneAcceptor          : Opened wildcard endpoint localhost:61473
2026-02-23T19:06:18.189+05:30  INFO 17596 --- [-kit-executor-2] kafka.network.SocketServer               : [SocketServer listenerType=CONTROLLER, nodeId=0] Created data-plane acceptor and processors for endpoint : ListenerName(CONTROLLER)
2026-02-23T19:06:18.200+05:30  INFO 17596 --- [-request-thread] kafka.raft.RaftSendThread                : [kafka-0-raft-outbound-request-thread]: Starting
2026-02-23T19:06:18.200+05:30  INFO 17596 --- [-raft-io-thread] k.raft.KafkaRaftManager$RaftIoThread     : [kafka-0-raft-io-thread]: Starting
2026-02-23T19:06:18.232+05:30  INFO 17596 --- [-raft-io-thread] org.apache.kafka.raft.LeaderState        : [RaftManager id=0] High watermark set to LogOffsetMetadata(offset=1, metadata=Optional[(segmentBaseOffset=0,relativePositionInSegment=91)]) for the first time for epoch 1 based on indexOfHw 0 and voters [ReplicaState(nodeId=0, endOffset=Optional[LogOffsetMetadata(offset=1, metadata=Optional[(segmentBaseOffset=0,relativePositionInSegment=91)])], lastFetchTimestamp=-1, lastCaughtUpTimestamp=-1, hasAcknowledgedLeader=true)]
2026-02-23T19:06:18.248+05:30  INFO 17596 --- [r-event-handler] o.a.kafka.image.loader.MetadataLoader    : [MetadataLoader id=0] initializeNewPublishers: The loader is still catching up because we have loaded up to offset -1, but the high water mark is 1
2026-02-23T19:06:18.250+05:30  INFO 17596 --- [-kit-executor-3] kafka.server.BrokerServer                : [BrokerServer id=0] Starting broker
2026-02-23T19:06:18.251+05:30  INFO 17596 --- [-kit-executor-2] kafka.server.ControllerServer            : [ControllerServer id=0] Waiting for controller quorum voters future
2026-02-23T19:06:18.252+05:30  INFO 17596 --- [-kit-executor-2] kafka.server.ControllerServer            : [ControllerServer id=0] Finished waiting for controller quorum voters future
2026-02-23T19:06:18.252+05:30  INFO 17596 --- [-raft-io-thread] org.apache.kafka.raft.KafkaRaftClient    : [RaftManager id=0] Registered the listener org.apache.kafka.image.loader.MetadataLoader@2020607438
2026-02-23T19:06:18.280+05:30  INFO 17596 --- [r-event-handler] o.a.kafka.image.loader.MetadataLoader    : [MetadataLoader id=0] maybePublishMetadata(LOG_DELTA): The loader is still catching up because we have not loaded a controller record as of offset 0 and high water mark is 1
2026-02-23T19:06:18.285+05:30  INFO 17596 --- [nelReaper-Fetch] lientQuotaManager$ThrottledChannelReaper : [broker-0-ThrottledChannelReaper-Fetch]: Starting
2026-02-23T19:06:18.285+05:30  INFO 17596 --- [lReaper-Produce] lientQuotaManager$ThrottledChannelReaper : [broker-0-ThrottledChannelReaper-Produce]: Starting
2026-02-23T19:06:18.289+05:30  INFO 17596 --- [lReaper-Request] lientQuotaManager$ThrottledChannelReaper : [broker-0-ThrottledChannelReaper-Request]: Starting
2026-02-23T19:06:18.289+05:30  INFO 17596 --- [trollerMutation] lientQuotaManager$ThrottledChannelReaper : [broker-0-ThrottledChannelReaper-ControllerMutation]: Starting
2026-02-23T19:06:18.320+05:30  INFO 17596 --- [-kit-executor-3] kafka.log.LogManager                     : Log directory C:\Users\varsh\AppData\Local\Temp\kafka-14083302370958023596\broker_0_data0 not found, creating it.
2026-02-23T19:06:18.326+05:30  INFO 17596 --- [-kit-executor-2] o.a.kafka.controller.QuorumController    : [QuorumController id=0] Creating new QuorumController with clusterId v2Okm2MKS46Ew1EucXQP9Q.
2026-02-23T19:06:18.327+05:30  INFO 17596 --- [-raft-io-thread] org.apache.kafka.raft.KafkaRaftClient    : [RaftManager id=0] Registered the listener org.apache.kafka.controller.QuorumController$QuorumMetaLogListener@570010682
2026-02-23T19:06:18.327+05:30  INFO 17596 --- [nelReaper-Fetch] lientQuotaManager$ThrottledChannelReaper : [controller-0-ThrottledChannelReaper-Fetch]: Starting
2026-02-23T19:06:18.327+05:30  INFO 17596 --- [lReaper-Produce] lientQuotaManager$ThrottledChannelReaper : [controller-0-ThrottledChannelReaper-Produce]: Starting
2026-02-23T19:06:18.327+05:30  INFO 17596 --- [lReaper-Request] lientQuotaManager$ThrottledChannelReaper : [controller-0-ThrottledChannelReaper-Request]: Starting
2026-02-23T19:06:18.328+05:30  INFO 17596 --- [trollerMutation] lientQuotaManager$ThrottledChannelReaper : [controller-0-ThrottledChannelReaper-ControllerMutation]: Starting
2026-02-23T19:06:18.331+05:30  INFO 17596 --- [0-event-handler] o.a.kafka.controller.QuorumController    : [QuorumController id=0] Becoming the active controller at epoch 1, next write offset 1.
2026-02-23T19:06:18.333+05:30  INFO 17596 --- [-kit-executor-3] kafka.server.BrokerServer                : [BrokerServer id=0] Waiting for controller quorum voters future
2026-02-23T19:06:18.334+05:30  INFO 17596 --- [-kit-executor-3] kafka.server.BrokerServer                : [BrokerServer id=0] Finished waiting for controller quorum voters future
2026-02-23T19:06:18.345+05:30  WARN 17596 --- [0-event-handler] o.a.kafka.controller.QuorumController    : [QuorumController id=0] Performing controller activation. The metadata log appears to be empty. Appending 1 bootstrap record(s) in metadata transaction at metadata.version 3.6-IV2 from bootstrap source 'testkit'. Setting the ZK migration state to NONE since this is a de-novo KRaft cluster.
2026-02-23T19:06:18.349+05:30  INFO 17596 --- [0-event-handler] o.a.k.controller.OffsetControlManager    : [QuorumController id=0] Replayed BeginTransactionRecord(name='Bootstrap records') at offset 1.
2026-02-23T19:06:18.350+05:30  INFO 17596 --- [0-event-handler] o.a.k.controller.FeatureControlManager   : [QuorumController id=0] Replayed a FeatureLevelRecord setting metadata version to 3.6-IV2
2026-02-23T19:06:18.351+05:30  INFO 17596 --- [0-event-handler] o.a.k.controller.OffsetControlManager    : [QuorumController id=0] Replayed EndTransactionRecord() at offset 4.
2026-02-23T19:06:18.352+05:30  INFO 17596 --- [channel-manager] k.s.BrokerToControllerRequestThread      : [broker-0-to-controller-forwarding-channel-manager]: Starting
2026-02-23T19:06:18.353+05:30  INFO 17596 --- [channel-manager] k.s.BrokerToControllerRequestThread      : [broker-0-to-controller-forwarding-channel-manager]: Recorded new controller, from now on will use node localhost:61473 (id: 0 rack: null)
2026-02-23T19:06:18.359+05:30  INFO 17596 --- [per-0-AlterAcls] perationPurgatory$ExpiredOperationReaper : [ExpirationReaper-0-AlterAcls]: Starting
2026-02-23T19:06:18.360+05:30  INFO 17596 --- [r-event-handler] o.a.kafka.image.loader.MetadataLoader    : [MetadataLoader id=0] initializeNewPublishers: The loader finished catching up to the current high water mark of 1
2026-02-23T19:06:18.378+05:30  INFO 17596 --- [r-event-handler] o.a.kafka.image.loader.MetadataLoader    : [MetadataLoader id=0] InitializeNewPublishers: initializing SnapshotGenerator with a snapshot at offset 0
2026-02-23T19:06:18.400+05:30  INFO 17596 --- [-kit-executor-3] kafka.network.ConnectionQuotas           : Updated connection-accept-rate max connection creation rate to 2147483647
2026-02-23T19:06:18.404+05:30  INFO 17596 --- [-kit-executor-3] kafka.network.DataPlaneAcceptor          : Awaiting socket connections on localhost:61474.
2026-02-23T19:06:18.404+05:30  INFO 17596 --- [-kit-executor-3] kafka.network.DataPlaneAcceptor          : Opened wildcard endpoint localhost:61474
2026-02-23T19:06:18.410+05:30  INFO 17596 --- [-kit-executor-2] kafka.server.ControllerServer            : [ControllerServer id=0] Waiting for the controller metadata publishers to be installed
2026-02-23T19:06:18.411+05:30  INFO 17596 --- [-kit-executor-2] kafka.server.ControllerServer            : [ControllerServer id=0] Finished waiting for the controller metadata publishers to be installed
2026-02-23T19:06:18.411+05:30  INFO 17596 --- [r-event-handler] o.a.kafka.image.loader.MetadataLoader    : [MetadataLoader id=0] InitializeNewPublishers: initializing FeaturesPublisher with a snapshot at offset 4
2026-02-23T19:06:18.411+05:30  INFO 17596 --- [r-event-handler] o.a.kafka.image.loader.MetadataLoader    : [MetadataLoader id=0] InitializeNewPublishers: initializing DynamicConfigPublisher controller id=0 with a snapshot at offset 4
2026-02-23T19:06:18.412+05:30  INFO 17596 --- [-kit-executor-2] kafka.network.SocketServer               : [SocketServer listenerType=CONTROLLER, nodeId=0] Enabling request processing.
2026-02-23T19:06:18.412+05:30  INFO 17596 --- [r-event-handler] o.a.kafka.image.loader.MetadataLoader    : [MetadataLoader id=0] InitializeNewPublishers: initializing DynamicClientQuotaPublisher controller id=0 with a snapshot at offset 4
2026-02-23T19:06:18.414+05:30  INFO 17596 --- [r-event-handler] o.a.kafka.image.loader.MetadataLoader    : [MetadataLoader id=0] InitializeNewPublishers: initializing ScramPublisher controller id=0 with a snapshot at offset 4
2026-02-23T19:06:18.418+05:30  INFO 17596 --- [-kit-executor-3] kafka.network.SocketServer               : [SocketServer listenerType=BROKER, nodeId=0] Created data-plane acceptor and processors for endpoint : ListenerName(EXTERNAL)
2026-02-23T19:06:18.419+05:30  INFO 17596 --- [r-event-handler] o.a.kafka.image.loader.MetadataLoader    : [MetadataLoader id=0] InitializeNewPublishers: initializing DelegationTokenPublisher controller id=0 with a snapshot at offset 4
2026-02-23T19:06:18.422+05:30  INFO 17596 --- [-kit-executor-2] kafka.server.ControllerServer            : [ControllerServer id=0] Waiting for all of the authorizer futures to be completed
2026-02-23T19:06:18.422+05:30  INFO 17596 --- [-kit-executor-2] kafka.server.ControllerServer            : [ControllerServer id=0] Finished waiting for all of the authorizer futures to be completed
2026-02-23T19:06:18.423+05:30  INFO 17596 --- [-kit-executor-2] kafka.server.ControllerServer            : [ControllerServer id=0] Waiting for all of the SocketServer Acceptors to be started
2026-02-23T19:06:18.423+05:30  INFO 17596 --- [-kit-executor-2] kafka.server.ControllerServer            : [ControllerServer id=0] Finished waiting for all of the SocketServer Acceptors to be started
2026-02-23T19:06:18.425+05:30  INFO 17596 --- [r-event-handler] o.a.kafka.image.loader.MetadataLoader    : [MetadataLoader id=0] InitializeNewPublishers: initializing ControllerMetadataMetricsPublisher with a snapshot at offset 4
2026-02-23T19:06:18.426+05:30  INFO 17596 --- [r-event-handler] o.a.kafka.image.loader.MetadataLoader    : [MetadataLoader id=0] InitializeNewPublishers: initializing AclPublisher controller id=0 with a snapshot at offset 4
2026-02-23T19:06:18.428+05:30  INFO 17596 --- [channel-manager] k.s.BrokerToControllerRequestThread      : [broker-0-to-controller-alter-partition-channel-manager]: Starting
2026-02-23T19:06:18.428+05:30  INFO 17596 --- [channel-manager] k.s.BrokerToControllerRequestThread      : [broker-0-to-controller-alter-partition-channel-manager]: Recorded new controller, from now on will use node localhost:61473 (id: 0 rack: null)
2026-02-23T19:06:18.472+05:30  INFO 17596 --- [eaper-0-Produce] perationPurgatory$ExpiredOperationReaper : [ExpirationReaper-0-Produce]: Starting
2026-02-23T19:06:18.473+05:30  INFO 17596 --- [nReaper-0-Fetch] perationPurgatory$ExpiredOperationReaper : [ExpirationReaper-0-Fetch]: Starting
2026-02-23T19:06:18.474+05:30  INFO 17596 --- [0-DeleteRecords] perationPurgatory$ExpiredOperationReaper : [ExpirationReaper-0-DeleteRecords]: Starting
2026-02-23T19:06:18.475+05:30  INFO 17596 --- [r-0-ElectLeader] perationPurgatory$ExpiredOperationReaper : [ExpirationReaper-0-ElectLeader]: Starting
2026-02-23T19:06:18.477+05:30  INFO 17596 --- [r-0-RemoteFetch] perationPurgatory$ExpiredOperationReaper : [ExpirationReaper-0-RemoteFetch]: Starting
2026-02-23T19:06:18.508+05:30  INFO 17596 --- [per-0-Heartbeat] perationPurgatory$ExpiredOperationReaper : [ExpirationReaper-0-Heartbeat]: Starting
2026-02-23T19:06:18.508+05:30  INFO 17596 --- [per-0-Rebalance] perationPurgatory$ExpiredOperationReaper : [ExpirationReaper-0-Rebalance]: Starting
2026-02-23T19:06:18.580+05:30  INFO 17596 --- [channel-manager] k.s.BrokerToControllerRequestThread      : [broker-0-to-controller-heartbeat-channel-manager]: Starting
2026-02-23T19:06:18.580+05:30  INFO 17596 --- [channel-manager] k.s.BrokerToControllerRequestThread      : [broker-0-to-controller-heartbeat-channel-manager]: Recorded new controller, from now on will use node localhost:61473 (id: 0 rack: null)
2026-02-23T19:06:18.588+05:30  INFO 17596 --- [r-event-handler] kafka.server.BrokerLifecycleManager      : [BrokerLifecycleManager id=0] Incarnation mf0KhZy0T22LIuqppLtG4Q of broker 0 in cluster v2Okm2MKS46Ew1EucXQP9Q is now STARTING.
2026-02-23T19:06:18.620+05:30  INFO 17596 --- [per-0-AlterAcls] perationPurgatory$ExpiredOperationReaper : [ExpirationReaper-0-AlterAcls]: Starting
2026-02-23T19:06:18.647+05:30  INFO 17596 --- [-kit-executor-3] kafka.server.BrokerServer                : [BrokerServer id=0] Waiting for the broker metadata publishers to be installed
2026-02-23T19:06:18.647+05:30  INFO 17596 --- [-kit-executor-3] kafka.server.BrokerServer                : [BrokerServer id=0] Finished waiting for the broker metadata publishers to be installed
2026-02-23T19:06:18.647+05:30  INFO 17596 --- [r-event-handler] o.a.kafka.image.loader.MetadataLoader    : [MetadataLoader id=0] InitializeNewPublishers: initializing BrokerMetadataPublisher with a snapshot at offset 4
2026-02-23T19:06:18.647+05:30  INFO 17596 --- [-kit-executor-3] kafka.server.BrokerServer                : [BrokerServer id=0] Waiting for the controller to acknowledge that we are caught up
2026-02-23T19:06:18.647+05:30  INFO 17596 --- [r-event-handler] k.s.metadata.BrokerMetadataPublisher     : [BrokerMetadataPublisher id=0] Publishing initial metadata at offset OffsetAndEpoch(offset=4, epoch=1) with metadata.version 3.6-IV2.
2026-02-23T19:06:18.647+05:30  INFO 17596 --- [r-event-handler] kafka.log.LogManager                     : Loading logs from log dirs ArraySeq(C:\Users\varsh\AppData\Local\Temp\kafka-14083302370958023596\broker_0_data0)
2026-02-23T19:06:18.647+05:30  INFO 17596 --- [r-event-handler] kafka.log.LogManager                     : No logs found to be loaded in C:\Users\varsh\AppData\Local\Temp\kafka-14083302370958023596\broker_0_data0
2026-02-23T19:06:18.669+05:30  INFO 17596 --- [r-event-handler] kafka.log.LogManager                     : Loaded 0 logs in 17ms
2026-02-23T19:06:18.669+05:30  INFO 17596 --- [r-event-handler] kafka.log.LogManager                     : Starting log cleanup with a period of 300000 ms.
2026-02-23T19:06:18.669+05:30  INFO 17596 --- [r-event-handler] kafka.log.LogManager                     : Starting log flusher with a default period of 9223372036854775807 ms.
2026-02-23T19:06:18.716+05:30  INFO 17596 --- [r-event-handler] kafka.log.LogCleaner                     : Starting the log cleaner
2026-02-23T19:06:18.730+05:30  INFO 17596 --- [0-event-handler] o.a.k.controller.ClusterControlManager   : [QuorumController id=0] Replayed initial RegisterBrokerRecord for broker 0: RegisterBrokerRecord(brokerId=0, isMigratingZkBroker=false, incarnationId=mf0KhZy0T22LIuqppLtG4Q, brokerEpoch=5, endPoints=[BrokerEndpoint(name='EXTERNAL', host='localhost', port=61474, securityProtocol=0)], features=[BrokerFeature(name='metadata.version', minSupportedVersion=1, maxSupportedVersion=14)], rack=null, fenced=true, inControlledShutdown=false)
2026-02-23T19:06:18.730+05:30  INFO 17596 --- [leaner-thread-0] kafka.log.LogCleaner$CleanerThread       : [kafka-log-cleaner-thread-0]: Starting
2026-02-23T19:06:18.738+05:30  INFO 17596 --- [rFailureHandler] k.s.ReplicaManager$LogDirFailureHandler  : [LogDirFailureHandler]: Starting
2026-02-23T19:06:18.738+05:30  INFO 17596 --- [nSenderThread-0] kafka.server.AddPartitionsToTxnManager   : [AddPartitionsToTxnSenderThread-0]: Starting
2026-02-23T19:06:18.738+05:30  INFO 17596 --- [r-event-handler] k.coordinator.group.GroupCoordinator     : [GroupCoordinator 0]: Starting up.
2026-02-23T19:06:18.753+05:30  INFO 17596 --- [r-event-handler] k.coordinator.group.GroupCoordinator     : [GroupCoordinator 0]: Startup complete.
2026-02-23T19:06:18.755+05:30  INFO 17596 --- [r-event-handler] k.c.transaction.TransactionCoordinator   : [TransactionCoordinator id=0] Starting up.
2026-02-23T19:06:18.759+05:30  INFO 17596 --- [rSenderThread-0] k.c.t.TransactionMarkerChannelManager    : [TxnMarkerSenderThread-0]: Starting
2026-02-23T19:06:18.760+05:30  INFO 17596 --- [r-event-handler] k.c.transaction.TransactionCoordinator   : [TransactionCoordinator id=0] Startup complete.
2026-02-23T19:06:18.765+05:30  INFO 17596 --- [r-event-handler] k.s.metadata.BrokerMetadataPublisher     : [BrokerMetadataPublisher id=0] Updating metadata.version to 14 at offset OffsetAndEpoch(offset=4, epoch=1).
2026-02-23T19:06:18.768+05:30  INFO 17596 --- [channel-manager] kafka.server.BrokerLifecycleManager      : [BrokerLifecycleManager id=0] Successfully registered broker 0 with broker epoch 5
2026-02-23T19:06:18.814+05:30  INFO 17596 --- [channel-manager] kafka.server.BrokerLifecycleManager      : [BrokerLifecycleManager id=0] The broker has caught up. Transitioning from STARTING to RECOVERY.
2026-02-23T19:06:18.815+05:30  INFO 17596 --- [-kit-executor-3] kafka.server.BrokerServer                : [BrokerServer id=0] Finished waiting for the controller to acknowledge that we are caught up
2026-02-23T19:06:18.815+05:30  INFO 17596 --- [-kit-executor-3] kafka.server.BrokerServer                : [BrokerServer id=0] Waiting for the initial broker metadata update to be published
2026-02-23T19:06:18.815+05:30  INFO 17596 --- [-kit-executor-3] kafka.server.BrokerServer                : [BrokerServer id=0] Finished waiting for the initial broker metadata update to be published
2026-02-23T19:06:18.816+05:30  INFO 17596 --- [-kit-executor-3] kafka.server.KafkaConfig                 : KafkaConfig values: 
	advertised.listeners = null
	alter.config.policy.class.name = null
	alter.log.dirs.replication.quota.window.num = 11
	alter.log.dirs.replication.quota.window.size.seconds = 1
	authorizer.class.name = 
	auto.create.topics.enable = true
	auto.include.jmx.reporter = true
	auto.leader.rebalance.enable = true
	background.threads = 10
	broker.heartbeat.interval.ms = 2000
	broker.id = 0
	broker.id.generation.enable = true
	broker.rack = null
	broker.session.timeout.ms = 9000
	client.quota.callback.class = null
	compression.type = producer
	connection.failed.authentication.delay.ms = 100
	connections.max.idle.ms = 600000
	connections.max.reauth.ms = 0
	control.plane.listener.name = null
	controlled.shutdown.enable = true
	controlled.shutdown.max.retries = 3
	controlled.shutdown.retry.backoff.ms = 5000
	controller.listener.names = CONTROLLER
	controller.quorum.append.linger.ms = 25
	controller.quorum.election.backoff.max.ms = 1000
	controller.quorum.election.timeout.ms = 1000
	controller.quorum.fetch.timeout.ms = 2000
	controller.quorum.request.timeout.ms = 2000
	controller.quorum.retry.backoff.ms = 20
	controller.quorum.voters = [0@0.0.0.0:0]
	controller.quota.window.num = 11
	controller.quota.window.size.seconds = 1
	controller.socket.timeout.ms = 30000
	create.topic.policy.class.name = null
	default.replication.factor = 1
	delegation.token.expiry.check.interval.ms = 3600000
	delegation.token.expiry.time.ms = 86400000
	delegation.token.master.key = null
	delegation.token.max.lifetime.ms = 604800000
	delegation.token.secret.key = null
	delete.records.purgatory.purge.interval.requests = 1
	delete.topic.enable = true
	early.start.listeners = null
	fetch.max.bytes = 57671680
	fetch.purgatory.purge.interval.requests = 1000
	group.consumer.assignors = [org.apache.kafka.coordinator.group.assignor.RangeAssignor]
	group.consumer.heartbeat.interval.ms = 5000
	group.consumer.max.heartbeat.interval.ms = 15000
	group.consumer.max.session.timeout.ms = 60000
	group.consumer.max.size = 2147483647
	group.consumer.min.heartbeat.interval.ms = 5000
	group.consumer.min.session.timeout.ms = 45000
	group.consumer.session.timeout.ms = 45000
	group.coordinator.new.enable = false
	group.coordinator.threads = 1
	group.initial.rebalance.delay.ms = 0
	group.max.session.timeout.ms = 1800000
	group.max.size = 2147483647
	group.min.session.timeout.ms = 6000
	initial.broker.registration.timeout.ms = 60000
	inter.broker.listener.name = EXTERNAL
	inter.broker.protocol.version = 3.6-IV2
	kafka.metrics.polling.interval.secs = 10
	kafka.metrics.reporters = []
	leader.imbalance.check.interval.seconds = 300
	leader.imbalance.per.broker.percentage = 10
	listener.security.protocol.map = EXTERNAL:PLAINTEXT,CONTROLLER:PLAINTEXT
	listeners = EXTERNAL://localhost:0,CONTROLLER://localhost:0
	log.cleaner.backoff.ms = 15000
	log.cleaner.dedupe.buffer.size = 2097152
	log.cleaner.delete.retention.ms = 86400000
	log.cleaner.enable = true
	log.cleaner.io.buffer.load.factor = 0.9
	log.cleaner.io.buffer.size = 524288
	log.cleaner.io.max.bytes.per.second = 1.7976931348623157E308
	log.cleaner.max.compaction.lag.ms = 9223372036854775807
	log.cleaner.min.cleanable.ratio = 0.5
	log.cleaner.min.compaction.lag.ms = 0
	log.cleaner.threads = 1
	log.cleanup.policy = [delete]
	log.dir = /tmp/kafka-logs
	log.dirs = C:\Users\varsh\AppData\Local\Temp\kafka-14083302370958023596\broker_0_data0
	log.flush.interval.messages = 9223372036854775807
	log.flush.interval.ms = null
	log.flush.offset.checkpoint.interval.ms = 60000
	log.flush.scheduler.interval.ms = 9223372036854775807
	log.flush.start.offset.checkpoint.interval.ms = 60000
	log.index.interval.bytes = 4096
	log.index.size.max.bytes = 10485760
	log.local.retention.bytes = -2
	log.local.retention.ms = -2
	log.message.downconversion.enable = true
	log.message.format.version = 3.0-IV1
	log.message.timestamp.after.max.ms = 9223372036854775807
	log.message.timestamp.before.max.ms = 9223372036854775807
	log.message.timestamp.difference.max.ms = 9223372036854775807
	log.message.timestamp.type = CreateTime
	log.preallocate = false
	log.retention.bytes = -1
	log.retention.check.interval.ms = 300000
	log.retention.hours = 168
	log.retention.minutes = null
	log.retention.ms = null
	log.roll.hours = 168
	log.roll.jitter.hours = 0
	log.roll.jitter.ms = null
	log.roll.ms = null
	log.segment.bytes = 1073741824
	log.segment.delete.delay.ms = 60000
	max.connection.creation.rate = 2147483647
	max.connections = 2147483647
	max.connections.per.ip = 2147483647
	max.connections.per.ip.overrides = 
	max.incremental.fetch.session.cache.slots = 1000
	message.max.bytes = 1048588
	metadata.log.dir = C:\Users\varsh\AppData\Local\Temp\kafka-14083302370958023596\controller_0
	metadata.log.max.record.bytes.between.snapshots = 20971520
	metadata.log.max.snapshot.interval.ms = 3600000
	metadata.log.segment.bytes = 1073741824
	metadata.log.segment.min.bytes = 8388608
	metadata.log.segment.ms = 604800000
	metadata.max.idle.interval.ms = 500
	metadata.max.retention.bytes = 104857600
	metadata.max.retention.ms = 604800000
	metric.reporters = []
	metrics.num.samples = 2
	metrics.recording.level = INFO
	metrics.sample.window.ms = 30000
	min.insync.replicas = 1
	node.id = 0
	num.io.threads = 8
	num.network.threads = 3
	num.partitions = 1
	num.recovery.threads.per.data.dir = 1
	num.replica.alter.log.dirs.threads = null
	num.replica.fetchers = 1
	offset.metadata.max.bytes = 4096
	offsets.commit.required.acks = -1
	offsets.commit.timeout.ms = 5000
	offsets.load.buffer.size = 5242880
	offsets.retention.check.interval.ms = 600000
	offsets.retention.minutes = 10080
	offsets.topic.compression.codec = 0
	offsets.topic.num.partitions = 50
	offsets.topic.replication.factor = 1
	offsets.topic.segment.bytes = 104857600
	password.encoder.cipher.algorithm = AES/CBC/PKCS5Padding
	password.encoder.iterations = 4096
	password.encoder.key.length = 128
	password.encoder.keyfactory.algorithm = null
	password.encoder.old.secret = null
	password.encoder.secret = null
	principal.builder.class = class org.apache.kafka.common.security.authenticator.DefaultKafkaPrincipalBuilder
	process.roles = [broker, controller]
	producer.id.expiration.check.interval.ms = 600000
	producer.id.expiration.ms = 86400000
	producer.purgatory.purge.interval.requests = 1000
	queued.max.request.bytes = -1
	queued.max.requests = 500
	quota.window.num = 11
	quota.window.size.seconds = 1
	remote.log.index.file.cache.total.size.bytes = 1073741824
	remote.log.manager.task.interval.ms = 30000
	remote.log.manager.task.retry.backoff.max.ms = 30000
	remote.log.manager.task.retry.backoff.ms = 500
	remote.log.manager.task.retry.jitter = 0.2
	remote.log.manager.thread.pool.size = 10
	remote.log.metadata.custom.metadata.max.bytes = 128
	remote.log.metadata.manager.class.name = org.apache.kafka.server.log.remote.metadata.storage.TopicBasedRemoteLogMetadataManager
	remote.log.metadata.manager.class.path = null
	remote.log.metadata.manager.impl.prefix = rlmm.config.
	remote.log.metadata.manager.listener.name = null
	remote.log.reader.max.pending.tasks = 100
	remote.log.reader.threads = 10
	remote.log.storage.manager.class.name = null
	remote.log.storage.manager.class.path = null
	remote.log.storage.manager.impl.prefix = rsm.config.
	remote.log.storage.system.enable = false
	replica.fetch.backoff.ms = 1000
	replica.fetch.max.bytes = 1048576
	replica.fetch.min.bytes = 1
	replica.fetch.response.max.bytes = 10485760
	replica.fetch.wait.max.ms = 500
	replica.high.watermark.checkpoint.interval.ms = 5000
	replica.lag.time.max.ms = 30000
	replica.selector.class = null
	replica.socket.receive.buffer.bytes = 65536
	replica.socket.timeout.ms = 30000
	replication.quota.window.num = 11
	replication.quota.window.size.seconds = 1
	request.timeout.ms = 30000
	reserved.broker.max.id = 1000
	sasl.client.callback.handler.class = null
	sasl.enabled.mechanisms = [GSSAPI]
	sasl.jaas.config = null
	sasl.kerberos.kinit.cmd = /usr/bin/kinit
	sasl.kerberos.min.time.before.relogin = 60000
	sasl.kerberos.principal.to.local.rules = [DEFAULT]
	sasl.kerberos.service.name = null
	sasl.kerberos.ticket.renew.jitter = 0.05
	sasl.kerberos.ticket.renew.window.factor = 0.8
	sasl.login.callback.handler.class = null
	sasl.login.class = null
	sasl.login.connect.timeout.ms = null
	sasl.login.read.timeout.ms = null
	sasl.login.refresh.buffer.seconds = 300
	sasl.login.refresh.min.period.seconds = 60
	sasl.login.refresh.window.factor = 0.8
	sasl.login.refresh.window.jitter = 0.05
	sasl.login.retry.backoff.max.ms = 10000
	sasl.login.retry.backoff.ms = 100
	sasl.mechanism.controller.protocol = GSSAPI
	sasl.mechanism.inter.broker.protocol = GSSAPI
	sasl.oauthbearer.clock.skew.seconds = 30
	sasl.oauthbearer.expected.audience = null
	sasl.oauthbearer.expected.issuer = null
	sasl.oauthbearer.jwks.endpoint.refresh.ms = 3600000
	sasl.oauthbearer.jwks.endpoint.retry.backoff.max.ms = 10000
	sasl.oauthbearer.jwks.endpoint.retry.backoff.ms = 100
	sasl.oauthbearer.jwks.endpoint.url = null
	sasl.oauthbearer.scope.claim.name = scope
	sasl.oauthbearer.sub.claim.name = sub
	sasl.oauthbearer.token.endpoint.url = null
	sasl.server.callback.handler.class = null
	sasl.server.max.receive.size = 524288
	security.inter.broker.protocol = PLAINTEXT
	security.providers = null
	server.max.startup.time.ms = 600000
	socket.connection.setup.timeout.max.ms = 30000
	socket.connection.setup.timeout.ms = 10000
	socket.listen.backlog.size = 50
	socket.receive.buffer.bytes = 102400
	socket.request.max.bytes = 104857600
	socket.send.buffer.bytes = 102400
	ssl.cipher.suites = []
	ssl.client.auth = none
	ssl.enabled.protocols = [TLSv1.2, TLSv1.3]
	ssl.endpoint.identification.algorithm = https
	ssl.engine.factory.class = null
	ssl.key.password = null
	ssl.keymanager.algorithm = SunX509
	ssl.keystore.certificate.chain = null
	ssl.keystore.key = null
	ssl.keystore.location = null
	ssl.keystore.password = null
	ssl.keystore.type = JKS
	ssl.principal.mapping.rules = DEFAULT
	ssl.protocol = TLSv1.3
	ssl.provider = null
	ssl.secure.random.implementation = null
	ssl.trustmanager.algorithm = PKIX
	ssl.truststore.certificates = null
	ssl.truststore.location = null
	ssl.truststore.password = null
	ssl.truststore.type = JKS
	transaction.abort.timed.out.transaction.cleanup.interval.ms = 10000
	transaction.max.timeout.ms = 900000
	transaction.partition.verification.enable = true
	transaction.remove.expired.transaction.cleanup.interval.ms = 3600000
	transaction.state.log.load.buffer.size = 5242880
	transaction.state.log.min.isr = 2
	transaction.state.log.num.partitions = 50
	transaction.state.log.replication.factor = 3
	transaction.state.log.segment.bytes = 104857600
	transactional.id.expiration.ms = 604800000
	unclean.leader.election.enable = false
	unstable.api.versions.enable = false
	zookeeper.clientCnxnSocket = null
	zookeeper.connect = null
	zookeeper.connection.timeout.ms = null
	zookeeper.max.in.flight.requests = 10
	zookeeper.metadata.migration.enable = false
	zookeeper.metadata.migration.min.batch.size = 200
	zookeeper.session.timeout.ms = 18000
	zookeeper.set.acl = false
	zookeeper.ssl.cipher.suites = null
	zookeeper.ssl.client.enable = false
	zookeeper.ssl.crl.enable = false
	zookeeper.ssl.enabled.protocols = null
	zookeeper.ssl.endpoint.identification.algorithm = HTTPS
	zookeeper.ssl.keystore.location = null
	zookeeper.ssl.keystore.password = null
	zookeeper.ssl.keystore.type = null
	zookeeper.ssl.ocsp.enable = false
	zookeeper.ssl.protocol = TLSv1.2
	zookeeper.ssl.truststore.location = null
	zookeeper.ssl.truststore.password = null
	zookeeper.ssl.truststore.type = null

2026-02-23T19:06:18.824+05:30  INFO 17596 --- [-kit-executor-3] kafka.server.BrokerServer                : [BrokerServer id=0] Waiting for the broker to be unfenced
2026-02-23T19:06:18.826+05:30  INFO 17596 --- [0-event-handler] o.a.k.controller.BrokerHeartbeatManager  : [QuorumController id=0] The request from broker 0 to unfence has been granted because it has caught up with the offset of its register broker record 5.
2026-02-23T19:06:18.830+05:30  INFO 17596 --- [0-event-handler] o.a.k.controller.ClusterControlManager   : [QuorumController id=0] Replayed BrokerRegistrationChangeRecord modifying the registration for broker 0: BrokerRegistrationChangeRecord(brokerId=0, brokerEpoch=5, fenced=-1, inControlledShutdown=0)
2026-02-23T19:06:18.866+05:30  INFO 17596 --- [channel-manager] kafka.server.BrokerLifecycleManager      : [BrokerLifecycleManager id=0] The broker has been unfenced. Transitioning from RECOVERY to RUNNING.
2026-02-23T19:06:18.866+05:30  INFO 17596 --- [-kit-executor-3] kafka.server.BrokerServer                : [BrokerServer id=0] Finished waiting for the broker to be unfenced
2026-02-23T19:06:18.867+05:30  INFO 17596 --- [-kit-executor-3] o.a.k.s.network.EndpointReadyFutures     : authorizerStart completed for endpoint EXTERNAL. Endpoint is now READY.
2026-02-23T19:06:18.867+05:30  INFO 17596 --- [-kit-executor-3] kafka.network.SocketServer               : [SocketServer listenerType=BROKER, nodeId=0] Enabling request processing.
2026-02-23T19:06:18.868+05:30  INFO 17596 --- [-kit-executor-3] kafka.server.BrokerServer                : [BrokerServer id=0] Waiting for all of the authorizer futures to be completed
2026-02-23T19:06:18.868+05:30  INFO 17596 --- [-kit-executor-3] kafka.server.BrokerServer                : [BrokerServer id=0] Finished waiting for all of the authorizer futures to be completed
2026-02-23T19:06:18.868+05:30  INFO 17596 --- [-kit-executor-3] kafka.server.BrokerServer                : [BrokerServer id=0] Waiting for all of the SocketServer Acceptors to be started
2026-02-23T19:06:18.868+05:30  INFO 17596 --- [-kit-executor-3] kafka.server.BrokerServer                : [BrokerServer id=0] Finished waiting for all of the SocketServer Acceptors to be started
2026-02-23T19:06:18.868+05:30  INFO 17596 --- [-kit-executor-3] kafka.server.BrokerServer                : [BrokerServer id=0] Transition from STARTING to STARTED
2026-02-23T19:06:18.879+05:30  INFO 17596 --- [           main] o.a.k.clients.admin.AdminClientConfig    : AdminClientConfig values: 
	auto.include.jmx.reporter = true
	bootstrap.servers = [localhost:61474]
	client.dns.lookup = use_all_dns_ips
	client.id = 
	connections.max.idle.ms = 300000
	default.api.timeout.ms = 60000
	metadata.max.age.ms = 300000
	metric.reporters = []
	metrics.num.samples = 2
	metrics.recording.level = INFO
	metrics.sample.window.ms = 30000
	receive.buffer.bytes = 65536
	reconnect.backoff.max.ms = 1000
	reconnect.backoff.ms = 50
	request.timeout.ms = 30000
	retries = 2147483647
	retry.backoff.ms = 100
	sasl.client.callback.handler.class = null
	sasl.jaas.config = null
	sasl.kerberos.kinit.cmd = /usr/bin/kinit
	sasl.kerberos.min.time.before.relogin = 60000
	sasl.kerberos.service.name = null
	sasl.kerberos.ticket.renew.jitter = 0.05
	sasl.kerberos.ticket.renew.window.factor = 0.8
	sasl.login.callback.handler.class = null
	sasl.login.class = null
	sasl.login.connect.timeout.ms = null
	sasl.login.read.timeout.ms = null
	sasl.login.refresh.buffer.seconds = 300
	sasl.login.refresh.min.period.seconds = 60
	sasl.login.refresh.window.factor = 0.8
	sasl.login.refresh.window.jitter = 0.05
	sasl.login.retry.backoff.max.ms = 10000
	sasl.login.retry.backoff.ms = 100
	sasl.mechanism = GSSAPI
	sasl.oauthbearer.clock.skew.seconds = 30
	sasl.oauthbearer.expected.audience = null
	sasl.oauthbearer.expected.issuer = null
	sasl.oauthbearer.jwks.endpoint.refresh.ms = 3600000
	sasl.oauthbearer.jwks.endpoint.retry.backoff.max.ms = 10000
	sasl.oauthbearer.jwks.endpoint.retry.backoff.ms = 100
	sasl.oauthbearer.jwks.endpoint.url = null
	sasl.oauthbearer.scope.claim.name = scope
	sasl.oauthbearer.sub.claim.name = sub
	sasl.oauthbearer.token.endpoint.url = null
	security.protocol = PLAINTEXT
	security.providers = null
	send.buffer.bytes = 131072
	socket.connection.setup.timeout.max.ms = 30000
	socket.connection.setup.timeout.ms = 10000
	ssl.cipher.suites = null
	ssl.enabled.protocols = [TLSv1.2, TLSv1.3]
	ssl.endpoint.identification.algorithm = https
	ssl.engine.factory.class = null
	ssl.key.password = null
	ssl.keymanager.algorithm = SunX509
	ssl.keystore.certificate.chain = null
	ssl.keystore.key = null
	ssl.keystore.location = null
	ssl.keystore.password = null
	ssl.keystore.type = JKS
	ssl.protocol = TLSv1.3
	ssl.provider = null
	ssl.secure.random.implementation = null
	ssl.trustmanager.algorithm = PKIX
	ssl.truststore.certificates = null
	ssl.truststore.location = null
	ssl.truststore.password = null
	ssl.truststore.type = JKS

2026-02-23T19:06:18.927+05:30  INFO 17596 --- [           main] o.a.kafka.common.utils.AppInfoParser     : Kafka version: 3.6.2
2026-02-23T19:06:18.928+05:30  INFO 17596 --- [           main] o.a.kafka.common.utils.AppInfoParser     : Kafka commitId: c4deed513057c94e
2026-02-23T19:06:18.928+05:30  INFO 17596 --- [           main] o.a.kafka.common.utils.AppInfoParser     : Kafka startTimeMs: 1771853778927
2026-02-23T19:06:18.935+05:30  INFO 17596 --- [| adminclient-1] o.a.kafka.common.utils.AppInfoParser     : App info kafka.admin.client for adminclient-1 unregistered
2026-02-23T19:06:18.936+05:30  INFO 17596 --- [| adminclient-1] o.a.k.c.a.i.AdminMetadataManager         : [AdminClient clientId=adminclient-1] Metadata update failed

org.apache.kafka.common.errors.TimeoutException: Timed out waiting to send the call. Call: fetchMetadata

2026-02-23T19:06:18.940+05:30  INFO 17596 --- [| adminclient-1] o.a.k.clients.admin.KafkaAdminClient     : [AdminClient clientId=adminclient-1] Timed out 1 remaining operation(s) during close.
2026-02-23T19:06:18.945+05:30  INFO 17596 --- [| adminclient-1] o.apache.kafka.common.metrics.Metrics    : Metrics scheduler closed
2026-02-23T19:06:18.946+05:30  INFO 17596 --- [| adminclient-1] o.apache.kafka.common.metrics.Metrics    : Closing reporter org.apache.kafka.common.metrics.JmxReporter
2026-02-23T19:06:18.946+05:30  INFO 17596 --- [| adminclient-1] o.apache.kafka.common.metrics.Metrics    : Metrics reporters closed
2026-02-23T19:06:18.960+05:30  INFO 17596 --- [           main] com.jpmc.midascore.TaskTwoTests          : Starting TaskTwoTests using Java 21.0.3 with PID 17596 (started by varsh in C:\Users\varsh\OneDrive\Desktop\forage-midas)
2026-02-23T19:06:18.961+05:30  INFO 17596 --- [           main] com.jpmc.midascore.TaskTwoTests          : No active profile set, falling back to 1 default profile: "default"
2026-02-23T19:06:20.018+05:30  INFO 17596 --- [           main] .s.d.r.c.RepositoryConfigurationDelegate : Bootstrapping Spring Data JPA repositories in DEFAULT mode.
2026-02-23T19:06:20.123+05:30  INFO 17596 --- [           main] .s.d.r.c.RepositoryConfigurationDelegate : Finished Spring Data repository scanning in 90 ms. Found 1 JPA repository interface.
2026-02-23T19:06:20.919+05:30  INFO 17596 --- [           main] com.zaxxer.hikari.HikariDataSource       : HikariPool-1 - Starting...
2026-02-23T19:06:21.278+05:30  INFO 17596 --- [           main] com.zaxxer.hikari.pool.HikariPool        : HikariPool-1 - Added connection conn0: url=jdbc:h2:mem:c433d5df-dd87-4f53-b7b5-e9a9820dd937 user=SA
2026-02-23T19:06:21.278+05:30  INFO 17596 --- [           main] com.zaxxer.hikari.HikariDataSource       : HikariPool-1 - Start completed.
2026-02-23T19:06:21.366+05:30  INFO 17596 --- [           main] o.hibernate.jpa.internal.util.LogHelper  : HHH000204: Processing PersistenceUnitInfo [name: default]
2026-02-23T19:06:21.478+05:30  INFO 17596 --- [           main] org.hibernate.Version                    : HHH000412: Hibernate ORM core version 6.4.4.Final
2026-02-23T19:06:21.527+05:30  INFO 17596 --- [           main] o.h.c.internal.RegionFactoryInitiator    : HHH000026: Second-level cache disabled
2026-02-23T19:06:21.969+05:30  INFO 17596 --- [           main] o.s.o.j.p.SpringPersistenceUnitInfo      : No LoadTimeWeaver setup: ignoring JPA class transformer
2026-02-23T19:06:23.732+05:30  INFO 17596 --- [           main] o.h.e.t.j.p.i.JtaPlatformInitiator       : HHH000489: No JTA platform available (set 'hibernate.transaction.jta.platform' to enable JTA platform integration)
2026-02-23T19:06:23.801+05:30  INFO 17596 --- [           main] j.LocalContainerEntityManagerFactoryBean : Initialized JPA EntityManagerFactory for persistence unit 'default'
2026-02-23T19:06:24.748+05:30  WARN 17596 --- [           main] JpaBaseConfiguration$JpaWebConfiguration : spring.jpa.open-in-view is enabled by default. Therefore, database queries may be performed during view rendering. Explicitly configure spring.jpa.open-in-view to disable this warning
2026-02-23T19:06:25.470+05:30  INFO 17596 --- [           main] o.a.k.clients.consumer.ConsumerConfig    : ConsumerConfig values: 
	allow.auto.create.topics = true
	auto.commit.interval.ms = 5000
	auto.include.jmx.reporter = true
	auto.offset.reset = latest
	bootstrap.servers = [localhost:61474]
	check.crcs = true
	client.dns.lookup = use_all_dns_ips
	client.id = consumer-midas-core-group-1
	client.rack = 
	connections.max.idle.ms = 540000
	default.api.timeout.ms = 60000
	enable.auto.commit = false
	exclude.internal.topics = true
	fetch.max.bytes = 52428800
	fetch.max.wait.ms = 500
	fetch.min.bytes = 1
	group.id = midas-core-group
	group.instance.id = null
	heartbeat.interval.ms = 3000
	interceptor.classes = []
	internal.leave.group.on.close = true
	internal.throw.on.fetch.stable.offset.unsupported = false
	isolation.level = read_uncommitted
	key.deserializer = class org.apache.kafka.common.serialization.StringDeserializer
	max.partition.fetch.bytes = 1048576
	max.poll.interval.ms = 300000
	max.poll.records = 500
	metadata.max.age.ms = 300000
	metric.reporters = []
	metrics.num.samples = 2
	metrics.recording.level = INFO
	metrics.sample.window.ms = 30000
	partition.assignment.strategy = [class org.apache.kafka.clients.consumer.RangeAssignor, class org.apache.kafka.clients.consumer.CooperativeStickyAssignor]
	receive.buffer.bytes = 65536
	reconnect.backoff.max.ms = 1000
	reconnect.backoff.ms = 50
	request.timeout.ms = 30000
	retry.backoff.ms = 100
	sasl.client.callback.handler.class = null
	sasl.jaas.config = null
	sasl.kerberos.kinit.cmd = /usr/bin/kinit
	sasl.kerberos.min.time.before.relogin = 60000
	sasl.kerberos.service.name = null
	sasl.kerberos.ticket.renew.jitter = 0.05
	sasl.kerberos.ticket.renew.window.factor = 0.8
	sasl.login.callback.handler.class = null
	sasl.login.class = null
	sasl.login.connect.timeout.ms = null
	sasl.login.read.timeout.ms = null
	sasl.login.refresh.buffer.seconds = 300
	sasl.login.refresh.min.period.seconds = 60
	sasl.login.refresh.window.factor = 0.8
	sasl.login.refresh.window.jitter = 0.05
	sasl.login.retry.backoff.max.ms = 10000
	sasl.login.retry.backoff.ms = 100
	sasl.mechanism = GSSAPI
	sasl.oauthbearer.clock.skew.seconds = 30
	sasl.oauthbearer.expected.audience = null
	sasl.oauthbearer.expected.issuer = null
	sasl.oauthbearer.jwks.endpoint.refresh.ms = 3600000
	sasl.oauthbearer.jwks.endpoint.retry.backoff.max.ms = 10000
	sasl.oauthbearer.jwks.endpoint.retry.backoff.ms = 100
	sasl.oauthbearer.jwks.endpoint.url = null
	sasl.oauthbearer.scope.claim.name = scope
	sasl.oauthbearer.sub.claim.name = sub
	sasl.oauthbearer.token.endpoint.url = null
	security.protocol = PLAINTEXT
	security.providers = null
	send.buffer.bytes = 131072
	session.timeout.ms = 45000
	socket.connection.setup.timeout.max.ms = 30000
	socket.connection.setup.timeout.ms = 10000
	ssl.cipher.suites = null
	ssl.enabled.protocols = [TLSv1.2, TLSv1.3]
	ssl.endpoint.identification.algorithm = https
	ssl.engine.factory.class = null
	ssl.key.password = null
	ssl.keymanager.algorithm = SunX509
	ssl.keystore.certificate.chain = null
	ssl.keystore.key = null
	ssl.keystore.location = null
	ssl.keystore.password = null
	ssl.keystore.type = JKS
	ssl.protocol = TLSv1.3
	ssl.provider = null
	ssl.secure.random.implementation = null
	ssl.trustmanager.algorithm = PKIX
	ssl.truststore.certificates = null
	ssl.truststore.location = null
	ssl.truststore.password = null
	ssl.truststore.type = JKS
	value.deserializer = class org.springframework.kafka.support.serializer.JsonDeserializer

2026-02-23T19:06:25.628+05:30  INFO 17596 --- [           main] o.a.kafka.common.utils.AppInfoParser     : Kafka version: 3.6.2
2026-02-23T19:06:25.628+05:30  INFO 17596 --- [           main] o.a.kafka.common.utils.AppInfoParser     : Kafka commitId: c4deed513057c94e
2026-02-23T19:06:25.629+05:30  INFO 17596 --- [           main] o.a.kafka.common.utils.AppInfoParser     : Kafka startTimeMs: 1771853785628
2026-02-23T19:06:25.631+05:30  INFO 17596 --- [           main] fkaConsumerFactory$ExtendedKafkaConsumer : [Consumer clientId=consumer-midas-core-group-1, groupId=midas-core-group] Subscribed to topic(s): trader-updates
2026-02-23T19:06:25.660+05:30  INFO 17596 --- [           main] com.jpmc.midascore.TaskTwoTests          : Started TaskTwoTests in 9.88 seconds (process running for 11.766)
2026-02-23T19:06:25.692+05:30  INFO 17596 --- [quest-handler-4] k.s.DefaultAutoTopicCreationManager      : Sent auto-creation request for Set(trader-updates) to the active controller.
2026-02-23T19:06:25.726+05:30  INFO 17596 --- [quest-handler-1] k.s.DefaultAutoTopicCreationManager      : Sent auto-creation request for Set(__consumer_offsets) to the active controller.
2026-02-23T19:06:25.726+05:30  WARN 17596 --- [ntainer#0-0-C-1] org.apache.kafka.clients.NetworkClient   : [Consumer clientId=consumer-midas-core-group-1, groupId=midas-core-group] Error while fetching metadata with correlation id 2 : {trader-updates=UNKNOWN_TOPIC_OR_PARTITION}
2026-02-23T19:06:25.726+05:30  INFO 17596 --- [ntainer#0-0-C-1] org.apache.kafka.clients.Metadata        : [Consumer clientId=consumer-midas-core-group-1, groupId=midas-core-group] Cluster ID: v2Okm2MKS46Ew1EucXQP9Q
2026-02-23T19:06:25.746+05:30  INFO 17596 --- [0-event-handler] o.a.k.c.ReplicationControlManager        : [QuorumController id=0] CreateTopics result(s): CreatableTopic(name='trader-updates', numPartitions=1, replicationFactor=1, assignments=[], configs=[]): SUCCESS
2026-02-23T19:06:25.747+05:30  INFO 17596 --- [0-event-handler] o.a.k.c.ReplicationControlManager        : [QuorumController id=0] Replayed TopicRecord for topic trader-updates with topic ID qQEVdLbnQ-misxKtuKMUMQ.
2026-02-23T19:06:25.748+05:30  INFO 17596 --- [0-event-handler] o.a.k.c.ReplicationControlManager        : [QuorumController id=0] Replayed PartitionRecord for new partition trader-updates-0 with topic ID qQEVdLbnQ-misxKtuKMUMQ and PartitionRegistration(replicas=[0], isr=[0], removingReplicas=[], addingReplicas=[], leader=0, leaderRecoveryState=RECOVERED, leaderEpoch=0, partitionEpoch=0).
2026-02-23T19:06:25.800+05:30  INFO 17596 --- [r-event-handler] state.change.logger                      : [Broker id=0] Transitioning 1 partition(s) to local leaders.
2026-02-23T19:06:25.804+05:30  INFO 17596 --- [r-event-handler] kafka.server.ReplicaFetcherManager       : [ReplicaFetcherManager on broker 0] Removed fetcher for partitions Set(trader-updates-0)
2026-02-23T19:06:25.807+05:30  INFO 17596 --- [r-event-handler] state.change.logger                      : [Broker id=0] Creating new partition trader-updates-0 with topic id qQEVdLbnQ-misxKtuKMUMQ.
2026-02-23T19:06:25.815+05:30  INFO 17596 --- [0-event-handler] o.a.k.c.ReplicationControlManager        : [QuorumController id=0] CreateTopics result(s): CreatableTopic(name='__consumer_offsets', numPartitions=50, replicationFactor=1, assignments=[], configs=[CreateableTopicConfig(name='compression.type', value='producer'), CreateableTopicConfig(name='cleanup.policy', value='compact'), CreateableTopicConfig(name='segment.bytes', value='104857600')]): SUCCESS
2026-02-23T19:06:25.816+05:30  INFO 17596 --- [0-event-handler] o.a.k.c.ReplicationControlManager        : [QuorumController id=0] Replayed TopicRecord for topic __consumer_offsets with topic ID fz3_Lw-9SNWTT-LpprAO2A.
2026-02-23T19:06:25.816+05:30  INFO 17596 --- [0-event-handler] o.a.k.c.ConfigurationControlManager      : [QuorumController id=0] Replayed ConfigRecord for ConfigResource(type=TOPIC, name='__consumer_offsets') which set configuration compression.type to producer
2026-02-23T19:06:25.816+05:30  INFO 17596 --- [0-event-handler] o.a.k.c.ConfigurationControlManager      : [QuorumController id=0] Replayed ConfigRecord for ConfigResource(type=TOPIC, name='__consumer_offsets') which set configuration cleanup.policy to compact
2026-02-23T19:06:25.816+05:30  INFO 17596 --- [0-event-handler] o.a.k.c.ConfigurationControlManager      : [QuorumController id=0] Replayed ConfigRecord for ConfigResource(type=TOPIC, name='__consumer_offsets') which set configuration segment.bytes to 104857600
2026-02-23T19:06:25.817+05:30  INFO 17596 --- [0-event-handler] o.a.k.c.ReplicationControlManager        : [QuorumController id=0] Replayed PartitionRecord for new partition __consumer_offsets-0 with topic ID fz3_Lw-9SNWTT-LpprAO2A and PartitionRegistration(replicas=[0], isr=[0], removingReplicas=[], addingReplicas=[], leader=0, leaderRecoveryState=RECOVERED, leaderEpoch=0, partitionEpoch=0).
2026-02-23T19:06:25.817+05:30  INFO 17596 --- [0-event-handler] o.a.k.c.ReplicationControlManager        : [QuorumController id=0] Replayed PartitionRecord for new partition __consumer_offsets-1 with topic ID fz3_Lw-9SNWTT-LpprAO2A and PartitionRegistration(replicas=[0], isr=[0], removingReplicas=[], addingReplicas=[], leader=0, leaderRecoveryState=RECOVERED, leaderEpoch=0, partitionEpoch=0).
2026-02-23T19:06:25.817+05:30  INFO 17596 --- [0-event-handler] o.a.k.c.ReplicationControlManager        : [QuorumController id=0] Replayed PartitionRecord for new partition __consumer_offsets-2 with topic ID fz3_Lw-9SNWTT-LpprAO2A and PartitionRegistration(replicas=[0], isr=[0], removingReplicas=[], addingReplicas=[], leader=0, leaderRecoveryState=RECOVERED, leaderEpoch=0, partitionEpoch=0).
2026-02-23T19:06:25.817+05:30  INFO 17596 --- [0-event-handler] o.a.k.c.ReplicationControlManager        : [QuorumController id=0] Replayed PartitionRecord for new partition __consumer_offsets-3 with topic ID fz3_Lw-9SNWTT-LpprAO2A and PartitionRegistration(replicas=[0], isr=[0], removingReplicas=[], addingReplicas=[], leader=0, leaderRecoveryState=RECOVERED, leaderEpoch=0, partitionEpoch=0).
2026-02-23T19:06:25.817+05:30  INFO 17596 --- [0-event-handler] o.a.k.c.ReplicationControlManager        : [QuorumController id=0] Replayed PartitionRecord for new partition __consumer_offsets-4 with topic ID fz3_Lw-9SNWTT-LpprAO2A and PartitionRegistration(replicas=[0], isr=[0], removingReplicas=[], addingReplicas=[], leader=0, leaderRecoveryState=RECOVERED, leaderEpoch=0, partitionEpoch=0).
2026-02-23T19:06:25.818+05:30  INFO 17596 --- [0-event-handler] o.a.k.c.ReplicationControlManager        : [QuorumController id=0] Replayed PartitionRecord for new partition __consumer_offsets-5 with topic ID fz3_Lw-9SNWTT-LpprAO2A and PartitionRegistration(replicas=[0], isr=[0], removingReplicas=[], addingReplicas=[], leader=0, leaderRecoveryState=RECOVERED, leaderEpoch=0, partitionEpoch=0).
2026-02-23T19:06:25.818+05:30  INFO 17596 --- [0-event-handler] o.a.k.c.ReplicationControlManager        : [QuorumController id=0] Replayed PartitionRecord for new partition __consumer_offsets-6 with topic ID fz3_Lw-9SNWTT-LpprAO2A and PartitionRegistration(replicas=[0], isr=[0], removingReplicas=[], addingReplicas=[], leader=0, leaderRecoveryState=RECOVERED, leaderEpoch=0, partitionEpoch=0).
2026-02-23T19:06:25.818+05:30  INFO 17596 --- [0-event-handler] o.a.k.c.ReplicationControlManager        : [QuorumController id=0] Replayed PartitionRecord for new partition __consumer_offsets-7 with topic ID fz3_Lw-9SNWTT-LpprAO2A and PartitionRegistration(replicas=[0], isr=[0], removingReplicas=[], addingReplicas=[], leader=0, leaderRecoveryState=RECOVERED, leaderEpoch=0, partitionEpoch=0).
2026-02-23T19:06:25.818+05:30  INFO 17596 --- [0-event-handler] o.a.k.c.ReplicationControlManager        : [QuorumController id=0] Replayed PartitionRecord for new partition __consumer_offsets-8 with topic ID fz3_Lw-9SNWTT-LpprAO2A and PartitionRegistration(replicas=[0], isr=[0], removingReplicas=[], addingReplicas=[], leader=0, leaderRecoveryState=RECOVERED, leaderEpoch=0, partitionEpoch=0).
2026-02-23T19:06:25.818+05:30  INFO 17596 --- [0-event-handler] o.a.k.c.ReplicationControlManager        : [QuorumController id=0] Replayed PartitionRecord for new partition __consumer_offsets-9 with topic ID fz3_Lw-9SNWTT-LpprAO2A and PartitionRegistration(replicas=[0], isr=[0], removingReplicas=[], addingReplicas=[], leader=0, leaderRecoveryState=RECOVERED, leaderEpoch=0, partitionEpoch=0).
2026-02-23T19:06:25.819+05:30  INFO 17596 --- [0-event-handler] o.a.k.c.ReplicationControlManager        : [QuorumController id=0] Replayed PartitionRecord for new partition __consumer_offsets-10 with topic ID fz3_Lw-9SNWTT-LpprAO2A and PartitionRegistration(replicas=[0], isr=[0], removingReplicas=[], addingReplicas=[], leader=0, leaderRecoveryState=RECOVERED, leaderEpoch=0, partitionEpoch=0).
2026-02-23T19:06:25.819+05:30  INFO 17596 --- [0-event-handler] o.a.k.c.ReplicationControlManager        : [QuorumController id=0] Replayed PartitionRecord for new partition __consumer_offsets-11 with topic ID fz3_Lw-9SNWTT-LpprAO2A and PartitionRegistration(replicas=[0], isr=[0], removingReplicas=[], addingReplicas=[], leader=0, leaderRecoveryState=RECOVERED, leaderEpoch=0, partitionEpoch=0).
2026-02-23T19:06:25.819+05:30  INFO 17596 --- [0-event-handler] o.a.k.c.ReplicationControlManager        : [QuorumController id=0] Replayed PartitionRecord for new partition __consumer_offsets-12 with topic ID fz3_Lw-9SNWTT-LpprAO2A and PartitionRegistration(replicas=[0], isr=[0], removingReplicas=[], addingReplicas=[], leader=0, leaderRecoveryState=RECOVERED, leaderEpoch=0, partitionEpoch=0).
2026-02-23T19:06:25.819+05:30  INFO 17596 --- [0-event-handler] o.a.k.c.ReplicationControlManager        : [QuorumController id=0] Replayed PartitionRecord for new partition __consumer_offsets-13 with topic ID fz3_Lw-9SNWTT-LpprAO2A and PartitionRegistration(replicas=[0], isr=[0], removingReplicas=[], addingReplicas=[], leader=0, leaderRecoveryState=RECOVERED, leaderEpoch=0, partitionEpoch=0).
2026-02-23T19:06:25.819+05:30  INFO 17596 --- [0-event-handler] o.a.k.c.ReplicationControlManager        : [QuorumController id=0] Replayed PartitionRecord for new partition __consumer_offsets-14 with topic ID fz3_Lw-9SNWTT-LpprAO2A and PartitionRegistration(replicas=[0], isr=[0], removingReplicas=[], addingReplicas=[], leader=0, leaderRecoveryState=RECOVERED, leaderEpoch=0, partitionEpoch=0).
2026-02-23T19:06:25.819+05:30  INFO 17596 --- [0-event-handler] o.a.k.c.ReplicationControlManager        : [QuorumController id=0] Replayed PartitionRecord for new partition __consumer_offsets-15 with topic ID fz3_Lw-9SNWTT-LpprAO2A and PartitionRegistration(replicas=[0], isr=[0], removingReplicas=[], addingReplicas=[], leader=0, leaderRecoveryState=RECOVERED, leaderEpoch=0, partitionEpoch=0).
2026-02-23T19:06:25.820+05:30  INFO 17596 --- [0-event-handler] o.a.k.c.ReplicationControlManager        : [QuorumController id=0] Replayed PartitionRecord for new partition __consumer_offsets-16 with topic ID fz3_Lw-9SNWTT-LpprAO2A and PartitionRegistration(replicas=[0], isr=[0], removingReplicas=[], addingReplicas=[], leader=0, leaderRecoveryState=RECOVERED, leaderEpoch=0, partitionEpoch=0).
2026-02-23T19:06:25.820+05:30  INFO 17596 --- [0-event-handler] o.a.k.c.ReplicationControlManager        : [QuorumController id=0] Replayed PartitionRecord for new partition __consumer_offsets-17 with topic ID fz3_Lw-9SNWTT-LpprAO2A and PartitionRegistration(replicas=[0], isr=[0], removingReplicas=[], addingReplicas=[], leader=0, leaderRecoveryState=RECOVERED, leaderEpoch=0, partitionEpoch=0).
2026-02-23T19:06:25.820+05:30  INFO 17596 --- [0-event-handler] o.a.k.c.ReplicationControlManager        : [QuorumController id=0] Replayed PartitionRecord for new partition __consumer_offsets-18 with topic ID fz3_Lw-9SNWTT-LpprAO2A and PartitionRegistration(replicas=[0], isr=[0], removingReplicas=[], addingReplicas=[], leader=0, leaderRecoveryState=RECOVERED, leaderEpoch=0, partitionEpoch=0).
2026-02-23T19:06:25.820+05:30  INFO 17596 --- [0-event-handler] o.a.k.c.ReplicationControlManager        : [QuorumController id=0] Replayed PartitionRecord for new partition __consumer_offsets-19 with topic ID fz3_Lw-9SNWTT-LpprAO2A and PartitionRegistration(replicas=[0], isr=[0], removingReplicas=[], addingReplicas=[], leader=0, leaderRecoveryState=RECOVERED, leaderEpoch=0, partitionEpoch=0).
2026-02-23T19:06:25.820+05:30  INFO 17596 --- [0-event-handler] o.a.k.c.ReplicationControlManager        : [QuorumController id=0] Replayed PartitionRecord for new partition __consumer_offsets-20 with topic ID fz3_Lw-9SNWTT-LpprAO2A and PartitionRegistration(replicas=[0], isr=[0], removingReplicas=[], addingReplicas=[], leader=0, leaderRecoveryState=RECOVERED, leaderEpoch=0, partitionEpoch=0).
2026-02-23T19:06:25.820+05:30  INFO 17596 --- [0-event-handler] o.a.k.c.ReplicationControlManager        : [QuorumController id=0] Replayed PartitionRecord for new partition __consumer_offsets-21 with topic ID fz3_Lw-9SNWTT-LpprAO2A and PartitionRegistration(replicas=[0], isr=[0], removingReplicas=[], addingReplicas=[], leader=0, leaderRecoveryState=RECOVERED, leaderEpoch=0, partitionEpoch=0).
2026-02-23T19:06:25.821+05:30  INFO 17596 --- [0-event-handler] o.a.k.c.ReplicationControlManager        : [QuorumController id=0] Replayed PartitionRecord for new partition __consumer_offsets-22 with topic ID fz3_Lw-9SNWTT-LpprAO2A and PartitionRegistration(replicas=[0], isr=[0], removingReplicas=[], addingReplicas=[], leader=0, leaderRecoveryState=RECOVERED, leaderEpoch=0, partitionEpoch=0).
2026-02-23T19:06:25.821+05:30  INFO 17596 --- [0-event-handler] o.a.k.c.ReplicationControlManager        : [QuorumController id=0] Replayed PartitionRecord for new partition __consumer_offsets-23 with topic ID fz3_Lw-9SNWTT-LpprAO2A and PartitionRegistration(replicas=[0], isr=[0], removingReplicas=[], addingReplicas=[], leader=0, leaderRecoveryState=RECOVERED, leaderEpoch=0, partitionEpoch=0).
2026-02-23T19:06:25.821+05:30  INFO 17596 --- [0-event-handler] o.a.k.c.ReplicationControlManager        : [QuorumController id=0] Replayed PartitionRecord for new partition __consumer_offsets-24 with topic ID fz3_Lw-9SNWTT-LpprAO2A and PartitionRegistration(replicas=[0], isr=[0], removingReplicas=[], addingReplicas=[], leader=0, leaderRecoveryState=RECOVERED, leaderEpoch=0, partitionEpoch=0).
2026-02-23T19:06:25.821+05:30  INFO 17596 --- [0-event-handler] o.a.k.c.ReplicationControlManager        : [QuorumController id=0] Replayed PartitionRecord for new partition __consumer_offsets-25 with topic ID fz3_Lw-9SNWTT-LpprAO2A and PartitionRegistration(replicas=[0], isr=[0], removingReplicas=[], addingReplicas=[], leader=0, leaderRecoveryState=RECOVERED, leaderEpoch=0, partitionEpoch=0).
2026-02-23T19:06:25.822+05:30  INFO 17596 --- [0-event-handler] o.a.k.c.ReplicationControlManager        : [QuorumController id=0] Replayed PartitionRecord for new partition __consumer_offsets-26 with topic ID fz3_Lw-9SNWTT-LpprAO2A and PartitionRegistration(replicas=[0], isr=[0], removingReplicas=[], addingReplicas=[], leader=0, leaderRecoveryState=RECOVERED, leaderEpoch=0, partitionEpoch=0).
2026-02-23T19:06:25.822+05:30  INFO 17596 --- [0-event-handler] o.a.k.c.ReplicationControlManager        : [QuorumController id=0] Replayed PartitionRecord for new partition __consumer_offsets-27 with topic ID fz3_Lw-9SNWTT-LpprAO2A and PartitionRegistration(replicas=[0], isr=[0], removingReplicas=[], addingReplicas=[], leader=0, leaderRecoveryState=RECOVERED, leaderEpoch=0, partitionEpoch=0).
2026-02-23T19:06:25.822+05:30  INFO 17596 --- [0-event-handler] o.a.k.c.ReplicationControlManager        : [QuorumController id=0] Replayed PartitionRecord for new partition __consumer_offsets-28 with topic ID fz3_Lw-9SNWTT-LpprAO2A and PartitionRegistration(replicas=[0], isr=[0], removingReplicas=[], addingReplicas=[], leader=0, leaderRecoveryState=RECOVERED, leaderEpoch=0, partitionEpoch=0).
2026-02-23T19:06:25.822+05:30  INFO 17596 --- [0-event-handler] o.a.k.c.ReplicationControlManager        : [QuorumController id=0] Replayed PartitionRecord for new partition __consumer_offsets-29 with topic ID fz3_Lw-9SNWTT-LpprAO2A and PartitionRegistration(replicas=[0], isr=[0], removingReplicas=[], addingReplicas=[], leader=0, leaderRecoveryState=RECOVERED, leaderEpoch=0, partitionEpoch=0).
2026-02-23T19:06:25.822+05:30  INFO 17596 --- [0-event-handler] o.a.k.c.ReplicationControlManager        : [QuorumController id=0] Replayed PartitionRecord for new partition __consumer_offsets-30 with topic ID fz3_Lw-9SNWTT-LpprAO2A and PartitionRegistration(replicas=[0], isr=[0], removingReplicas=[], addingReplicas=[], leader=0, leaderRecoveryState=RECOVERED, leaderEpoch=0, partitionEpoch=0).
2026-02-23T19:06:25.822+05:30  INFO 17596 --- [0-event-handler] o.a.k.c.ReplicationControlManager        : [QuorumController id=0] Replayed PartitionRecord for new partition __consumer_offsets-31 with topic ID fz3_Lw-9SNWTT-LpprAO2A and PartitionRegistration(replicas=[0], isr=[0], removingReplicas=[], addingReplicas=[], leader=0, leaderRecoveryState=RECOVERED, leaderEpoch=0, partitionEpoch=0).
2026-02-23T19:06:25.823+05:30  INFO 17596 --- [0-event-handler] o.a.k.c.ReplicationControlManager        : [QuorumController id=0] Replayed PartitionRecord for new partition __consumer_offsets-32 with topic ID fz3_Lw-9SNWTT-LpprAO2A and PartitionRegistration(replicas=[0], isr=[0], removingReplicas=[], addingReplicas=[], leader=0, leaderRecoveryState=RECOVERED, leaderEpoch=0, partitionEpoch=0).
2026-02-23T19:06:25.823+05:30  INFO 17596 --- [0-event-handler] o.a.k.c.ReplicationControlManager        : [QuorumController id=0] Replayed PartitionRecord for new partition __consumer_offsets-33 with topic ID fz3_Lw-9SNWTT-LpprAO2A and PartitionRegistration(replicas=[0], isr=[0], removingReplicas=[], addingReplicas=[], leader=0, leaderRecoveryState=RECOVERED, leaderEpoch=0, partitionEpoch=0).
2026-02-23T19:06:25.823+05:30  INFO 17596 --- [0-event-handler] o.a.k.c.ReplicationControlManager        : [QuorumController id=0] Replayed PartitionRecord for new partition __consumer_offsets-34 with topic ID fz3_Lw-9SNWTT-LpprAO2A and PartitionRegistration(replicas=[0], isr=[0], removingReplicas=[], addingReplicas=[], leader=0, leaderRecoveryState=RECOVERED, leaderEpoch=0, partitionEpoch=0).
2026-02-23T19:06:25.823+05:30  INFO 17596 --- [0-event-handler] o.a.k.c.ReplicationControlManager        : [QuorumController id=0] Replayed PartitionRecord for new partition __consumer_offsets-35 with topic ID fz3_Lw-9SNWTT-LpprAO2A and PartitionRegistration(replicas=[0], isr=[0], removingReplicas=[], addingReplicas=[], leader=0, leaderRecoveryState=RECOVERED, leaderEpoch=0, partitionEpoch=0).
2026-02-23T19:06:25.823+05:30  INFO 17596 --- [0-event-handler] o.a.k.c.ReplicationControlManager        : [QuorumController id=0] Replayed PartitionRecord for new partition __consumer_offsets-36 with topic ID fz3_Lw-9SNWTT-LpprAO2A and PartitionRegistration(replicas=[0], isr=[0], removingReplicas=[], addingReplicas=[], leader=0, leaderRecoveryState=RECOVERED, leaderEpoch=0, partitionEpoch=0).
2026-02-23T19:06:25.823+05:30  INFO 17596 --- [0-event-handler] o.a.k.c.ReplicationControlManager        : [QuorumController id=0] Replayed PartitionRecord for new partition __consumer_offsets-37 with topic ID fz3_Lw-9SNWTT-LpprAO2A and PartitionRegistration(replicas=[0], isr=[0], removingReplicas=[], addingReplicas=[], leader=0, leaderRecoveryState=RECOVERED, leaderEpoch=0, partitionEpoch=0).
2026-02-23T19:06:25.824+05:30  INFO 17596 --- [0-event-handler] o.a.k.c.ReplicationControlManager        : [QuorumController id=0] Replayed PartitionRecord for new partition __consumer_offsets-38 with topic ID fz3_Lw-9SNWTT-LpprAO2A and PartitionRegistration(replicas=[0], isr=[0], removingReplicas=[], addingReplicas=[], leader=0, leaderRecoveryState=RECOVERED, leaderEpoch=0, partitionEpoch=0).
2026-02-23T19:06:25.824+05:30  INFO 17596 --- [0-event-handler] o.a.k.c.ReplicationControlManager        : [QuorumController id=0] Replayed PartitionRecord for new partition __consumer_offsets-39 with topic ID fz3_Lw-9SNWTT-LpprAO2A and PartitionRegistration(replicas=[0], isr=[0], removingReplicas=[], addingReplicas=[], leader=0, leaderRecoveryState=RECOVERED, leaderEpoch=0, partitionEpoch=0).
2026-02-23T19:06:25.824+05:30  INFO 17596 --- [0-event-handler] o.a.k.c.ReplicationControlManager        : [QuorumController id=0] Replayed PartitionRecord for new partition __consumer_offsets-40 with topic ID fz3_Lw-9SNWTT-LpprAO2A and PartitionRegistration(replicas=[0], isr=[0], removingReplicas=[], addingReplicas=[], leader=0, leaderRecoveryState=RECOVERED, leaderEpoch=0, partitionEpoch=0).
2026-02-23T19:06:25.824+05:30  INFO 17596 --- [0-event-handler] o.a.k.c.ReplicationControlManager        : [QuorumController id=0] Replayed PartitionRecord for new partition __consumer_offsets-41 with topic ID fz3_Lw-9SNWTT-LpprAO2A and PartitionRegistration(replicas=[0], isr=[0], removingReplicas=[], addingReplicas=[], leader=0, leaderRecoveryState=RECOVERED, leaderEpoch=0, partitionEpoch=0).
2026-02-23T19:06:25.825+05:30  INFO 17596 --- [0-event-handler] o.a.k.c.ReplicationControlManager        : [QuorumController id=0] Replayed PartitionRecord for new partition __consumer_offsets-42 with topic ID fz3_Lw-9SNWTT-LpprAO2A and PartitionRegistration(replicas=[0], isr=[0], removingReplicas=[], addingReplicas=[], leader=0, leaderRecoveryState=RECOVERED, leaderEpoch=0, partitionEpoch=0).
2026-02-23T19:06:25.825+05:30  INFO 17596 --- [0-event-handler] o.a.k.c.ReplicationControlManager        : [QuorumController id=0] Replayed PartitionRecord for new partition __consumer_offsets-43 with topic ID fz3_Lw-9SNWTT-LpprAO2A and PartitionRegistration(replicas=[0], isr=[0], removingReplicas=[], addingReplicas=[], leader=0, leaderRecoveryState=RECOVERED, leaderEpoch=0, partitionEpoch=0).
2026-02-23T19:06:25.825+05:30  INFO 17596 --- [0-event-handler] o.a.k.c.ReplicationControlManager        : [QuorumController id=0] Replayed PartitionRecord for new partition __consumer_offsets-44 with topic ID fz3_Lw-9SNWTT-LpprAO2A and PartitionRegistration(replicas=[0], isr=[0], removingReplicas=[], addingReplicas=[], leader=0, leaderRecoveryState=RECOVERED, leaderEpoch=0, partitionEpoch=0).
2026-02-23T19:06:25.825+05:30  INFO 17596 --- [0-event-handler] o.a.k.c.ReplicationControlManager        : [QuorumController id=0] Replayed PartitionRecord for new partition __consumer_offsets-45 with topic ID fz3_Lw-9SNWTT-LpprAO2A and PartitionRegistration(replicas=[0], isr=[0], removingReplicas=[], addingReplicas=[], leader=0, leaderRecoveryState=RECOVERED, leaderEpoch=0, partitionEpoch=0).
2026-02-23T19:06:25.825+05:30  INFO 17596 --- [0-event-handler] o.a.k.c.ReplicationControlManager        : [QuorumController id=0] Replayed PartitionRecord for new partition __consumer_offsets-46 with topic ID fz3_Lw-9SNWTT-LpprAO2A and PartitionRegistration(replicas=[0], isr=[0], removingReplicas=[], addingReplicas=[], leader=0, leaderRecoveryState=RECOVERED, leaderEpoch=0, partitionEpoch=0).
2026-02-23T19:06:25.826+05:30  INFO 17596 --- [0-event-handler] o.a.k.c.ReplicationControlManager        : [QuorumController id=0] Replayed PartitionRecord for new partition __consumer_offsets-47 with topic ID fz3_Lw-9SNWTT-LpprAO2A and PartitionRegistration(replicas=[0], isr=[0], removingReplicas=[], addingReplicas=[], leader=0, leaderRecoveryState=RECOVERED, leaderEpoch=0, partitionEpoch=0).
2026-02-23T19:06:25.826+05:30  INFO 17596 --- [0-event-handler] o.a.k.c.ReplicationControlManager        : [QuorumController id=0] Replayed PartitionRecord for new partition __consumer_offsets-48 with topic ID fz3_Lw-9SNWTT-LpprAO2A and PartitionRegistration(replicas=[0], isr=[0], removingReplicas=[], addingReplicas=[], leader=0, leaderRecoveryState=RECOVERED, leaderEpoch=0, partitionEpoch=0).
2026-02-23T19:06:25.826+05:30  INFO 17596 --- [0-event-handler] o.a.k.c.ReplicationControlManager        : [QuorumController id=0] Replayed PartitionRecord for new partition __consumer_offsets-49 with topic ID fz3_Lw-9SNWTT-LpprAO2A and PartitionRegistration(replicas=[0], isr=[0], removingReplicas=[], addingReplicas=[], leader=0, leaderRecoveryState=RECOVERED, leaderEpoch=0, partitionEpoch=0).
2026-02-23T19:06:25.860+05:30  INFO 17596 --- [r-event-handler] kafka.log.UnifiedLog$                    : [LogLoader partition=trader-updates-0, dir=C:\Users\varsh\AppData\Local\Temp\kafka-14083302370958023596\broker_0_data0] Loading producer state till offset 0 with message format version 2
2026-02-23T19:06:25.863+05:30  INFO 17596 --- [r-event-handler] kafka.log.LogManager                     : Created log for partition trader-updates-0 in C:\Users\varsh\AppData\Local\Temp\kafka-14083302370958023596\broker_0_data0\trader-updates-0 with properties {}
2026-02-23T19:06:25.867+05:30  INFO 17596 --- [r-event-handler] kafka.cluster.Partition                  : [Partition trader-updates-0 broker=0] No checkpointed highwatermark is found for partition trader-updates-0
2026-02-23T19:06:25.869+05:30  INFO 17596 --- [r-event-handler] kafka.cluster.Partition                  : [Partition trader-updates-0 broker=0] Log loaded for partition trader-updates-0 with initial high watermark 0
2026-02-23T19:06:25.874+05:30  INFO 17596 --- [r-event-handler] state.change.logger                      : [Broker id=0] Leader trader-updates-0 with topic id Some(qQEVdLbnQ-misxKtuKMUMQ) starts at leader epoch 0 from offset 0 with partition epoch 0, high watermark 0, ISR [0], adding replicas [] and removing replicas [] . Previous leader None and previous leader epoch was -1.
2026-02-23T19:06:25.886+05:30  INFO 17596 --- [r-event-handler] state.change.logger                      : [Broker id=0] Transitioning 50 partition(s) to local leaders.
2026-02-23T19:06:25.886+05:30  INFO 17596 --- [r-event-handler] kafka.server.ReplicaFetcherManager       : [ReplicaFetcherManager on broker 0] Removed fetcher for partitions Set(__consumer_offsets-13, __consumer_offsets-46, __consumer_offsets-9, __consumer_offsets-42, __consumer_offsets-21, __consumer_offsets-17, __consumer_offsets-30, __consumer_offsets-26, __consumer_offsets-5, __consumer_offsets-38, __consumer_offsets-1, __consumer_offsets-34, __consumer_offsets-16, __consumer_offsets-45, __consumer_offsets-12, __consumer_offsets-41, __consumer_offsets-24, __consumer_offsets-20, __consumer_offsets-49, __consumer_offsets-0, __consumer_offsets-29, __consumer_offsets-25, __consumer_offsets-8, __consumer_offsets-37, __consumer_offsets-4, __consumer_offsets-33, __consumer_offsets-15, __consumer_offsets-48, __consumer_offsets-11, __consumer_offsets-44, __consumer_offsets-23, __consumer_offsets-19, __consumer_offsets-32, __consumer_offsets-28, __consumer_offsets-7, __consumer_offsets-40, __consumer_offsets-3, __consumer_offsets-36, __consumer_offsets-47, __consumer_offsets-14, __consumer_offsets-43, __consumer_offsets-10, __consumer_offsets-22, __consumer_offsets-18, __consumer_offsets-31, __consumer_offsets-27, __consumer_offsets-39, __consumer_offsets-6, __consumer_offsets-35, __consumer_offsets-2)
2026-02-23T19:06:25.886+05:30  INFO 17596 --- [r-event-handler] state.change.logger                      : [Broker id=0] Creating new partition __consumer_offsets-13 with topic id fz3_Lw-9SNWTT-LpprAO2A.
2026-02-23T19:06:25.900+05:30  INFO 17596 --- [r-event-handler] kafka.log.UnifiedLog$                    : [LogLoader partition=__consumer_offsets-13, dir=C:\Users\varsh\AppData\Local\Temp\kafka-14083302370958023596\broker_0_data0] Loading producer state till offset 0 with message format version 2
2026-02-23T19:06:25.902+05:30  INFO 17596 --- [r-event-handler] kafka.log.LogManager                     : Created log for partition __consumer_offsets-13 in C:\Users\varsh\AppData\Local\Temp\kafka-14083302370958023596\broker_0_data0\__consumer_offsets-13 with properties {cleanup.policy=compact, compression.type="producer", segment.bytes=104857600}
2026-02-23T19:06:25.902+05:30  INFO 17596 --- [r-event-handler] kafka.cluster.Partition                  : [Partition __consumer_offsets-13 broker=0] No checkpointed highwatermark is found for partition __consumer_offsets-13
2026-02-23T19:06:25.903+05:30  INFO 17596 --- [r-event-handler] kafka.cluster.Partition                  : [Partition __consumer_offsets-13 broker=0] Log loaded for partition __consumer_offsets-13 with initial high watermark 0
2026-02-23T19:06:25.903+05:30  INFO 17596 --- [r-event-handler] state.change.logger                      : [Broker id=0] Leader __consumer_offsets-13 with topic id Some(fz3_Lw-9SNWTT-LpprAO2A) starts at leader epoch 0 from offset 0 with partition epoch 0, high watermark 0, ISR [0], adding replicas [] and removing replicas [] . Previous leader None and previous leader epoch was -1.
2026-02-23T19:06:25.907+05:30  INFO 17596 --- [r-event-handler] state.change.logger                      : [Broker id=0] Creating new partition __consumer_offsets-46 with topic id fz3_Lw-9SNWTT-LpprAO2A.
2026-02-23T19:06:25.921+05:30  INFO 17596 --- [r-event-handler] kafka.log.UnifiedLog$                    : [LogLoader partition=__consumer_offsets-46, dir=C:\Users\varsh\AppData\Local\Temp\kafka-14083302370958023596\broker_0_data0] Loading producer state till offset 0 with message format version 2
2026-02-23T19:06:25.922+05:30  INFO 17596 --- [r-event-handler] kafka.log.LogManager                     : Created log for partition __consumer_offsets-46 in C:\Users\varsh\AppData\Local\Temp\kafka-14083302370958023596\broker_0_data0\__consumer_offsets-46 with properties {cleanup.policy=compact, compression.type="producer", segment.bytes=104857600}
2026-02-23T19:06:25.922+05:30  INFO 17596 --- [r-event-handler] kafka.cluster.Partition                  : [Partition __consumer_offsets-46 broker=0] No checkpointed highwatermark is found for partition __consumer_offsets-46
2026-02-23T19:06:25.922+05:30  INFO 17596 --- [r-event-handler] kafka.cluster.Partition                  : [Partition __consumer_offsets-46 broker=0] Log loaded for partition __consumer_offsets-46 with initial high watermark 0
2026-02-23T19:06:25.922+05:30  INFO 17596 --- [r-event-handler] state.change.logger                      : [Broker id=0] Leader __consumer_offsets-46 with topic id Some(fz3_Lw-9SNWTT-LpprAO2A) starts at leader epoch 0 from offset 0 with partition epoch 0, high watermark 0, ISR [0], adding replicas [] and removing replicas [] . Previous leader None and previous leader epoch was -1.
2026-02-23T19:06:25.927+05:30  INFO 17596 --- [r-event-handler] state.change.logger                      : [Broker id=0] Creating new partition __consumer_offsets-9 with topic id fz3_Lw-9SNWTT-LpprAO2A.
2026-02-23T19:06:25.931+05:30  INFO 17596 --- [r-event-handler] kafka.log.UnifiedLog$                    : [LogLoader partition=__consumer_offsets-9, dir=C:\Users\varsh\AppData\Local\Temp\kafka-14083302370958023596\broker_0_data0] Loading producer state till offset 0 with message format version 2
2026-02-23T19:06:25.931+05:30  INFO 17596 --- [r-event-handler] kafka.log.LogManager                     : Created log for partition __consumer_offsets-9 in C:\Users\varsh\AppData\Local\Temp\kafka-14083302370958023596\broker_0_data0\__consumer_offsets-9 with properties {cleanup.policy=compact, compression.type="producer", segment.bytes=104857600}
2026-02-23T19:06:25.931+05:30  INFO 17596 --- [r-event-handler] kafka.cluster.Partition                  : [Partition __consumer_offsets-9 broker=0] No checkpointed highwatermark is found for partition __consumer_offsets-9
2026-02-23T19:06:25.931+05:30  INFO 17596 --- [r-event-handler] kafka.cluster.Partition                  : [Partition __consumer_offsets-9 broker=0] Log loaded for partition __consumer_offsets-9 with initial high watermark 0
2026-02-23T19:06:25.931+05:30  INFO 17596 --- [r-event-handler] state.change.logger                      : [Broker id=0] Leader __consumer_offsets-9 with topic id Some(fz3_Lw-9SNWTT-LpprAO2A) starts at leader epoch 0 from offset 0 with partition epoch 0, high watermark 0, ISR [0], adding replicas [] and removing replicas [] . Previous leader None and previous leader epoch was -1.
2026-02-23T19:06:25.948+05:30  INFO 17596 --- [r-event-handler] state.change.logger                      : [Broker id=0] Creating new partition __consumer_offsets-42 with topic id fz3_Lw-9SNWTT-LpprAO2A.
2026-02-23T19:06:25.951+05:30  INFO 17596 --- [ntainer#0-0-C-1] o.a.k.c.c.internals.ConsumerCoordinator  : [Consumer clientId=consumer-midas-core-group-1, groupId=midas-core-group] Discovered group coordinator localhost:61474 (id: 2147483647 rack: null)
2026-02-23T19:06:25.955+05:30  INFO 17596 --- [ntainer#0-0-C-1] o.a.k.c.c.internals.ConsumerCoordinator  : [Consumer clientId=consumer-midas-core-group-1, groupId=midas-core-group] (Re-)joining group
2026-02-23T19:06:25.962+05:30  INFO 17596 --- [r-event-handler] kafka.log.UnifiedLog$                    : [LogLoader partition=__consumer_offsets-42, dir=C:\Users\varsh\AppData\Local\Temp\kafka-14083302370958023596\broker_0_data0] Loading producer state till offset 0 with message format version 2
2026-02-23T19:06:25.963+05:30  INFO 17596 --- [r-event-handler] kafka.log.LogManager                     : Created log for partition __consumer_offsets-42 in C:\Users\varsh\AppData\Local\Temp\kafka-14083302370958023596\broker_0_data0\__consumer_offsets-42 with properties {cleanup.policy=compact, compression.type="producer", segment.bytes=104857600}
2026-02-23T19:06:25.963+05:30  INFO 17596 --- [r-event-handler] kafka.cluster.Partition                  : [Partition __consumer_offsets-42 broker=0] No checkpointed highwatermark is found for partition __consumer_offsets-42
2026-02-23T19:06:25.963+05:30  INFO 17596 --- [r-event-handler] kafka.cluster.Partition                  : [Partition __consumer_offsets-42 broker=0] Log loaded for partition __consumer_offsets-42 with initial high watermark 0
2026-02-23T19:06:25.964+05:30  INFO 17596 --- [r-event-handler] state.change.logger                      : [Broker id=0] Leader __consumer_offsets-42 with topic id Some(fz3_Lw-9SNWTT-LpprAO2A) starts at leader epoch 0 from offset 0 with partition epoch 0, high watermark 0, ISR [0], adding replicas [] and removing replicas [] . Previous leader None and previous leader epoch was -1.
2026-02-23T19:06:25.968+05:30  INFO 17596 --- [r-event-handler] state.change.logger                      : [Broker id=0] Creating new partition __consumer_offsets-21 with topic id fz3_Lw-9SNWTT-LpprAO2A.
2026-02-23T19:06:25.976+05:30  INFO 17596 --- [r-event-handler] kafka.log.UnifiedLog$                    : [LogLoader partition=__consumer_offsets-21, dir=C:\Users\varsh\AppData\Local\Temp\kafka-14083302370958023596\broker_0_data0] Loading producer state till offset 0 with message format version 2
2026-02-23T19:06:25.976+05:30  INFO 17596 --- [r-event-handler] kafka.log.LogManager                     : Created log for partition __consumer_offsets-21 in C:\Users\varsh\AppData\Local\Temp\kafka-14083302370958023596\broker_0_data0\__consumer_offsets-21 with properties {cleanup.policy=compact, compression.type="producer", segment.bytes=104857600}
2026-02-23T19:06:25.976+05:30  INFO 17596 --- [r-event-handler] kafka.cluster.Partition                  : [Partition __consumer_offsets-21 broker=0] No checkpointed highwatermark is found for partition __consumer_offsets-21
2026-02-23T19:06:25.976+05:30  INFO 17596 --- [r-event-handler] kafka.cluster.Partition                  : [Partition __consumer_offsets-21 broker=0] Log loaded for partition __consumer_offsets-21 with initial high watermark 0
2026-02-23T19:06:25.976+05:30  INFO 17596 --- [r-event-handler] state.change.logger                      : [Broker id=0] Leader __consumer_offsets-21 with topic id Some(fz3_Lw-9SNWTT-LpprAO2A) starts at leader epoch 0 from offset 0 with partition epoch 0, high watermark 0, ISR [0], adding replicas [] and removing replicas [] . Previous leader None and previous leader epoch was -1.
2026-02-23T19:06:25.986+05:30  INFO 17596 --- [r-event-handler] state.change.logger                      : [Broker id=0] Creating new partition __consumer_offsets-17 with topic id fz3_Lw-9SNWTT-LpprAO2A.
2026-02-23T19:06:25.991+05:30  INFO 17596 --- [ntainer#0-0-C-1] o.a.k.c.c.internals.ConsumerCoordinator  : [Consumer clientId=consumer-midas-core-group-1, groupId=midas-core-group] Group coordinator localhost:61474 (id: 2147483647 rack: null) is unavailable or invalid due to cause: error response NOT_COORDINATOR. isDisconnected: false. Rediscovery will be attempted.
2026-02-23T19:06:25.991+05:30  INFO 17596 --- [ntainer#0-0-C-1] o.a.k.c.c.internals.ConsumerCoordinator  : [Consumer clientId=consumer-midas-core-group-1, groupId=midas-core-group] Requesting disconnect from last known coordinator localhost:61474 (id: 2147483647 rack: null)
2026-02-23T19:06:25.991+05:30  INFO 17596 --- [ntainer#0-0-C-1] o.a.k.c.c.internals.ConsumerCoordinator  : [Consumer clientId=consumer-midas-core-group-1, groupId=midas-core-group] JoinGroup failed: This is not the correct coordinator. Marking coordinator unknown. Sent generation was Generation{generationId=-1, memberId='', protocol='null'}
2026-02-23T19:06:25.993+05:30  INFO 17596 --- [ntainer#0-0-C-1] org.apache.kafka.clients.NetworkClient   : [Consumer clientId=consumer-midas-core-group-1, groupId=midas-core-group] Client requested disconnect from node 2147483647
2026-02-23T19:06:25.997+05:30  INFO 17596 --- [ntainer#0-0-C-1] o.a.k.c.c.internals.ConsumerCoordinator  : [Consumer clientId=consumer-midas-core-group-1, groupId=midas-core-group] Discovered group coordinator localhost:61474 (id: 2147483647 rack: null)
2026-02-23T19:06:25.998+05:30  INFO 17596 --- [ntainer#0-0-C-1] o.a.k.c.c.internals.ConsumerCoordinator  : [Consumer clientId=consumer-midas-core-group-1, groupId=midas-core-group] Group coordinator localhost:61474 (id: 2147483647 rack: null) is unavailable or invalid due to cause: coordinator unavailable. isDisconnected: false. Rediscovery will be attempted.
2026-02-23T19:06:25.998+05:30  INFO 17596 --- [ntainer#0-0-C-1] o.a.k.c.c.internals.ConsumerCoordinator  : [Consumer clientId=consumer-midas-core-group-1, groupId=midas-core-group] Requesting disconnect from last known coordinator localhost:61474 (id: 2147483647 rack: null)
2026-02-23T19:06:25.998+05:30  INFO 17596 --- [r-event-handler] kafka.log.UnifiedLog$                    : [LogLoader partition=__consumer_offsets-17, dir=C:\Users\varsh\AppData\Local\Temp\kafka-14083302370958023596\broker_0_data0] Loading producer state till offset 0 with message format version 2
2026-02-23T19:06:25.999+05:30  INFO 17596 --- [r-event-handler] kafka.log.LogManager                     : Created log for partition __consumer_offsets-17 in C:\Users\varsh\AppData\Local\Temp\kafka-14083302370958023596\broker_0_data0\__consumer_offsets-17 with properties {cleanup.policy=compact, compression.type="producer", segment.bytes=104857600}
2026-02-23T19:06:25.999+05:30  INFO 17596 --- [r-event-handler] kafka.cluster.Partition                  : [Partition __consumer_offsets-17 broker=0] No checkpointed highwatermark is found for partition __consumer_offsets-17
2026-02-23T19:06:26.000+05:30  INFO 17596 --- [r-event-handler] kafka.cluster.Partition                  : [Partition __consumer_offsets-17 broker=0] Log loaded for partition __consumer_offsets-17 with initial high watermark 0
2026-02-23T19:06:26.000+05:30  INFO 17596 --- [r-event-handler] state.change.logger                      : [Broker id=0] Leader __consumer_offsets-17 with topic id Some(fz3_Lw-9SNWTT-LpprAO2A) starts at leader epoch 0 from offset 0 with partition epoch 0, high watermark 0, ISR [0], adding replicas [] and removing replicas [] . Previous leader None and previous leader epoch was -1.
2026-02-23T19:06:26.005+05:30  INFO 17596 --- [r-event-handler] state.change.logger                      : [Broker id=0] Creating new partition __consumer_offsets-30 with topic id fz3_Lw-9SNWTT-LpprAO2A.
2026-02-23T19:06:26.017+05:30  INFO 17596 --- [r-event-handler] kafka.log.UnifiedLog$                    : [LogLoader partition=__consumer_offsets-30, dir=C:\Users\varsh\AppData\Local\Temp\kafka-14083302370958023596\broker_0_data0] Loading producer state till offset 0 with message format version 2
2026-02-23T19:06:26.018+05:30  INFO 17596 --- [r-event-handler] kafka.log.LogManager                     : Created log for partition __consumer_offsets-30 in C:\Users\varsh\AppData\Local\Temp\kafka-14083302370958023596\broker_0_data0\__consumer_offsets-30 with properties {cleanup.policy=compact, compression.type="producer", segment.bytes=104857600}
2026-02-23T19:06:26.019+05:30  INFO 17596 --- [r-event-handler] kafka.cluster.Partition                  : [Partition __consumer_offsets-30 broker=0] No checkpointed highwatermark is found for partition __consumer_offsets-30
2026-02-23T19:06:26.019+05:30  INFO 17596 --- [r-event-handler] kafka.cluster.Partition                  : [Partition __consumer_offsets-30 broker=0] Log loaded for partition __consumer_offsets-30 with initial high watermark 0
2026-02-23T19:06:26.019+05:30  INFO 17596 --- [r-event-handler] state.change.logger                      : [Broker id=0] Leader __consumer_offsets-30 with topic id Some(fz3_Lw-9SNWTT-LpprAO2A) starts at leader epoch 0 from offset 0 with partition epoch 0, high watermark 0, ISR [0], adding replicas [] and removing replicas [] . Previous leader None and previous leader epoch was -1.
2026-02-23T19:06:26.024+05:30  INFO 17596 --- [r-event-handler] state.change.logger                      : [Broker id=0] Creating new partition __consumer_offsets-26 with topic id fz3_Lw-9SNWTT-LpprAO2A.
2026-02-23T19:06:26.040+05:30  INFO 17596 --- [r-event-handler] kafka.log.UnifiedLog$                    : [LogLoader partition=__consumer_offsets-26, dir=C:\Users\varsh\AppData\Local\Temp\kafka-14083302370958023596\broker_0_data0] Loading producer state till offset 0 with message format version 2
2026-02-23T19:06:26.040+05:30  INFO 17596 --- [r-event-handler] kafka.log.LogManager                     : Created log for partition __consumer_offsets-26 in C:\Users\varsh\AppData\Local\Temp\kafka-14083302370958023596\broker_0_data0\__consumer_offsets-26 with properties {cleanup.policy=compact, compression.type="producer", segment.bytes=104857600}
2026-02-23T19:06:26.040+05:30  INFO 17596 --- [r-event-handler] kafka.cluster.Partition                  : [Partition __consumer_offsets-26 broker=0] No checkpointed highwatermark is found for partition __consumer_offsets-26
2026-02-23T19:06:26.040+05:30  INFO 17596 --- [r-event-handler] kafka.cluster.Partition                  : [Partition __consumer_offsets-26 broker=0] Log loaded for partition __consumer_offsets-26 with initial high watermark 0
2026-02-23T19:06:26.040+05:30  INFO 17596 --- [r-event-handler] state.change.logger                      : [Broker id=0] Leader __consumer_offsets-26 with topic id Some(fz3_Lw-9SNWTT-LpprAO2A) starts at leader epoch 0 from offset 0 with partition epoch 0, high watermark 0, ISR [0], adding replicas [] and removing replicas [] . Previous leader None and previous leader epoch was -1.
2026-02-23T19:06:26.046+05:30  INFO 17596 --- [r-event-handler] state.change.logger                      : [Broker id=0] Creating new partition __consumer_offsets-5 with topic id fz3_Lw-9SNWTT-LpprAO2A.
2026-02-23T19:06:26.058+05:30  INFO 17596 --- [r-event-handler] kafka.log.UnifiedLog$                    : [LogLoader partition=__consumer_offsets-5, dir=C:\Users\varsh\AppData\Local\Temp\kafka-14083302370958023596\broker_0_data0] Loading producer state till offset 0 with message format version 2
2026-02-23T19:06:26.059+05:30  INFO 17596 --- [r-event-handler] kafka.log.LogManager                     : Created log for partition __consumer_offsets-5 in C:\Users\varsh\AppData\Local\Temp\kafka-14083302370958023596\broker_0_data0\__consumer_offsets-5 with properties {cleanup.policy=compact, compression.type="producer", segment.bytes=104857600}
2026-02-23T19:06:26.060+05:30  INFO 17596 --- [r-event-handler] kafka.cluster.Partition                  : [Partition __consumer_offsets-5 broker=0] No checkpointed highwatermark is found for partition __consumer_offsets-5
2026-02-23T19:06:26.060+05:30  INFO 17596 --- [r-event-handler] kafka.cluster.Partition                  : [Partition __consumer_offsets-5 broker=0] Log loaded for partition __consumer_offsets-5 with initial high watermark 0
2026-02-23T19:06:26.060+05:30  INFO 17596 --- [r-event-handler] state.change.logger                      : [Broker id=0] Leader __consumer_offsets-5 with topic id Some(fz3_Lw-9SNWTT-LpprAO2A) starts at leader epoch 0 from offset 0 with partition epoch 0, high watermark 0, ISR [0], adding replicas [] and removing replicas [] . Previous leader None and previous leader epoch was -1.
2026-02-23T19:06:26.065+05:30  INFO 17596 --- [r-event-handler] state.change.logger                      : [Broker id=0] Creating new partition __consumer_offsets-38 with topic id fz3_Lw-9SNWTT-LpprAO2A.
2026-02-23T19:06:26.078+05:30  INFO 17596 --- [r-event-handler] kafka.log.UnifiedLog$                    : [LogLoader partition=__consumer_offsets-38, dir=C:\Users\varsh\AppData\Local\Temp\kafka-14083302370958023596\broker_0_data0] Loading producer state till offset 0 with message format version 2
2026-02-23T19:06:26.080+05:30  INFO 17596 --- [r-event-handler] kafka.log.LogManager                     : Created log for partition __consumer_offsets-38 in C:\Users\varsh\AppData\Local\Temp\kafka-14083302370958023596\broker_0_data0\__consumer_offsets-38 with properties {cleanup.policy=compact, compression.type="producer", segment.bytes=104857600}
2026-02-23T19:06:26.080+05:30  INFO 17596 --- [r-event-handler] kafka.cluster.Partition                  : [Partition __consumer_offsets-38 broker=0] No checkpointed highwatermark is found for partition __consumer_offsets-38
2026-02-23T19:06:26.080+05:30  INFO 17596 --- [r-event-handler] kafka.cluster.Partition                  : [Partition __consumer_offsets-38 broker=0] Log loaded for partition __consumer_offsets-38 with initial high watermark 0
2026-02-23T19:06:26.080+05:30  INFO 17596 --- [r-event-handler] state.change.logger                      : [Broker id=0] Leader __consumer_offsets-38 with topic id Some(fz3_Lw-9SNWTT-LpprAO2A) starts at leader epoch 0 from offset 0 with partition epoch 0, high watermark 0, ISR [0], adding replicas [] and removing replicas [] . Previous leader None and previous leader epoch was -1.
2026-02-23T19:06:26.085+05:30  INFO 17596 --- [r-event-handler] state.change.logger                      : [Broker id=0] Creating new partition __consumer_offsets-1 with topic id fz3_Lw-9SNWTT-LpprAO2A.
2026-02-23T19:06:26.099+05:30  INFO 17596 --- [r-event-handler] kafka.log.UnifiedLog$                    : [LogLoader partition=__consumer_offsets-1, dir=C:\Users\varsh\AppData\Local\Temp\kafka-14083302370958023596\broker_0_data0] Loading producer state till offset 0 with message format version 2
2026-02-23T19:06:26.099+05:30  INFO 17596 --- [r-event-handler] kafka.log.LogManager                     : Created log for partition __consumer_offsets-1 in C:\Users\varsh\AppData\Local\Temp\kafka-14083302370958023596\broker_0_data0\__consumer_offsets-1 with properties {cleanup.policy=compact, compression.type="producer", segment.bytes=104857600}
2026-02-23T19:06:26.099+05:30  INFO 17596 --- [r-event-handler] kafka.cluster.Partition                  : [Partition __consumer_offsets-1 broker=0] No checkpointed highwatermark is found for partition __consumer_offsets-1
2026-02-23T19:06:26.099+05:30  INFO 17596 --- [r-event-handler] kafka.cluster.Partition                  : [Partition __consumer_offsets-1 broker=0] Log loaded for partition __consumer_offsets-1 with initial high watermark 0
2026-02-23T19:06:26.102+05:30  INFO 17596 --- [r-event-handler] state.change.logger                      : [Broker id=0] Leader __consumer_offsets-1 with topic id Some(fz3_Lw-9SNWTT-LpprAO2A) starts at leader epoch 0 from offset 0 with partition epoch 0, high watermark 0, ISR [0], adding replicas [] and removing replicas [] . Previous leader None and previous leader epoch was -1.
2026-02-23T19:06:26.102+05:30  INFO 17596 --- [ntainer#0-0-C-1] o.a.k.c.c.internals.ConsumerCoordinator  : [Consumer clientId=consumer-midas-core-group-1, groupId=midas-core-group] Discovered group coordinator localhost:61474 (id: 2147483647 rack: null)
2026-02-23T19:06:26.102+05:30  INFO 17596 --- [ntainer#0-0-C-1] o.a.k.c.c.internals.ConsumerCoordinator  : [Consumer clientId=consumer-midas-core-group-1, groupId=midas-core-group] Request joining group due to: rebalance failed due to 'This is not the correct coordinator.' (NotCoordinatorException)
2026-02-23T19:06:26.102+05:30  INFO 17596 --- [ntainer#0-0-C-1] o.a.k.c.c.internals.ConsumerCoordinator  : [Consumer clientId=consumer-midas-core-group-1, groupId=midas-core-group] (Re-)joining group
2026-02-23T19:06:26.106+05:30  INFO 17596 --- [r-event-handler] state.change.logger                      : [Broker id=0] Creating new partition __consumer_offsets-34 with topic id fz3_Lw-9SNWTT-LpprAO2A.
2026-02-23T19:06:26.110+05:30  INFO 17596 --- [ntainer#0-0-C-1] o.a.k.c.c.internals.ConsumerCoordinator  : [Consumer clientId=consumer-midas-core-group-1, groupId=midas-core-group] Group coordinator localhost:61474 (id: 2147483647 rack: null) is unavailable or invalid due to cause: error response NOT_COORDINATOR. isDisconnected: false. Rediscovery will be attempted.
2026-02-23T19:06:26.110+05:30  INFO 17596 --- [ntainer#0-0-C-1] o.a.k.c.c.internals.ConsumerCoordinator  : [Consumer clientId=consumer-midas-core-group-1, groupId=midas-core-group] Requesting disconnect from last known coordinator localhost:61474 (id: 2147483647 rack: null)
2026-02-23T19:06:26.110+05:30  INFO 17596 --- [ntainer#0-0-C-1] o.a.k.c.c.internals.ConsumerCoordinator  : [Consumer clientId=consumer-midas-core-group-1, groupId=midas-core-group] JoinGroup failed: This is not the correct coordinator. Marking coordinator unknown. Sent generation was Generation{generationId=-1, memberId='', protocol='null'}
2026-02-23T19:06:26.111+05:30  INFO 17596 --- [ntainer#0-0-C-1] org.apache.kafka.clients.NetworkClient   : [Consumer clientId=consumer-midas-core-group-1, groupId=midas-core-group] Client requested disconnect from node 2147483647
2026-02-23T19:06:26.113+05:30  INFO 17596 --- [ntainer#0-0-C-1] o.a.k.c.c.internals.ConsumerCoordinator  : [Consumer clientId=consumer-midas-core-group-1, groupId=midas-core-group] Discovered group coordinator localhost:61474 (id: 2147483647 rack: null)
2026-02-23T19:06:26.115+05:30  INFO 17596 --- [ntainer#0-0-C-1] o.a.k.c.c.internals.ConsumerCoordinator  : [Consumer clientId=consumer-midas-core-group-1, groupId=midas-core-group] Group coordinator localhost:61474 (id: 2147483647 rack: null) is unavailable or invalid due to cause: coordinator unavailable. isDisconnected: false. Rediscovery will be attempted.
2026-02-23T19:06:26.115+05:30  INFO 17596 --- [ntainer#0-0-C-1] o.a.k.c.c.internals.ConsumerCoordinator  : [Consumer clientId=consumer-midas-core-group-1, groupId=midas-core-group] Requesting disconnect from last known coordinator localhost:61474 (id: 2147483647 rack: null)
2026-02-23T19:06:26.123+05:30  INFO 17596 --- [r-event-handler] kafka.log.UnifiedLog$                    : [LogLoader partition=__consumer_offsets-34, dir=C:\Users\varsh\AppData\Local\Temp\kafka-14083302370958023596\broker_0_data0] Loading producer state till offset 0 with message format version 2
2026-02-23T19:06:26.125+05:30  INFO 17596 --- [r-event-handler] kafka.log.LogManager                     : Created log for partition __consumer_offsets-34 in C:\Users\varsh\AppData\Local\Temp\kafka-14083302370958023596\broker_0_data0\__consumer_offsets-34 with properties {cleanup.policy=compact, compression.type="producer", segment.bytes=104857600}
2026-02-23T19:06:26.126+05:30  INFO 17596 --- [r-event-handler] kafka.cluster.Partition                  : [Partition __consumer_offsets-34 broker=0] No checkpointed highwatermark is found for partition __consumer_offsets-34
mvn : Java HotSpot(TM) 64-Bit Server VM warning: Sharing is only supported for 
boot loader classes because bootstrap classpath has been appended
At line:1 char:1
+ mvn test -Dtest=TaskTwoTests > test-output.txt 2>&1 ;& Start-Sleep -S ...
+ ~~~~~~~~~~~~~~~~~~~~~~~~~~~~~~~~~~~~~~~~~~~~~~~~~~~
    + CategoryInfo          : NotSpecified: (Java HotSpot(TM...s been appended 
   :String) [], RemoteException
    + FullyQualifiedErrorId : NativeCommandError
 
2026-02-23T19:06:26.126+05:30  INFO 17596 --- [r-event-handler] kafka.cluster.Partition                  : [Partition __consumer_offsets-34 broker=0] Log loaded for partition __consumer_offsets-34 with initial high watermark 0
2026-02-23T19:06:26.127+05:30  INFO 17596 --- [r-event-handler] state.change.logger                      : [Broker id=0] Leader __consumer_offsets-34 with topic id Some(fz3_Lw-9SNWTT-LpprAO2A) starts at leader epoch 0 from offset 0 with partition epoch 0, high watermark 0, ISR [0], adding replicas [] and removing replicas [] . Previous leader None and previous leader epoch was -1.
2026-02-23T19:06:26.131+05:30  INFO 17596 --- [r-event-handler] state.change.logger                      : [Broker id=0] Creating new partition __consumer_offsets-16 with topic id fz3_Lw-9SNWTT-LpprAO2A.
WARNING: A Java agent has been loaded dynamically (C:\Users\varsh\.m2\repositor
y\net\bytebuddy\byte-buddy-agent\1.14.13\byte-buddy-agent-1.14.13.jar)
WARNING: If a serviceability tool is in use, please run with 
-XX:+EnableDynamicAgentLoading to hide this warning
WARNING: If a serviceability tool is not in use, please run with 
-Djdk.instrument.traceUsage for more information
WARNING: Dynamic loading of agents will be disallowed by default in a future 
release
2026-02-23T19:06:26.149+05:30  INFO 17596 --- [r-event-handler] kafka.log.UnifiedLog$                    : [LogLoader partition=__consumer_offsets-16, dir=C:\Users\varsh\AppData\Local\Temp\kafka-14083302370958023596\broker_0_data0] Loading producer state till offset 0 with message format version 2
2026-02-23T19:06:26.150+05:30  INFO 17596 --- [r-event-handler] kafka.log.LogManager                     : Created log for partition __consumer_offsets-16 in C:\Users\varsh\AppData\Local\Temp\kafka-14083302370958023596\broker_0_data0\__consumer_offsets-16 with properties {cleanup.policy=compact, compression.type="producer", segment.bytes=104857600}
2026-02-23T19:06:26.150+05:30  INFO 17596 --- [r-event-handler] kafka.cluster.Partition                  : [Partition __consumer_offsets-16 broker=0] No checkpointed highwatermark is found for partition __consumer_offsets-16
2026-02-23T19:06:26.151+05:30  INFO 17596 --- [r-event-handler] kafka.cluster.Partition                  : [Partition __consumer_offsets-16 broker=0] Log loaded for partition __consumer_offsets-16 with initial high watermark 0
2026-02-23T19:06:26.151+05:30  INFO 17596 --- [r-event-handler] state.change.logger                      : [Broker id=0] Leader __consumer_offsets-16 with topic id Some(fz3_Lw-9SNWTT-LpprAO2A) starts at leader epoch 0 from offset 0 with partition epoch 0, high watermark 0, ISR [0], adding replicas [] and removing replicas [] . Previous leader None and previous leader epoch was -1.
2026-02-23T19:06:26.156+05:30  INFO 17596 --- [r-event-handler] state.change.logger                      : [Broker id=0] Creating new partition __consumer_offsets-45 with topic id fz3_Lw-9SNWTT-LpprAO2A.
2026-02-23T19:06:26.168+05:30  INFO 17596 --- [r-event-handler] kafka.log.UnifiedLog$                    : [LogLoader partition=__consumer_offsets-45, dir=C:\Users\varsh\AppData\Local\Temp\kafka-14083302370958023596\broker_0_data0] Loading producer state till offset 0 with message format version 2
2026-02-23T19:06:26.169+05:30  INFO 17596 --- [r-event-handler] kafka.log.LogManager                     : Created log for partition __consumer_offsets-45 in C:\Users\varsh\AppData\Local\Temp\kafka-14083302370958023596\broker_0_data0\__consumer_offsets-45 with properties {cleanup.policy=compact, compression.type="producer", segment.bytes=104857600}
2026-02-23T19:06:26.170+05:30  INFO 17596 --- [r-event-handler] kafka.cluster.Partition                  : [Partition __consumer_offsets-45 broker=0] No checkpointed highwatermark is found for partition __consumer_offsets-45
2026-02-23T19:06:26.170+05:30  INFO 17596 --- [r-event-handler] kafka.cluster.Partition                  : [Partition __consumer_offsets-45 broker=0] Log loaded for partition __consumer_offsets-45 with initial high watermark 0
2026-02-23T19:06:26.170+05:30  INFO 17596 --- [r-event-handler] state.change.logger                      : [Broker id=0] Leader __consumer_offsets-45 with topic id Some(fz3_Lw-9SNWTT-LpprAO2A) starts at leader epoch 0 from offset 0 with partition epoch 0, high watermark 0, ISR [0], adding replicas [] and removing replicas [] . Previous leader None and previous leader epoch was -1.
2026-02-23T19:06:26.174+05:30  INFO 17596 --- [r-event-handler] state.change.logger                      : [Broker id=0] Creating new partition __consumer_offsets-12 with topic id fz3_Lw-9SNWTT-LpprAO2A.
2026-02-23T19:06:26.176+05:30  INFO 17596 --- [r-event-handler] kafka.log.UnifiedLog$                    : [LogLoader partition=__consumer_offsets-12, dir=C:\Users\varsh\AppData\Local\Temp\kafka-14083302370958023596\broker_0_data0] Loading producer state till offset 0 with message format version 2
2026-02-23T19:06:26.176+05:30  INFO 17596 --- [r-event-handler] kafka.log.LogManager                     : Created log for partition __consumer_offsets-12 in C:\Users\varsh\AppData\Local\Temp\kafka-14083302370958023596\broker_0_data0\__consumer_offsets-12 with properties {cleanup.policy=compact, compression.type="producer", segment.bytes=104857600}
2026-02-23T19:06:26.176+05:30  INFO 17596 --- [r-event-handler] kafka.cluster.Partition                  : [Partition __consumer_offsets-12 broker=0] No checkpointed highwatermark is found for partition __consumer_offsets-12
2026-02-23T19:06:26.176+05:30  INFO 17596 --- [r-event-handler] kafka.cluster.Partition                  : [Partition __consumer_offsets-12 broker=0] Log loaded for partition __consumer_offsets-12 with initial high watermark 0
2026-02-23T19:06:26.176+05:30  INFO 17596 --- [r-event-handler] state.change.logger                      : [Broker id=0] Leader __consumer_offsets-12 with topic id Some(fz3_Lw-9SNWTT-LpprAO2A) starts at leader epoch 0 from offset 0 with partition epoch 0, high watermark 0, ISR [0], adding replicas [] and removing replicas [] . Previous leader None and previous leader epoch was -1.
2026-02-23T19:06:26.176+05:30  INFO 17596 --- [r-event-handler] state.change.logger                      : [Broker id=0] Creating new partition __consumer_offsets-41 with topic id fz3_Lw-9SNWTT-LpprAO2A.
2026-02-23T19:06:26.199+05:30  INFO 17596 --- [r-event-handler] kafka.log.UnifiedLog$                    : [LogLoader partition=__consumer_offsets-41, dir=C:\Users\varsh\AppData\Local\Temp\kafka-14083302370958023596\broker_0_data0] Loading producer state till offset 0 with message format version 2
2026-02-23T19:06:26.199+05:30  INFO 17596 --- [r-event-handler] kafka.log.LogManager                     : Created log for partition __consumer_offsets-41 in C:\Users\varsh\AppData\Local\Temp\kafka-14083302370958023596\broker_0_data0\__consumer_offsets-41 with properties {cleanup.policy=compact, compression.type="producer", segment.bytes=104857600}
2026-02-23T19:06:26.199+05:30  INFO 17596 --- [r-event-handler] kafka.cluster.Partition                  : [Partition __consumer_offsets-41 broker=0] No checkpointed highwatermark is found for partition __consumer_offsets-41
2026-02-23T19:06:26.199+05:30  INFO 17596 --- [r-event-handler] kafka.cluster.Partition                  : [Partition __consumer_offsets-41 broker=0] Log loaded for partition __consumer_offsets-41 with initial high watermark 0
2026-02-23T19:06:26.199+05:30  INFO 17596 --- [r-event-handler] state.change.logger                      : [Broker id=0] Leader __consumer_offsets-41 with topic id Some(fz3_Lw-9SNWTT-LpprAO2A) starts at leader epoch 0 from offset 0 with partition epoch 0, high watermark 0, ISR [0], adding replicas [] and removing replicas [] . Previous leader None and previous leader epoch was -1.
2026-02-23T19:06:26.199+05:30  INFO 17596 --- [r-event-handler] state.change.logger                      : [Broker id=0] Creating new partition __consumer_offsets-24 with topic id fz3_Lw-9SNWTT-LpprAO2A.
2026-02-23T19:06:26.220+05:30  INFO 17596 --- [r-event-handler] kafka.log.UnifiedLog$                    : [LogLoader partition=__consumer_offsets-24, dir=C:\Users\varsh\AppData\Local\Temp\kafka-14083302370958023596\broker_0_data0] Loading producer state till offset 0 with message format version 2
2026-02-23T19:06:26.221+05:30  INFO 17596 --- [r-event-handler] kafka.log.LogManager                     : Created log for partition __consumer_offsets-24 in C:\Users\varsh\AppData\Local\Temp\kafka-14083302370958023596\broker_0_data0\__consumer_offsets-24 with properties {cleanup.policy=compact, compression.type="producer", segment.bytes=104857600}
2026-02-23T19:06:26.222+05:30  INFO 17596 --- [r-event-handler] kafka.cluster.Partition                  : [Partition __consumer_offsets-24 broker=0] No checkpointed highwatermark is found for partition __consumer_offsets-24
2026-02-23T19:06:26.222+05:30  INFO 17596 --- [r-event-handler] kafka.cluster.Partition                  : [Partition __consumer_offsets-24 broker=0] Log loaded for partition __consumer_offsets-24 with initial high watermark 0
2026-02-23T19:06:26.222+05:30  INFO 17596 --- [r-event-handler] state.change.logger                      : [Broker id=0] Leader __consumer_offsets-24 with topic id Some(fz3_Lw-9SNWTT-LpprAO2A) starts at leader epoch 0 from offset 0 with partition epoch 0, high watermark 0, ISR [0], adding replicas [] and removing replicas [] . Previous leader None and previous leader epoch was -1.
2026-02-23T19:06:26.226+05:30  INFO 17596 --- [r-event-handler] state.change.logger                      : [Broker id=0] Creating new partition __consumer_offsets-20 with topic id fz3_Lw-9SNWTT-LpprAO2A.
2026-02-23T19:06:26.227+05:30  INFO 17596 --- [ntainer#0-0-C-1] o.a.k.c.c.internals.ConsumerCoordinator  : [Consumer clientId=consumer-midas-core-group-1, groupId=midas-core-group] Discovered group coordinator localhost:61474 (id: 2147483647 rack: null)
2026-02-23T19:06:26.227+05:30  INFO 17596 --- [ntainer#0-0-C-1] o.a.k.c.c.internals.ConsumerCoordinator  : [Consumer clientId=consumer-midas-core-group-1, groupId=midas-core-group] Request joining group due to: rebalance failed due to 'This is not the correct coordinator.' (NotCoordinatorException)
2026-02-23T19:06:26.227+05:30  INFO 17596 --- [ntainer#0-0-C-1] o.a.k.c.c.internals.ConsumerCoordinator  : [Consumer clientId=consumer-midas-core-group-1, groupId=midas-core-group] (Re-)joining group
2026-02-23T19:06:26.227+05:30  INFO 17596 --- [ntainer#0-0-C-1] o.a.k.c.c.internals.ConsumerCoordinator  : [Consumer clientId=consumer-midas-core-group-1, groupId=midas-core-group] Group coordinator localhost:61474 (id: 2147483647 rack: null) is unavailable or invalid due to cause: error response NOT_COORDINATOR. isDisconnected: false. Rediscovery will be attempted.
2026-02-23T19:06:26.227+05:30  INFO 17596 --- [ntainer#0-0-C-1] o.a.k.c.c.internals.ConsumerCoordinator  : [Consumer clientId=consumer-midas-core-group-1, groupId=midas-core-group] Requesting disconnect from last known coordinator localhost:61474 (id: 2147483647 rack: null)
2026-02-23T19:06:26.227+05:30  INFO 17596 --- [ntainer#0-0-C-1] o.a.k.c.c.internals.ConsumerCoordinator  : [Consumer clientId=consumer-midas-core-group-1, groupId=midas-core-group] JoinGroup failed: This is not the correct coordinator. Marking coordinator unknown. Sent generation was Generation{generationId=-1, memberId='', protocol='null'}
2026-02-23T19:06:26.227+05:30  INFO 17596 --- [ntainer#0-0-C-1] org.apache.kafka.clients.NetworkClient   : [Consumer clientId=consumer-midas-core-group-1, groupId=midas-core-group] Client requested disconnect from node 2147483647
2026-02-23T19:06:26.227+05:30  INFO 17596 --- [ntainer#0-0-C-1] o.a.k.c.c.internals.ConsumerCoordinator  : [Consumer clientId=consumer-midas-core-group-1, groupId=midas-core-group] Discovered group coordinator localhost:61474 (id: 2147483647 rack: null)
2026-02-23T19:06:26.227+05:30  INFO 17596 --- [ntainer#0-0-C-1] o.a.k.c.c.internals.ConsumerCoordinator  : [Consumer clientId=consumer-midas-core-group-1, groupId=midas-core-group] Group coordinator localhost:61474 (id: 2147483647 rack: null) is unavailable or invalid due to cause: coordinator unavailable. isDisconnected: false. Rediscovery will be attempted.
2026-02-23T19:06:26.227+05:30  INFO 17596 --- [ntainer#0-0-C-1] o.a.k.c.c.internals.ConsumerCoordinator  : [Consumer clientId=consumer-midas-core-group-1, groupId=midas-core-group] Requesting disconnect from last known coordinator localhost:61474 (id: 2147483647 rack: null)
2026-02-23T19:06:26.227+05:30  INFO 17596 --- [r-event-handler] kafka.log.UnifiedLog$                    : [LogLoader partition=__consumer_offsets-20, dir=C:\Users\varsh\AppData\Local\Temp\kafka-14083302370958023596\broker_0_data0] Loading producer state till offset 0 with message format version 2
2026-02-23T19:06:26.242+05:30  INFO 17596 --- [r-event-handler] kafka.log.LogManager                     : Created log for partition __consumer_offsets-20 in C:\Users\varsh\AppData\Local\Temp\kafka-14083302370958023596\broker_0_data0\__consumer_offsets-20 with properties {cleanup.policy=compact, compression.type="producer", segment.bytes=104857600}
2026-02-23T19:06:26.242+05:30  INFO 17596 --- [r-event-handler] kafka.cluster.Partition                  : [Partition __consumer_offsets-20 broker=0] No checkpointed highwatermark is found for partition __consumer_offsets-20
2026-02-23T19:06:26.242+05:30  INFO 17596 --- [r-event-handler] kafka.cluster.Partition                  : [Partition __consumer_offsets-20 broker=0] Log loaded for partition __consumer_offsets-20 with initial high watermark 0
2026-02-23T19:06:26.242+05:30  INFO 17596 --- [r-event-handler] state.change.logger                      : [Broker id=0] Leader __consumer_offsets-20 with topic id Some(fz3_Lw-9SNWTT-LpprAO2A) starts at leader epoch 0 from offset 0 with partition epoch 0, high watermark 0, ISR [0], adding replicas [] and removing replicas [] . Previous leader None and previous leader epoch was -1.
2026-02-23T19:06:26.246+05:30  INFO 17596 --- [r-event-handler] state.change.logger                      : [Broker id=0] Creating new partition __consumer_offsets-49 with topic id fz3_Lw-9SNWTT-LpprAO2A.
2026-02-23T19:06:26.259+05:30  INFO 17596 --- [r-event-handler] kafka.log.UnifiedLog$                    : [LogLoader partition=__consumer_offsets-49, dir=C:\Users\varsh\AppData\Local\Temp\kafka-14083302370958023596\broker_0_data0] Loading producer state till offset 0 with message format version 2
2026-02-23T19:06:26.260+05:30  INFO 17596 --- [r-event-handler] kafka.log.LogManager                     : Created log for partition __consumer_offsets-49 in C:\Users\varsh\AppData\Local\Temp\kafka-14083302370958023596\broker_0_data0\__consumer_offsets-49 with properties {cleanup.policy=compact, compression.type="producer", segment.bytes=104857600}
2026-02-23T19:06:26.260+05:30  INFO 17596 --- [r-event-handler] kafka.cluster.Partition                  : [Partition __consumer_offsets-49 broker=0] No checkpointed highwatermark is found for partition __consumer_offsets-49
2026-02-23T19:06:26.260+05:30  INFO 17596 --- [r-event-handler] kafka.cluster.Partition                  : [Partition __consumer_offsets-49 broker=0] Log loaded for partition __consumer_offsets-49 with initial high watermark 0
2026-02-23T19:06:26.260+05:30  INFO 17596 --- [r-event-handler] state.change.logger                      : [Broker id=0] Leader __consumer_offsets-49 with topic id Some(fz3_Lw-9SNWTT-LpprAO2A) starts at leader epoch 0 from offset 0 with partition epoch 0, high watermark 0, ISR [0], adding replicas [] and removing replicas [] . Previous leader None and previous leader epoch was -1.
2026-02-23T19:06:26.265+05:30  INFO 17596 --- [r-event-handler] state.change.logger                      : [Broker id=0] Creating new partition __consumer_offsets-0 with topic id fz3_Lw-9SNWTT-LpprAO2A.
2026-02-23T19:06:26.276+05:30  INFO 17596 --- [r-event-handler] kafka.log.UnifiedLog$                    : [LogLoader partition=__consumer_offsets-0, dir=C:\Users\varsh\AppData\Local\Temp\kafka-14083302370958023596\broker_0_data0] Loading producer state till offset 0 with message format version 2
2026-02-23T19:06:26.276+05:30  INFO 17596 --- [r-event-handler] kafka.log.LogManager                     : Created log for partition __consumer_offsets-0 in C:\Users\varsh\AppData\Local\Temp\kafka-14083302370958023596\broker_0_data0\__consumer_offsets-0 with properties {cleanup.policy=compact, compression.type="producer", segment.bytes=104857600}
2026-02-23T19:06:26.276+05:30  INFO 17596 --- [r-event-handler] kafka.cluster.Partition                  : [Partition __consumer_offsets-0 broker=0] No checkpointed highwatermark is found for partition __consumer_offsets-0
2026-02-23T19:06:26.276+05:30  INFO 17596 --- [r-event-handler] kafka.cluster.Partition                  : [Partition __consumer_offsets-0 broker=0] Log loaded for partition __consumer_offsets-0 with initial high watermark 0
2026-02-23T19:06:26.276+05:30  INFO 17596 --- [r-event-handler] state.change.logger                      : [Broker id=0] Leader __consumer_offsets-0 with topic id Some(fz3_Lw-9SNWTT-LpprAO2A) starts at leader epoch 0 from offset 0 with partition epoch 0, high watermark 0, ISR [0], adding replicas [] and removing replicas [] . Previous leader None and previous leader epoch was -1.
2026-02-23T19:06:26.279+05:30  INFO 17596 --- [r-event-handler] state.change.logger                      : [Broker id=0] Creating new partition __consumer_offsets-29 with topic id fz3_Lw-9SNWTT-LpprAO2A.
2026-02-23T19:06:26.294+05:30  INFO 17596 --- [r-event-handler] kafka.log.UnifiedLog$                    : [LogLoader partition=__consumer_offsets-29, dir=C:\Users\varsh\AppData\Local\Temp\kafka-14083302370958023596\broker_0_data0] Loading producer state till offset 0 with message format version 2
2026-02-23T19:06:26.295+05:30  INFO 17596 --- [r-event-handler] kafka.log.LogManager                     : Created log for partition __consumer_offsets-29 in C:\Users\varsh\AppData\Local\Temp\kafka-14083302370958023596\broker_0_data0\__consumer_offsets-29 with properties {cleanup.policy=compact, compression.type="producer", segment.bytes=104857600}
2026-02-23T19:06:26.295+05:30  INFO 17596 --- [r-event-handler] kafka.cluster.Partition                  : [Partition __consumer_offsets-29 broker=0] No checkpointed highwatermark is found for partition __consumer_offsets-29
2026-02-23T19:06:26.295+05:30  INFO 17596 --- [r-event-handler] kafka.cluster.Partition                  : [Partition __consumer_offsets-29 broker=0] Log loaded for partition __consumer_offsets-29 with initial high watermark 0
2026-02-23T19:06:26.296+05:30  INFO 17596 --- [r-event-handler] state.change.logger                      : [Broker id=0] Leader __consumer_offsets-29 with topic id Some(fz3_Lw-9SNWTT-LpprAO2A) starts at leader epoch 0 from offset 0 with partition epoch 0, high watermark 0, ISR [0], adding replicas [] and removing replicas [] . Previous leader None and previous leader epoch was -1.
2026-02-23T19:06:26.300+05:30  INFO 17596 --- [r-event-handler] state.change.logger                      : [Broker id=0] Creating new partition __consumer_offsets-25 with topic id fz3_Lw-9SNWTT-LpprAO2A.
2026-02-23T19:06:26.314+05:30  INFO 17596 --- [r-event-handler] kafka.log.UnifiedLog$                    : [LogLoader partition=__consumer_offsets-25, dir=C:\Users\varsh\AppData\Local\Temp\kafka-14083302370958023596\broker_0_data0] Loading producer state till offset 0 with message format version 2
2026-02-23T19:06:26.315+05:30  INFO 17596 --- [r-event-handler] kafka.log.LogManager                     : Created log for partition __consumer_offsets-25 in C:\Users\varsh\AppData\Local\Temp\kafka-14083302370958023596\broker_0_data0\__consumer_offsets-25 with properties {cleanup.policy=compact, compression.type="producer", segment.bytes=104857600}
2026-02-23T19:06:26.315+05:30  INFO 17596 --- [r-event-handler] kafka.cluster.Partition                  : [Partition __consumer_offsets-25 broker=0] No checkpointed highwatermark is found for partition __consumer_offsets-25
2026-02-23T19:06:26.316+05:30  INFO 17596 --- [r-event-handler] kafka.cluster.Partition                  : [Partition __consumer_offsets-25 broker=0] Log loaded for partition __consumer_offsets-25 with initial high watermark 0
2026-02-23T19:06:26.316+05:30  INFO 17596 --- [r-event-handler] state.change.logger                      : [Broker id=0] Leader __consumer_offsets-25 with topic id Some(fz3_Lw-9SNWTT-LpprAO2A) starts at leader epoch 0 from offset 0 with partition epoch 0, high watermark 0, ISR [0], adding replicas [] and removing replicas [] . Previous leader None and previous leader epoch was -1.
2026-02-23T19:06:26.320+05:30  INFO 17596 --- [r-event-handler] state.change.logger                      : [Broker id=0] Creating new partition __consumer_offsets-8 with topic id fz3_Lw-9SNWTT-LpprAO2A.
2026-02-23T19:06:26.326+05:30  INFO 17596 --- [r-event-handler] kafka.log.UnifiedLog$                    : [LogLoader partition=__consumer_offsets-8, dir=C:\Users\varsh\AppData\Local\Temp\kafka-14083302370958023596\broker_0_data0] Loading producer state till offset 0 with message format version 2
2026-02-23T19:06:26.326+05:30  INFO 17596 --- [r-event-handler] kafka.log.LogManager                     : Created log for partition __consumer_offsets-8 in C:\Users\varsh\AppData\Local\Temp\kafka-14083302370958023596\broker_0_data0\__consumer_offsets-8 with properties {cleanup.policy=compact, compression.type="producer", segment.bytes=104857600}
2026-02-23T19:06:26.326+05:30  INFO 17596 --- [r-event-handler] kafka.cluster.Partition                  : [Partition __consumer_offsets-8 broker=0] No checkpointed highwatermark is found for partition __consumer_offsets-8
2026-02-23T19:06:26.326+05:30  INFO 17596 --- [r-event-handler] kafka.cluster.Partition                  : [Partition __consumer_offsets-8 broker=0] Log loaded for partition __consumer_offsets-8 with initial high watermark 0
2026-02-23T19:06:26.326+05:30  INFO 17596 --- [r-event-handler] state.change.logger                      : [Broker id=0] Leader __consumer_offsets-8 with topic id Some(fz3_Lw-9SNWTT-LpprAO2A) starts at leader epoch 0 from offset 0 with partition epoch 0, high watermark 0, ISR [0], adding replicas [] and removing replicas [] . Previous leader None and previous leader epoch was -1.
2026-02-23T19:06:26.326+05:30  INFO 17596 --- [r-event-handler] state.change.logger                      : [Broker id=0] Creating new partition __consumer_offsets-37 with topic id fz3_Lw-9SNWTT-LpprAO2A.
2026-02-23T19:06:26.344+05:30  INFO 17596 --- [ntainer#0-0-C-1] o.a.k.c.c.internals.ConsumerCoordinator  : [Consumer clientId=consumer-midas-core-group-1, groupId=midas-core-group] Discovered group coordinator localhost:61474 (id: 2147483647 rack: null)
2026-02-23T19:06:26.346+05:30  INFO 17596 --- [ntainer#0-0-C-1] o.a.k.c.c.internals.ConsumerCoordinator  : [Consumer clientId=consumer-midas-core-group-1, groupId=midas-core-group] Request joining group due to: rebalance failed due to 'This is not the correct coordinator.' (NotCoordinatorException)
2026-02-23T19:06:26.347+05:30  INFO 17596 --- [ntainer#0-0-C-1] o.a.k.c.c.internals.ConsumerCoordinator  : [Consumer clientId=consumer-midas-core-group-1, groupId=midas-core-group] (Re-)joining group
2026-02-23T19:06:26.351+05:30  INFO 17596 --- [ntainer#0-0-C-1] o.a.k.c.c.internals.ConsumerCoordinator  : [Consumer clientId=consumer-midas-core-group-1, groupId=midas-core-group] Group coordinator localhost:61474 (id: 2147483647 rack: null) is unavailable or invalid due to cause: error response NOT_COORDINATOR. isDisconnected: false. Rediscovery will be attempted.
2026-02-23T19:06:26.351+05:30  INFO 17596 --- [ntainer#0-0-C-1] o.a.k.c.c.internals.ConsumerCoordinator  : [Consumer clientId=consumer-midas-core-group-1, groupId=midas-core-group] Requesting disconnect from last known coordinator localhost:61474 (id: 2147483647 rack: null)
2026-02-23T19:06:26.351+05:30  INFO 17596 --- [ntainer#0-0-C-1] o.a.k.c.c.internals.ConsumerCoordinator  : [Consumer clientId=consumer-midas-core-group-1, groupId=midas-core-group] JoinGroup failed: This is not the correct coordinator. Marking coordinator unknown. Sent generation was Generation{generationId=-1, memberId='', protocol='null'}
2026-02-23T19:06:26.351+05:30  INFO 17596 --- [ntainer#0-0-C-1] org.apache.kafka.clients.NetworkClient   : [Consumer clientId=consumer-midas-core-group-1, groupId=midas-core-group] Client requested disconnect from node 2147483647
2026-02-23T19:06:26.354+05:30  INFO 17596 --- [ntainer#0-0-C-1] o.a.k.c.c.internals.ConsumerCoordinator  : [Consumer clientId=consumer-midas-core-group-1, groupId=midas-core-group] Discovered group coordinator localhost:61474 (id: 2147483647 rack: null)
2026-02-23T19:06:26.354+05:30  INFO 17596 --- [ntainer#0-0-C-1] o.a.k.c.c.internals.ConsumerCoordinator  : [Consumer clientId=consumer-midas-core-group-1, groupId=midas-core-group] Group coordinator localhost:61474 (id: 2147483647 rack: null) is unavailable or invalid due to cause: coordinator unavailable. isDisconnected: false. Rediscovery will be attempted.
2026-02-23T19:06:26.354+05:30  INFO 17596 --- [ntainer#0-0-C-1] o.a.k.c.c.internals.ConsumerCoordinator  : [Consumer clientId=consumer-midas-core-group-1, groupId=midas-core-group] Requesting disconnect from last known coordinator localhost:61474 (id: 2147483647 rack: null)
2026-02-23T19:06:26.355+05:30  INFO 17596 --- [r-event-handler] kafka.log.UnifiedLog$                    : [LogLoader partition=__consumer_offsets-37, dir=C:\Users\varsh\AppData\Local\Temp\kafka-14083302370958023596\broker_0_data0] Loading producer state till offset 0 with message format version 2
2026-02-23T19:06:26.356+05:30  INFO 17596 --- [r-event-handler] kafka.log.LogManager                     : Created log for partition __consumer_offsets-37 in C:\Users\varsh\AppData\Local\Temp\kafka-14083302370958023596\broker_0_data0\__consumer_offsets-37 with properties {cleanup.policy=compact, compression.type="producer", segment.bytes=104857600}
2026-02-23T19:06:26.357+05:30  INFO 17596 --- [r-event-handler] kafka.cluster.Partition                  : [Partition __consumer_offsets-37 broker=0] No checkpointed highwatermark is found for partition __consumer_offsets-37
2026-02-23T19:06:26.357+05:30  INFO 17596 --- [r-event-handler] kafka.cluster.Partition                  : [Partition __consumer_offsets-37 broker=0] Log loaded for partition __consumer_offsets-37 with initial high watermark 0
2026-02-23T19:06:26.357+05:30  INFO 17596 --- [r-event-handler] state.change.logger                      : [Broker id=0] Leader __consumer_offsets-37 with topic id Some(fz3_Lw-9SNWTT-LpprAO2A) starts at leader epoch 0 from offset 0 with partition epoch 0, high watermark 0, ISR [0], adding replicas [] and removing replicas [] . Previous leader None and previous leader epoch was -1.
2026-02-23T19:06:26.363+05:30  INFO 17596 --- [r-event-handler] state.change.logger                      : [Broker id=0] Creating new partition __consumer_offsets-4 with topic id fz3_Lw-9SNWTT-LpprAO2A.
2026-02-23T19:06:26.375+05:30  INFO 17596 --- [r-event-handler] kafka.log.UnifiedLog$                    : [LogLoader partition=__consumer_offsets-4, dir=C:\Users\varsh\AppData\Local\Temp\kafka-14083302370958023596\broker_0_data0] Loading producer state till offset 0 with message format version 2
2026-02-23T19:06:26.376+05:30  INFO 17596 --- [r-event-handler] kafka.log.LogManager                     : Created log for partition __consumer_offsets-4 in C:\Users\varsh\AppData\Local\Temp\kafka-14083302370958023596\broker_0_data0\__consumer_offsets-4 with properties {cleanup.policy=compact, compression.type="producer", segment.bytes=104857600}
2026-02-23T19:06:26.376+05:30  INFO 17596 --- [r-event-handler] kafka.cluster.Partition                  : [Partition __consumer_offsets-4 broker=0] No checkpointed highwatermark is found for partition __consumer_offsets-4
2026-02-23T19:06:26.376+05:30  INFO 17596 --- [r-event-handler] kafka.cluster.Partition                  : [Partition __consumer_offsets-4 broker=0] Log loaded for partition __consumer_offsets-4 with initial high watermark 0
2026-02-23T19:06:26.376+05:30  INFO 17596 --- [r-event-handler] state.change.logger                      : [Broker id=0] Leader __consumer_offsets-4 with topic id Some(fz3_Lw-9SNWTT-LpprAO2A) starts at leader epoch 0 from offset 0 with partition epoch 0, high watermark 0, ISR [0], adding replicas [] and removing replicas [] . Previous leader None and previous leader epoch was -1.
2026-02-23T19:06:26.376+05:30  INFO 17596 --- [r-event-handler] state.change.logger                      : [Broker id=0] Creating new partition __consumer_offsets-33 with topic id fz3_Lw-9SNWTT-LpprAO2A.
2026-02-23T19:06:26.394+05:30  INFO 17596 --- [r-event-handler] kafka.log.UnifiedLog$                    : [LogLoader partition=__consumer_offsets-33, dir=C:\Users\varsh\AppData\Local\Temp\kafka-14083302370958023596\broker_0_data0] Loading producer state till offset 0 with message format version 2
2026-02-23T19:06:26.395+05:30  INFO 17596 --- [r-event-handler] kafka.log.LogManager                     : Created log for partition __consumer_offsets-33 in C:\Users\varsh\AppData\Local\Temp\kafka-14083302370958023596\broker_0_data0\__consumer_offsets-33 with properties {cleanup.policy=compact, compression.type="producer", segment.bytes=104857600}
2026-02-23T19:06:26.395+05:30  INFO 17596 --- [r-event-handler] kafka.cluster.Partition                  : [Partition __consumer_offsets-33 broker=0] No checkpointed highwatermark is found for partition __consumer_offsets-33
2026-02-23T19:06:26.395+05:30  INFO 17596 --- [r-event-handler] kafka.cluster.Partition                  : [Partition __consumer_offsets-33 broker=0] Log loaded for partition __consumer_offsets-33 with initial high watermark 0
2026-02-23T19:06:26.395+05:30  INFO 17596 --- [r-event-handler] state.change.logger                      : [Broker id=0] Leader __consumer_offsets-33 with topic id Some(fz3_Lw-9SNWTT-LpprAO2A) starts at leader epoch 0 from offset 0 with partition epoch 0, high watermark 0, ISR [0], adding replicas [] and removing replicas [] . Previous leader None and previous leader epoch was -1.
2026-02-23T19:06:26.400+05:30  INFO 17596 --- [r-event-handler] state.change.logger                      : [Broker id=0] Creating new partition __consumer_offsets-15 with topic id fz3_Lw-9SNWTT-LpprAO2A.
2026-02-23T19:06:26.414+05:30  INFO 17596 --- [r-event-handler] kafka.log.UnifiedLog$                    : [LogLoader partition=__consumer_offsets-15, dir=C:\Users\varsh\AppData\Local\Temp\kafka-14083302370958023596\broker_0_data0] Loading producer state till offset 0 with message format version 2
2026-02-23T19:06:26.415+05:30  INFO 17596 --- [r-event-handler] kafka.log.LogManager                     : Created log for partition __consumer_offsets-15 in C:\Users\varsh\AppData\Local\Temp\kafka-14083302370958023596\broker_0_data0\__consumer_offsets-15 with properties {cleanup.policy=compact, compression.type="producer", segment.bytes=104857600}
2026-02-23T19:06:26.415+05:30  INFO 17596 --- [r-event-handler] kafka.cluster.Partition                  : [Partition __consumer_offsets-15 broker=0] No checkpointed highwatermark is found for partition __consumer_offsets-15
2026-02-23T19:06:26.415+05:30  INFO 17596 --- [r-event-handler] kafka.cluster.Partition                  : [Partition __consumer_offsets-15 broker=0] Log loaded for partition __consumer_offsets-15 with initial high watermark 0
2026-02-23T19:06:26.415+05:30  INFO 17596 --- [r-event-handler] state.change.logger                      : [Broker id=0] Leader __consumer_offsets-15 with topic id Some(fz3_Lw-9SNWTT-LpprAO2A) starts at leader epoch 0 from offset 0 with partition epoch 0, high watermark 0, ISR [0], adding replicas [] and removing replicas [] . Previous leader None and previous leader epoch was -1.
2026-02-23T19:06:26.419+05:30  INFO 17596 --- [r-event-handler] state.change.logger                      : [Broker id=0] Creating new partition __consumer_offsets-48 with topic id fz3_Lw-9SNWTT-LpprAO2A.
2026-02-23T19:06:26.433+05:30  INFO 17596 --- [r-event-handler] kafka.log.UnifiedLog$                    : [LogLoader partition=__consumer_offsets-48, dir=C:\Users\varsh\AppData\Local\Temp\kafka-14083302370958023596\broker_0_data0] Loading producer state till offset 0 with message format version 2
2026-02-23T19:06:26.434+05:30  INFO 17596 --- [r-event-handler] kafka.log.LogManager                     : Created log for partition __consumer_offsets-48 in C:\Users\varsh\AppData\Local\Temp\kafka-14083302370958023596\broker_0_data0\__consumer_offsets-48 with properties {cleanup.policy=compact, compression.type="producer", segment.bytes=104857600}
2026-02-23T19:06:26.434+05:30  INFO 17596 --- [r-event-handler] kafka.cluster.Partition                  : [Partition __consumer_offsets-48 broker=0] No checkpointed highwatermark is found for partition __consumer_offsets-48
2026-02-23T19:06:26.435+05:30  INFO 17596 --- [r-event-handler] kafka.cluster.Partition                  : [Partition __consumer_offsets-48 broker=0] Log loaded for partition __consumer_offsets-48 with initial high watermark 0
2026-02-23T19:06:26.435+05:30  INFO 17596 --- [r-event-handler] state.change.logger                      : [Broker id=0] Leader __consumer_offsets-48 with topic id Some(fz3_Lw-9SNWTT-LpprAO2A) starts at leader epoch 0 from offset 0 with partition epoch 0, high watermark 0, ISR [0], adding replicas [] and removing replicas [] . Previous leader None and previous leader epoch was -1.
2026-02-23T19:06:26.440+05:30  INFO 17596 --- [r-event-handler] state.change.logger                      : [Broker id=0] Creating new partition __consumer_offsets-11 with topic id fz3_Lw-9SNWTT-LpprAO2A.
2026-02-23T19:06:26.454+05:30  INFO 17596 --- [r-event-handler] kafka.log.UnifiedLog$                    : [LogLoader partition=__consumer_offsets-11, dir=C:\Users\varsh\AppData\Local\Temp\kafka-14083302370958023596\broker_0_data0] Loading producer state till offset 0 with message format version 2
2026-02-23T19:06:26.455+05:30  INFO 17596 --- [r-event-handler] kafka.log.LogManager                     : Created log for partition __consumer_offsets-11 in C:\Users\varsh\AppData\Local\Temp\kafka-14083302370958023596\broker_0_data0\__consumer_offsets-11 with properties {cleanup.policy=compact, compression.type="producer", segment.bytes=104857600}
2026-02-23T19:06:26.455+05:30  INFO 17596 --- [r-event-handler] kafka.cluster.Partition                  : [Partition __consumer_offsets-11 broker=0] No checkpointed highwatermark is found for partition __consumer_offsets-11
2026-02-23T19:06:26.455+05:30  INFO 17596 --- [r-event-handler] kafka.cluster.Partition                  : [Partition __consumer_offsets-11 broker=0] Log loaded for partition __consumer_offsets-11 with initial high watermark 0
2026-02-23T19:06:26.455+05:30  INFO 17596 --- [r-event-handler] state.change.logger                      : [Broker id=0] Leader __consumer_offsets-11 with topic id Some(fz3_Lw-9SNWTT-LpprAO2A) starts at leader epoch 0 from offset 0 with partition epoch 0, high watermark 0, ISR [0], adding replicas [] and removing replicas [] . Previous leader None and previous leader epoch was -1.
2026-02-23T19:06:26.461+05:30  INFO 17596 --- [r-event-handler] state.change.logger                      : [Broker id=0] Creating new partition __consumer_offsets-44 with topic id fz3_Lw-9SNWTT-LpprAO2A.
2026-02-23T19:06:26.462+05:30  INFO 17596 --- [ntainer#0-0-C-1] o.a.k.c.c.internals.ConsumerCoordinator  : [Consumer clientId=consumer-midas-core-group-1, groupId=midas-core-group] Discovered group coordinator localhost:61474 (id: 2147483647 rack: null)
2026-02-23T19:06:26.464+05:30  INFO 17596 --- [ntainer#0-0-C-1] o.a.k.c.c.internals.ConsumerCoordinator  : [Consumer clientId=consumer-midas-core-group-1, groupId=midas-core-group] Request joining group due to: rebalance failed due to 'This is not the correct coordinator.' (NotCoordinatorException)
2026-02-23T19:06:26.464+05:30  INFO 17596 --- [ntainer#0-0-C-1] o.a.k.c.c.internals.ConsumerCoordinator  : [Consumer clientId=consumer-midas-core-group-1, groupId=midas-core-group] (Re-)joining group
2026-02-23T19:06:26.468+05:30  INFO 17596 --- [ntainer#0-0-C-1] o.a.k.c.c.internals.ConsumerCoordinator  : [Consumer clientId=consumer-midas-core-group-1, groupId=midas-core-group] Group coordinator localhost:61474 (id: 2147483647 rack: null) is unavailable or invalid due to cause: error response NOT_COORDINATOR. isDisconnected: false. Rediscovery will be attempted.
2026-02-23T19:06:26.469+05:30  INFO 17596 --- [ntainer#0-0-C-1] o.a.k.c.c.internals.ConsumerCoordinator  : [Consumer clientId=consumer-midas-core-group-1, groupId=midas-core-group] Requesting disconnect from last known coordinator localhost:61474 (id: 2147483647 rack: null)
2026-02-23T19:06:26.469+05:30  INFO 17596 --- [ntainer#0-0-C-1] o.a.k.c.c.internals.ConsumerCoordinator  : [Consumer clientId=consumer-midas-core-group-1, groupId=midas-core-group] JoinGroup failed: This is not the correct coordinator. Marking coordinator unknown. Sent generation was Generation{generationId=-1, memberId='', protocol='null'}
2026-02-23T19:06:26.469+05:30  INFO 17596 --- [ntainer#0-0-C-1] org.apache.kafka.clients.NetworkClient   : [Consumer clientId=consumer-midas-core-group-1, groupId=midas-core-group] Client requested disconnect from node 2147483647
2026-02-23T19:06:26.472+05:30  INFO 17596 --- [ntainer#0-0-C-1] o.a.k.c.c.internals.ConsumerCoordinator  : [Consumer clientId=consumer-midas-core-group-1, groupId=midas-core-group] Discovered group coordinator localhost:61474 (id: 2147483647 rack: null)
2026-02-23T19:06:26.472+05:30  INFO 17596 --- [ntainer#0-0-C-1] o.a.k.c.c.internals.ConsumerCoordinator  : [Consumer clientId=consumer-midas-core-group-1, groupId=midas-core-group] Group coordinator localhost:61474 (id: 2147483647 rack: null) is unavailable or invalid due to cause: coordinator unavailable. isDisconnected: false. Rediscovery will be attempted.
2026-02-23T19:06:26.472+05:30  INFO 17596 --- [ntainer#0-0-C-1] o.a.k.c.c.internals.ConsumerCoordinator  : [Consumer clientId=consumer-midas-core-group-1, groupId=midas-core-group] Requesting disconnect from last known coordinator localhost:61474 (id: 2147483647 rack: null)
2026-02-23T19:06:26.476+05:30  INFO 17596 --- [r-event-handler] kafka.log.UnifiedLog$                    : [LogLoader partition=__consumer_offsets-44, dir=C:\Users\varsh\AppData\Local\Temp\kafka-14083302370958023596\broker_0_data0] Loading producer state till offset 0 with message format version 2
2026-02-23T19:06:26.476+05:30  INFO 17596 --- [r-event-handler] kafka.log.LogManager                     : Created log for partition __consumer_offsets-44 in C:\Users\varsh\AppData\Local\Temp\kafka-14083302370958023596\broker_0_data0\__consumer_offsets-44 with properties {cleanup.policy=compact, compression.type="producer", segment.bytes=104857600}
2026-02-23T19:06:26.476+05:30  INFO 17596 --- [r-event-handler] kafka.cluster.Partition                  : [Partition __consumer_offsets-44 broker=0] No checkpointed highwatermark is found for partition __consumer_offsets-44
2026-02-23T19:06:26.476+05:30  INFO 17596 --- [r-event-handler] kafka.cluster.Partition                  : [Partition __consumer_offsets-44 broker=0] Log loaded for partition __consumer_offsets-44 with initial high watermark 0
2026-02-23T19:06:26.476+05:30  INFO 17596 --- [r-event-handler] state.change.logger                      : [Broker id=0] Leader __consumer_offsets-44 with topic id Some(fz3_Lw-9SNWTT-LpprAO2A) starts at leader epoch 0 from offset 0 with partition epoch 0, high watermark 0, ISR [0], adding replicas [] and removing replicas [] . Previous leader None and previous leader epoch was -1.
2026-02-23T19:06:26.479+05:30  INFO 17596 --- [r-event-handler] state.change.logger                      : [Broker id=0] Creating new partition __consumer_offsets-23 with topic id fz3_Lw-9SNWTT-LpprAO2A.
2026-02-23T19:06:26.496+05:30  INFO 17596 --- [r-event-handler] kafka.log.UnifiedLog$                    : [LogLoader partition=__consumer_offsets-23, dir=C:\Users\varsh\AppData\Local\Temp\kafka-14083302370958023596\broker_0_data0] Loading producer state till offset 0 with message format version 2
2026-02-23T19:06:26.497+05:30  INFO 17596 --- [r-event-handler] kafka.log.LogManager                     : Created log for partition __consumer_offsets-23 in C:\Users\varsh\AppData\Local\Temp\kafka-14083302370958023596\broker_0_data0\__consumer_offsets-23 with properties {cleanup.policy=compact, compression.type="producer", segment.bytes=104857600}
2026-02-23T19:06:26.497+05:30  INFO 17596 --- [r-event-handler] kafka.cluster.Partition                  : [Partition __consumer_offsets-23 broker=0] No checkpointed highwatermark is found for partition __consumer_offsets-23
2026-02-23T19:06:26.497+05:30  INFO 17596 --- [r-event-handler] kafka.cluster.Partition                  : [Partition __consumer_offsets-23 broker=0] Log loaded for partition __consumer_offsets-23 with initial high watermark 0
2026-02-23T19:06:26.497+05:30  INFO 17596 --- [r-event-handler] state.change.logger                      : [Broker id=0] Leader __consumer_offsets-23 with topic id Some(fz3_Lw-9SNWTT-LpprAO2A) starts at leader epoch 0 from offset 0 with partition epoch 0, high watermark 0, ISR [0], adding replicas [] and removing replicas [] . Previous leader None and previous leader epoch was -1.
2026-02-23T19:06:26.502+05:30  INFO 17596 --- [r-event-handler] state.change.logger                      : [Broker id=0] Creating new partition __consumer_offsets-19 with topic id fz3_Lw-9SNWTT-LpprAO2A.
2026-02-23T19:06:26.515+05:30  INFO 17596 --- [r-event-handler] kafka.log.UnifiedLog$                    : [LogLoader partition=__consumer_offsets-19, dir=C:\Users\varsh\AppData\Local\Temp\kafka-14083302370958023596\broker_0_data0] Loading producer state till offset 0 with message format version 2
2026-02-23T19:06:26.517+05:30  INFO 17596 --- [r-event-handler] kafka.log.LogManager                     : Created log for partition __consumer_offsets-19 in C:\Users\varsh\AppData\Local\Temp\kafka-14083302370958023596\broker_0_data0\__consumer_offsets-19 with properties {cleanup.policy=compact, compression.type="producer", segment.bytes=104857600}
2026-02-23T19:06:26.517+05:30  INFO 17596 --- [r-event-handler] kafka.cluster.Partition                  : [Partition __consumer_offsets-19 broker=0] No checkpointed highwatermark is found for partition __consumer_offsets-19
2026-02-23T19:06:26.517+05:30  INFO 17596 --- [r-event-handler] kafka.cluster.Partition                  : [Partition __consumer_offsets-19 broker=0] Log loaded for partition __consumer_offsets-19 with initial high watermark 0
2026-02-23T19:06:26.517+05:30  INFO 17596 --- [r-event-handler] state.change.logger                      : [Broker id=0] Leader __consumer_offsets-19 with topic id Some(fz3_Lw-9SNWTT-LpprAO2A) starts at leader epoch 0 from offset 0 with partition epoch 0, high watermark 0, ISR [0], adding replicas [] and removing replicas [] . Previous leader None and previous leader epoch was -1.
2026-02-23T19:06:26.522+05:30  INFO 17596 --- [r-event-handler] state.change.logger                      : [Broker id=0] Creating new partition __consumer_offsets-32 with topic id fz3_Lw-9SNWTT-LpprAO2A.
2026-02-23T19:06:26.537+05:30  INFO 17596 --- [r-event-handler] kafka.log.UnifiedLog$                    : [LogLoader partition=__consumer_offsets-32, dir=C:\Users\varsh\AppData\Local\Temp\kafka-14083302370958023596\broker_0_data0] Loading producer state till offset 0 with message format version 2
2026-02-23T19:06:26.537+05:30  INFO 17596 --- [r-event-handler] kafka.log.LogManager                     : Created log for partition __consumer_offsets-32 in C:\Users\varsh\AppData\Local\Temp\kafka-14083302370958023596\broker_0_data0\__consumer_offsets-32 with properties {cleanup.policy=compact, compression.type="producer", segment.bytes=104857600}
2026-02-23T19:06:26.537+05:30  INFO 17596 --- [r-event-handler] kafka.cluster.Partition                  : [Partition __consumer_offsets-32 broker=0] No checkpointed highwatermark is found for partition __consumer_offsets-32
2026-02-23T19:06:26.537+05:30  INFO 17596 --- [r-event-handler] kafka.cluster.Partition                  : [Partition __consumer_offsets-32 broker=0] Log loaded for partition __consumer_offsets-32 with initial high watermark 0
2026-02-23T19:06:26.537+05:30  INFO 17596 --- [r-event-handler] state.change.logger                      : [Broker id=0] Leader __consumer_offsets-32 with topic id Some(fz3_Lw-9SNWTT-LpprAO2A) starts at leader epoch 0 from offset 0 with partition epoch 0, high watermark 0, ISR [0], adding replicas [] and removing replicas [] . Previous leader None and previous leader epoch was -1.
2026-02-23T19:06:26.544+05:30  INFO 17596 --- [r-event-handler] state.change.logger                      : [Broker id=0] Creating new partition __consumer_offsets-28 with topic id fz3_Lw-9SNWTT-LpprAO2A.
2026-02-23T19:06:26.555+05:30  INFO 17596 --- [r-event-handler] kafka.log.UnifiedLog$                    : [LogLoader partition=__consumer_offsets-28, dir=C:\Users\varsh\AppData\Local\Temp\kafka-14083302370958023596\broker_0_data0] Loading producer state till offset 0 with message format version 2
2026-02-23T19:06:26.556+05:30  INFO 17596 --- [r-event-handler] kafka.log.LogManager                     : Created log for partition __consumer_offsets-28 in C:\Users\varsh\AppData\Local\Temp\kafka-14083302370958023596\broker_0_data0\__consumer_offsets-28 with properties {cleanup.policy=compact, compression.type="producer", segment.bytes=104857600}
2026-02-23T19:06:26.556+05:30  INFO 17596 --- [r-event-handler] kafka.cluster.Partition                  : [Partition __consumer_offsets-28 broker=0] No checkpointed highwatermark is found for partition __consumer_offsets-28
2026-02-23T19:06:26.557+05:30  INFO 17596 --- [r-event-handler] kafka.cluster.Partition                  : [Partition __consumer_offsets-28 broker=0] Log loaded for partition __consumer_offsets-28 with initial high watermark 0
2026-02-23T19:06:26.557+05:30  INFO 17596 --- [r-event-handler] state.change.logger                      : [Broker id=0] Leader __consumer_offsets-28 with topic id Some(fz3_Lw-9SNWTT-LpprAO2A) starts at leader epoch 0 from offset 0 with partition epoch 0, high watermark 0, ISR [0], adding replicas [] and removing replicas [] . Previous leader None and previous leader epoch was -1.
2026-02-23T19:06:26.562+05:30  INFO 17596 --- [r-event-handler] state.change.logger                      : [Broker id=0] Creating new partition __consumer_offsets-7 with topic id fz3_Lw-9SNWTT-LpprAO2A.
2026-02-23T19:06:26.574+05:30  INFO 17596 --- [r-event-handler] kafka.log.UnifiedLog$                    : [LogLoader partition=__consumer_offsets-7, dir=C:\Users\varsh\AppData\Local\Temp\kafka-14083302370958023596\broker_0_data0] Loading producer state till offset 0 with message format version 2
2026-02-23T19:06:26.575+05:30  INFO 17596 --- [r-event-handler] kafka.log.LogManager                     : Created log for partition __consumer_offsets-7 in C:\Users\varsh\AppData\Local\Temp\kafka-14083302370958023596\broker_0_data0\__consumer_offsets-7 with properties {cleanup.policy=compact, compression.type="producer", segment.bytes=104857600}
2026-02-23T19:06:26.575+05:30  INFO 17596 --- [r-event-handler] kafka.cluster.Partition                  : [Partition __consumer_offsets-7 broker=0] No checkpointed highwatermark is found for partition __consumer_offsets-7
2026-02-23T19:06:26.575+05:30  INFO 17596 --- [r-event-handler] kafka.cluster.Partition                  : [Partition __consumer_offsets-7 broker=0] Log loaded for partition __consumer_offsets-7 with initial high watermark 0
2026-02-23T19:06:26.576+05:30  INFO 17596 --- [r-event-handler] state.change.logger                      : [Broker id=0] Leader __consumer_offsets-7 with topic id Some(fz3_Lw-9SNWTT-LpprAO2A) starts at leader epoch 0 from offset 0 with partition epoch 0, high watermark 0, ISR [0], adding replicas [] and removing replicas [] . Previous leader None and previous leader epoch was -1.
2026-02-23T19:06:26.577+05:30  INFO 17596 --- [ntainer#0-0-C-1] o.a.k.c.c.internals.ConsumerCoordinator  : [Consumer clientId=consumer-midas-core-group-1, groupId=midas-core-group] Discovered group coordinator localhost:61474 (id: 2147483647 rack: null)
2026-02-23T19:06:26.579+05:30  INFO 17596 --- [ntainer#0-0-C-1] o.a.k.c.c.internals.ConsumerCoordinator  : [Consumer clientId=consumer-midas-core-group-1, groupId=midas-core-group] Request joining group due to: rebalance failed due to 'This is not the correct coordinator.' (NotCoordinatorException)
2026-02-23T19:06:26.579+05:30  INFO 17596 --- [ntainer#0-0-C-1] o.a.k.c.c.internals.ConsumerCoordinator  : [Consumer clientId=consumer-midas-core-group-1, groupId=midas-core-group] (Re-)joining group
2026-02-23T19:06:26.580+05:30  INFO 17596 --- [r-event-handler] state.change.logger                      : [Broker id=0] Creating new partition __consumer_offsets-40 with topic id fz3_Lw-9SNWTT-LpprAO2A.
2026-02-23T19:06:26.582+05:30  INFO 17596 --- [ntainer#0-0-C-1] o.a.k.c.c.internals.ConsumerCoordinator  : [Consumer clientId=consumer-midas-core-group-1, groupId=midas-core-group] Group coordinator localhost:61474 (id: 2147483647 rack: null) is unavailable or invalid due to cause: error response NOT_COORDINATOR. isDisconnected: false. Rediscovery will be attempted.
2026-02-23T19:06:26.582+05:30  INFO 17596 --- [ntainer#0-0-C-1] o.a.k.c.c.internals.ConsumerCoordinator  : [Consumer clientId=consumer-midas-core-group-1, groupId=midas-core-group] Requesting disconnect from last known coordinator localhost:61474 (id: 2147483647 rack: null)
2026-02-23T19:06:26.582+05:30  INFO 17596 --- [ntainer#0-0-C-1] o.a.k.c.c.internals.ConsumerCoordinator  : [Consumer clientId=consumer-midas-core-group-1, groupId=midas-core-group] JoinGroup failed: This is not the correct coordinator. Marking coordinator unknown. Sent generation was Generation{generationId=-1, memberId='', protocol='null'}
2026-02-23T19:06:26.582+05:30  INFO 17596 --- [ntainer#0-0-C-1] org.apache.kafka.clients.NetworkClient   : [Consumer clientId=consumer-midas-core-group-1, groupId=midas-core-group] Client requested disconnect from node 2147483647
2026-02-23T19:06:26.585+05:30  INFO 17596 --- [ntainer#0-0-C-1] o.a.k.c.c.internals.ConsumerCoordinator  : [Consumer clientId=consumer-midas-core-group-1, groupId=midas-core-group] Discovered group coordinator localhost:61474 (id: 2147483647 rack: null)
2026-02-23T19:06:26.585+05:30  INFO 17596 --- [ntainer#0-0-C-1] o.a.k.c.c.internals.ConsumerCoordinator  : [Consumer clientId=consumer-midas-core-group-1, groupId=midas-core-group] Group coordinator localhost:61474 (id: 2147483647 rack: null) is unavailable or invalid due to cause: coordinator unavailable. isDisconnected: false. Rediscovery will be attempted.
2026-02-23T19:06:26.585+05:30  INFO 17596 --- [ntainer#0-0-C-1] o.a.k.c.c.internals.ConsumerCoordinator  : [Consumer clientId=consumer-midas-core-group-1, groupId=midas-core-group] Requesting disconnect from last known coordinator localhost:61474 (id: 2147483647 rack: null)
2026-02-23T19:06:26.596+05:30  INFO 17596 --- [r-event-handler] kafka.log.UnifiedLog$                    : [LogLoader partition=__consumer_offsets-40, dir=C:\Users\varsh\AppData\Local\Temp\kafka-14083302370958023596\broker_0_data0] Loading producer state till offset 0 with message format version 2
2026-02-23T19:06:26.597+05:30  INFO 17596 --- [r-event-handler] kafka.log.LogManager                     : Created log for partition __consumer_offsets-40 in C:\Users\varsh\AppData\Local\Temp\kafka-14083302370958023596\broker_0_data0\__consumer_offsets-40 with properties {cleanup.policy=compact, compression.type="producer", segment.bytes=104857600}
2026-02-23T19:06:26.597+05:30  INFO 17596 --- [r-event-handler] kafka.cluster.Partition                  : [Partition __consumer_offsets-40 broker=0] No checkpointed highwatermark is found for partition __consumer_offsets-40
2026-02-23T19:06:26.597+05:30  INFO 17596 --- [r-event-handler] kafka.cluster.Partition                  : [Partition __consumer_offsets-40 broker=0] Log loaded for partition __consumer_offsets-40 with initial high watermark 0
2026-02-23T19:06:26.597+05:30  INFO 17596 --- [r-event-handler] state.change.logger                      : [Broker id=0] Leader __consumer_offsets-40 with topic id Some(fz3_Lw-9SNWTT-LpprAO2A) starts at leader epoch 0 from offset 0 with partition epoch 0, high watermark 0, ISR [0], adding replicas [] and removing replicas [] . Previous leader None and previous leader epoch was -1.
2026-02-23T19:06:26.600+05:30  INFO 17596 --- [r-event-handler] state.change.logger                      : [Broker id=0] Creating new partition __consumer_offsets-3 with topic id fz3_Lw-9SNWTT-LpprAO2A.
2026-02-23T19:06:26.610+05:30  INFO 17596 --- [r-event-handler] kafka.log.UnifiedLog$                    : [LogLoader partition=__consumer_offsets-3, dir=C:\Users\varsh\AppData\Local\Temp\kafka-14083302370958023596\broker_0_data0] Loading producer state till offset 0 with message format version 2
2026-02-23T19:06:26.610+05:30  INFO 17596 --- [r-event-handler] kafka.log.LogManager                     : Created log for partition __consumer_offsets-3 in C:\Users\varsh\AppData\Local\Temp\kafka-14083302370958023596\broker_0_data0\__consumer_offsets-3 with properties {cleanup.policy=compact, compression.type="producer", segment.bytes=104857600}
2026-02-23T19:06:26.610+05:30  INFO 17596 --- [r-event-handler] kafka.cluster.Partition                  : [Partition __consumer_offsets-3 broker=0] No checkpointed highwatermark is found for partition __consumer_offsets-3
2026-02-23T19:06:26.610+05:30  INFO 17596 --- [r-event-handler] kafka.cluster.Partition                  : [Partition __consumer_offsets-3 broker=0] Log loaded for partition __consumer_offsets-3 with initial high watermark 0
2026-02-23T19:06:26.610+05:30  INFO 17596 --- [r-event-handler] state.change.logger                      : [Broker id=0] Leader __consumer_offsets-3 with topic id Some(fz3_Lw-9SNWTT-LpprAO2A) starts at leader epoch 0 from offset 0 with partition epoch 0, high watermark 0, ISR [0], adding replicas [] and removing replicas [] . Previous leader None and previous leader epoch was -1.
2026-02-23T19:06:26.621+05:30  INFO 17596 --- [r-event-handler] state.change.logger                      : [Broker id=0] Creating new partition __consumer_offsets-36 with topic id fz3_Lw-9SNWTT-LpprAO2A.
2026-02-23T19:06:26.627+05:30  INFO 17596 --- [r-event-handler] kafka.log.UnifiedLog$                    : [LogLoader partition=__consumer_offsets-36, dir=C:\Users\varsh\AppData\Local\Temp\kafka-14083302370958023596\broker_0_data0] Loading producer state till offset 0 with message format version 2
2026-02-23T19:06:26.635+05:30  INFO 17596 --- [r-event-handler] kafka.log.LogManager                     : Created log for partition __consumer_offsets-36 in C:\Users\varsh\AppData\Local\Temp\kafka-14083302370958023596\broker_0_data0\__consumer_offsets-36 with properties {cleanup.policy=compact, compression.type="producer", segment.bytes=104857600}
2026-02-23T19:06:26.635+05:30  INFO 17596 --- [r-event-handler] kafka.cluster.Partition                  : [Partition __consumer_offsets-36 broker=0] No checkpointed highwatermark is found for partition __consumer_offsets-36
2026-02-23T19:06:26.635+05:30  INFO 17596 --- [r-event-handler] kafka.cluster.Partition                  : [Partition __consumer_offsets-36 broker=0] Log loaded for partition __consumer_offsets-36 with initial high watermark 0
2026-02-23T19:06:26.635+05:30  INFO 17596 --- [r-event-handler] state.change.logger                      : [Broker id=0] Leader __consumer_offsets-36 with topic id Some(fz3_Lw-9SNWTT-LpprAO2A) starts at leader epoch 0 from offset 0 with partition epoch 0, high watermark 0, ISR [0], adding replicas [] and removing replicas [] . Previous leader None and previous leader epoch was -1.
2026-02-23T19:06:26.639+05:30  INFO 17596 --- [r-event-handler] state.change.logger                      : [Broker id=0] Creating new partition __consumer_offsets-47 with topic id fz3_Lw-9SNWTT-LpprAO2A.
2026-02-23T19:06:26.652+05:30  INFO 17596 --- [r-event-handler] kafka.log.UnifiedLog$                    : [LogLoader partition=__consumer_offsets-47, dir=C:\Users\varsh\AppData\Local\Temp\kafka-14083302370958023596\broker_0_data0] Loading producer state till offset 0 with message format version 2
2026-02-23T19:06:26.653+05:30  INFO 17596 --- [r-event-handler] kafka.log.LogManager                     : Created log for partition __consumer_offsets-47 in C:\Users\varsh\AppData\Local\Temp\kafka-14083302370958023596\broker_0_data0\__consumer_offsets-47 with properties {cleanup.policy=compact, compression.type="producer", segment.bytes=104857600}
2026-02-23T19:06:26.653+05:30  INFO 17596 --- [r-event-handler] kafka.cluster.Partition                  : [Partition __consumer_offsets-47 broker=0] No checkpointed highwatermark is found for partition __consumer_offsets-47
2026-02-23T19:06:26.653+05:30  INFO 17596 --- [r-event-handler] kafka.cluster.Partition                  : [Partition __consumer_offsets-47 broker=0] Log loaded for partition __consumer_offsets-47 with initial high watermark 0
2026-02-23T19:06:26.653+05:30  INFO 17596 --- [r-event-handler] state.change.logger                      : [Broker id=0] Leader __consumer_offsets-47 with topic id Some(fz3_Lw-9SNWTT-LpprAO2A) starts at leader epoch 0 from offset 0 with partition epoch 0, high watermark 0, ISR [0], adding replicas [] and removing replicas [] . Previous leader None and previous leader epoch was -1.
2026-02-23T19:06:26.658+05:30  INFO 17596 --- [r-event-handler] state.change.logger                      : [Broker id=0] Creating new partition __consumer_offsets-14 with topic id fz3_Lw-9SNWTT-LpprAO2A.
2026-02-23T19:06:26.670+05:30  INFO 17596 --- [r-event-handler] kafka.log.UnifiedLog$                    : [LogLoader partition=__consumer_offsets-14, dir=C:\Users\varsh\AppData\Local\Temp\kafka-14083302370958023596\broker_0_data0] Loading producer state till offset 0 with message format version 2
2026-02-23T19:06:26.672+05:30  INFO 17596 --- [r-event-handler] kafka.log.LogManager                     : Created log for partition __consumer_offsets-14 in C:\Users\varsh\AppData\Local\Temp\kafka-14083302370958023596\broker_0_data0\__consumer_offsets-14 with properties {cleanup.policy=compact, compression.type="producer", segment.bytes=104857600}
2026-02-23T19:06:26.672+05:30  INFO 17596 --- [r-event-handler] kafka.cluster.Partition                  : [Partition __consumer_offsets-14 broker=0] No checkpointed highwatermark is found for partition __consumer_offsets-14
2026-02-23T19:06:26.672+05:30  INFO 17596 --- [r-event-handler] kafka.cluster.Partition                  : [Partition __consumer_offsets-14 broker=0] Log loaded for partition __consumer_offsets-14 with initial high watermark 0
2026-02-23T19:06:26.672+05:30  INFO 17596 --- [r-event-handler] state.change.logger                      : [Broker id=0] Leader __consumer_offsets-14 with topic id Some(fz3_Lw-9SNWTT-LpprAO2A) starts at leader epoch 0 from offset 0 with partition epoch 0, high watermark 0, ISR [0], adding replicas [] and removing replicas [] . Previous leader None and previous leader epoch was -1.
2026-02-23T19:06:26.676+05:30  INFO 17596 --- [r-event-handler] state.change.logger                      : [Broker id=0] Creating new partition __consumer_offsets-43 with topic id fz3_Lw-9SNWTT-LpprAO2A.
2026-02-23T19:06:26.687+05:30  INFO 17596 --- [r-event-handler] kafka.log.UnifiedLog$                    : [LogLoader partition=__consumer_offsets-43, dir=C:\Users\varsh\AppData\Local\Temp\kafka-14083302370958023596\broker_0_data0] Loading producer state till offset 0 with message format version 2
2026-02-23T19:06:26.689+05:30  INFO 17596 --- [r-event-handler] kafka.log.LogManager                     : Created log for partition __consumer_offsets-43 in C:\Users\varsh\AppData\Local\Temp\kafka-14083302370958023596\broker_0_data0\__consumer_offsets-43 with properties {cleanup.policy=compact, compression.type="producer", segment.bytes=104857600}
2026-02-23T19:06:26.689+05:30  INFO 17596 --- [r-event-handler] kafka.cluster.Partition                  : [Partition __consumer_offsets-43 broker=0] No checkpointed highwatermark is found for partition __consumer_offsets-43
2026-02-23T19:06:26.689+05:30  INFO 17596 --- [r-event-handler] kafka.cluster.Partition                  : [Partition __consumer_offsets-43 broker=0] Log loaded for partition __consumer_offsets-43 with initial high watermark 0
2026-02-23T19:06:26.689+05:30  INFO 17596 --- [r-event-handler] state.change.logger                      : [Broker id=0] Leader __consumer_offsets-43 with topic id Some(fz3_Lw-9SNWTT-LpprAO2A) starts at leader epoch 0 from offset 0 with partition epoch 0, high watermark 0, ISR [0], adding replicas [] and removing replicas [] . Previous leader None and previous leader epoch was -1.
2026-02-23T19:06:26.694+05:30  INFO 17596 --- [ntainer#0-0-C-1] o.a.k.c.c.internals.ConsumerCoordinator  : [Consumer clientId=consumer-midas-core-group-1, groupId=midas-core-group] Discovered group coordinator localhost:61474 (id: 2147483647 rack: null)
2026-02-23T19:06:26.694+05:30  INFO 17596 --- [r-event-handler] state.change.logger                      : [Broker id=0] Creating new partition __consumer_offsets-10 with topic id fz3_Lw-9SNWTT-LpprAO2A.
2026-02-23T19:06:26.695+05:30  INFO 17596 --- [ntainer#0-0-C-1] o.a.k.c.c.internals.ConsumerCoordinator  : [Consumer clientId=consumer-midas-core-group-1, groupId=midas-core-group] Request joining group due to: rebalance failed due to 'This is not the correct coordinator.' (NotCoordinatorException)
2026-02-23T19:06:26.696+05:30  INFO 17596 --- [ntainer#0-0-C-1] o.a.k.c.c.internals.ConsumerCoordinator  : [Consumer clientId=consumer-midas-core-group-1, groupId=midas-core-group] (Re-)joining group
2026-02-23T19:06:26.699+05:30  INFO 17596 --- [ntainer#0-0-C-1] o.a.k.c.c.internals.ConsumerCoordinator  : [Consumer clientId=consumer-midas-core-group-1, groupId=midas-core-group] Group coordinator localhost:61474 (id: 2147483647 rack: null) is unavailable or invalid due to cause: error response NOT_COORDINATOR. isDisconnected: false. Rediscovery will be attempted.
2026-02-23T19:06:26.699+05:30  INFO 17596 --- [ntainer#0-0-C-1] o.a.k.c.c.internals.ConsumerCoordinator  : [Consumer clientId=consumer-midas-core-group-1, groupId=midas-core-group] Requesting disconnect from last known coordinator localhost:61474 (id: 2147483647 rack: null)
2026-02-23T19:06:26.699+05:30  INFO 17596 --- [ntainer#0-0-C-1] o.a.k.c.c.internals.ConsumerCoordinator  : [Consumer clientId=consumer-midas-core-group-1, groupId=midas-core-group] JoinGroup failed: This is not the correct coordinator. Marking coordinator unknown. Sent generation was Generation{generationId=-1, memberId='', protocol='null'}
2026-02-23T19:06:26.699+05:30  INFO 17596 --- [ntainer#0-0-C-1] org.apache.kafka.clients.NetworkClient   : [Consumer clientId=consumer-midas-core-group-1, groupId=midas-core-group] Client requested disconnect from node 2147483647
2026-02-23T19:06:26.701+05:30  INFO 17596 --- [ntainer#0-0-C-1] o.a.k.c.c.internals.ConsumerCoordinator  : [Consumer clientId=consumer-midas-core-group-1, groupId=midas-core-group] Discovered group coordinator localhost:61474 (id: 2147483647 rack: null)
2026-02-23T19:06:26.701+05:30  INFO 17596 --- [ntainer#0-0-C-1] o.a.k.c.c.internals.ConsumerCoordinator  : [Consumer clientId=consumer-midas-core-group-1, groupId=midas-core-group] Group coordinator localhost:61474 (id: 2147483647 rack: null) is unavailable or invalid due to cause: coordinator unavailable. isDisconnected: false. Rediscovery will be attempted.
2026-02-23T19:06:26.701+05:30  INFO 17596 --- [ntainer#0-0-C-1] o.a.k.c.c.internals.ConsumerCoordinator  : [Consumer clientId=consumer-midas-core-group-1, groupId=midas-core-group] Requesting disconnect from last known coordinator localhost:61474 (id: 2147483647 rack: null)
2026-02-23T19:06:26.707+05:30  INFO 17596 --- [r-event-handler] kafka.log.UnifiedLog$                    : [LogLoader partition=__consumer_offsets-10, dir=C:\Users\varsh\AppData\Local\Temp\kafka-14083302370958023596\broker_0_data0] Loading producer state till offset 0 with message format version 2
2026-02-23T19:06:26.708+05:30  INFO 17596 --- [r-event-handler] kafka.log.LogManager                     : Created log for partition __consumer_offsets-10 in C:\Users\varsh\AppData\Local\Temp\kafka-14083302370958023596\broker_0_data0\__consumer_offsets-10 with properties {cleanup.policy=compact, compression.type="producer", segment.bytes=104857600}
2026-02-23T19:06:26.708+05:30  INFO 17596 --- [r-event-handler] kafka.cluster.Partition                  : [Partition __consumer_offsets-10 broker=0] No checkpointed highwatermark is found for partition __consumer_offsets-10
2026-02-23T19:06:26.708+05:30  INFO 17596 --- [r-event-handler] kafka.cluster.Partition                  : [Partition __consumer_offsets-10 broker=0] Log loaded for partition __consumer_offsets-10 with initial high watermark 0
2026-02-23T19:06:26.708+05:30  INFO 17596 --- [r-event-handler] state.change.logger                      : [Broker id=0] Leader __consumer_offsets-10 with topic id Some(fz3_Lw-9SNWTT-LpprAO2A) starts at leader epoch 0 from offset 0 with partition epoch 0, high watermark 0, ISR [0], adding replicas [] and removing replicas [] . Previous leader None and previous leader epoch was -1.
2026-02-23T19:06:26.713+05:30  INFO 17596 --- [r-event-handler] state.change.logger                      : [Broker id=0] Creating new partition __consumer_offsets-22 with topic id fz3_Lw-9SNWTT-LpprAO2A.
2026-02-23T19:06:26.724+05:30  INFO 17596 --- [r-event-handler] kafka.log.UnifiedLog$                    : [LogLoader partition=__consumer_offsets-22, dir=C:\Users\varsh\AppData\Local\Temp\kafka-14083302370958023596\broker_0_data0] Loading producer state till offset 0 with message format version 2
2026-02-23T19:06:26.725+05:30  INFO 17596 --- [r-event-handler] kafka.log.LogManager                     : Created log for partition __consumer_offsets-22 in C:\Users\varsh\AppData\Local\Temp\kafka-14083302370958023596\broker_0_data0\__consumer_offsets-22 with properties {cleanup.policy=compact, compression.type="producer", segment.bytes=104857600}
2026-02-23T19:06:26.725+05:30  INFO 17596 --- [r-event-handler] kafka.cluster.Partition                  : [Partition __consumer_offsets-22 broker=0] No checkpointed highwatermark is found for partition __consumer_offsets-22
2026-02-23T19:06:26.725+05:30  INFO 17596 --- [r-event-handler] kafka.cluster.Partition                  : [Partition __consumer_offsets-22 broker=0] Log loaded for partition __consumer_offsets-22 with initial high watermark 0
2026-02-23T19:06:26.725+05:30  INFO 17596 --- [r-event-handler] state.change.logger                      : [Broker id=0] Leader __consumer_offsets-22 with topic id Some(fz3_Lw-9SNWTT-LpprAO2A) starts at leader epoch 0 from offset 0 with partition epoch 0, high watermark 0, ISR [0], adding replicas [] and removing replicas [] . Previous leader None and previous leader epoch was -1.
2026-02-23T19:06:26.727+05:30  INFO 17596 --- [r-event-handler] state.change.logger                      : [Broker id=0] Creating new partition __consumer_offsets-18 with topic id fz3_Lw-9SNWTT-LpprAO2A.
2026-02-23T19:06:26.727+05:30  INFO 17596 --- [r-event-handler] kafka.log.UnifiedLog$                    : [LogLoader partition=__consumer_offsets-18, dir=C:\Users\varsh\AppData\Local\Temp\kafka-14083302370958023596\broker_0_data0] Loading producer state till offset 0 with message format version 2
2026-02-23T19:06:26.741+05:30  INFO 17596 --- [r-event-handler] kafka.log.LogManager                     : Created log for partition __consumer_offsets-18 in C:\Users\varsh\AppData\Local\Temp\kafka-14083302370958023596\broker_0_data0\__consumer_offsets-18 with properties {cleanup.policy=compact, compression.type="producer", segment.bytes=104857600}
2026-02-23T19:06:26.741+05:30  INFO 17596 --- [r-event-handler] kafka.cluster.Partition                  : [Partition __consumer_offsets-18 broker=0] No checkpointed highwatermark is found for partition __consumer_offsets-18
2026-02-23T19:06:26.741+05:30  INFO 17596 --- [r-event-handler] kafka.cluster.Partition                  : [Partition __consumer_offsets-18 broker=0] Log loaded for partition __consumer_offsets-18 with initial high watermark 0
2026-02-23T19:06:26.741+05:30  INFO 17596 --- [r-event-handler] state.change.logger                      : [Broker id=0] Leader __consumer_offsets-18 with topic id Some(fz3_Lw-9SNWTT-LpprAO2A) starts at leader epoch 0 from offset 0 with partition epoch 0, high watermark 0, ISR [0], adding replicas [] and removing replicas [] . Previous leader None and previous leader epoch was -1.
2026-02-23T19:06:26.746+05:30  INFO 17596 --- [r-event-handler] state.change.logger                      : [Broker id=0] Creating new partition __consumer_offsets-31 with topic id fz3_Lw-9SNWTT-LpprAO2A.
2026-02-23T19:06:26.758+05:30  INFO 17596 --- [r-event-handler] kafka.log.UnifiedLog$                    : [LogLoader partition=__consumer_offsets-31, dir=C:\Users\varsh\AppData\Local\Temp\kafka-14083302370958023596\broker_0_data0] Loading producer state till offset 0 with message format version 2
2026-02-23T19:06:26.758+05:30  INFO 17596 --- [r-event-handler] kafka.log.LogManager                     : Created log for partition __consumer_offsets-31 in C:\Users\varsh\AppData\Local\Temp\kafka-14083302370958023596\broker_0_data0\__consumer_offsets-31 with properties {cleanup.policy=compact, compression.type="producer", segment.bytes=104857600}
2026-02-23T19:06:26.759+05:30  INFO 17596 --- [r-event-handler] kafka.cluster.Partition                  : [Partition __consumer_offsets-31 broker=0] No checkpointed highwatermark is found for partition __consumer_offsets-31
2026-02-23T19:06:26.759+05:30  INFO 17596 --- [r-event-handler] kafka.cluster.Partition                  : [Partition __consumer_offsets-31 broker=0] Log loaded for partition __consumer_offsets-31 with initial high watermark 0
2026-02-23T19:06:26.759+05:30  INFO 17596 --- [r-event-handler] state.change.logger                      : [Broker id=0] Leader __consumer_offsets-31 with topic id Some(fz3_Lw-9SNWTT-LpprAO2A) starts at leader epoch 0 from offset 0 with partition epoch 0, high watermark 0, ISR [0], adding replicas [] and removing replicas [] . Previous leader None and previous leader epoch was -1.
2026-02-23T19:06:26.764+05:30  INFO 17596 --- [r-event-handler] state.change.logger                      : [Broker id=0] Creating new partition __consumer_offsets-27 with topic id fz3_Lw-9SNWTT-LpprAO2A.
2026-02-23T19:06:26.782+05:30  INFO 17596 --- [r-event-handler] kafka.log.UnifiedLog$                    : [LogLoader partition=__consumer_offsets-27, dir=C:\Users\varsh\AppData\Local\Temp\kafka-14083302370958023596\broker_0_data0] Loading producer state till offset 0 with message format version 2
2026-02-23T19:06:26.782+05:30  INFO 17596 --- [r-event-handler] kafka.log.LogManager                     : Created log for partition __consumer_offsets-27 in C:\Users\varsh\AppData\Local\Temp\kafka-14083302370958023596\broker_0_data0\__consumer_offsets-27 with properties {cleanup.policy=compact, compression.type="producer", segment.bytes=104857600}
2026-02-23T19:06:26.782+05:30  INFO 17596 --- [r-event-handler] kafka.cluster.Partition                  : [Partition __consumer_offsets-27 broker=0] No checkpointed highwatermark is found for partition __consumer_offsets-27
2026-02-23T19:06:26.782+05:30  INFO 17596 --- [r-event-handler] kafka.cluster.Partition                  : [Partition __consumer_offsets-27 broker=0] Log loaded for partition __consumer_offsets-27 with initial high watermark 0
2026-02-23T19:06:26.782+05:30  INFO 17596 --- [r-event-handler] state.change.logger                      : [Broker id=0] Leader __consumer_offsets-27 with topic id Some(fz3_Lw-9SNWTT-LpprAO2A) starts at leader epoch 0 from offset 0 with partition epoch 0, high watermark 0, ISR [0], adding replicas [] and removing replicas [] . Previous leader None and previous leader epoch was -1.
2026-02-23T19:06:26.784+05:30  INFO 17596 --- [r-event-handler] state.change.logger                      : [Broker id=0] Creating new partition __consumer_offsets-39 with topic id fz3_Lw-9SNWTT-LpprAO2A.
2026-02-23T19:06:26.794+05:30  INFO 17596 --- [           main] o.a.k.clients.producer.ProducerConfig    : ProducerConfig values: 
	acks = -1
	auto.include.jmx.reporter = true
	batch.size = 16384
	bootstrap.servers = [localhost:61474]
	buffer.memory = 33554432
	client.dns.lookup = use_all_dns_ips
	client.id = producer-1
	compression.type = none
	connections.max.idle.ms = 540000
	delivery.timeout.ms = 120000
	enable.idempotence = true
	interceptor.classes = []
	key.serializer = class org.apache.kafka.common.serialization.StringSerializer
	linger.ms = 0
	max.block.ms = 60000
	max.in.flight.requests.per.connection = 5
	max.request.size = 1048576
	metadata.max.age.ms = 300000
	metadata.max.idle.ms = 300000
	metric.reporters = []
	metrics.num.samples = 2
	metrics.recording.level = INFO
	metrics.sample.window.ms = 30000
	partitioner.adaptive.partitioning.enable = true
	partitioner.availability.timeout.ms = 0
	partitioner.class = null
	partitioner.ignore.keys = false
	receive.buffer.bytes = 32768
	reconnect.backoff.max.ms = 1000
	reconnect.backoff.ms = 50
	request.timeout.ms = 30000
	retries = 2147483647
	retry.backoff.ms = 100
	sasl.client.callback.handler.class = null
	sasl.jaas.config = null
	sasl.kerberos.kinit.cmd = /usr/bin/kinit
	sasl.kerberos.min.time.before.relogin = 60000
	sasl.kerberos.service.name = null
	sasl.kerberos.ticket.renew.jitter = 0.05
	sasl.kerberos.ticket.renew.window.factor = 0.8
	sasl.login.callback.handler.class = null
	sasl.login.class = null
	sasl.login.connect.timeout.ms = null
	sasl.login.read.timeout.ms = null
	sasl.login.refresh.buffer.seconds = 300
	sasl.login.refresh.min.period.seconds = 60
	sasl.login.refresh.window.factor = 0.8
	sasl.login.refresh.window.jitter = 0.05
	sasl.login.retry.backoff.max.ms = 10000
	sasl.login.retry.backoff.ms = 100
	sasl.mechanism = GSSAPI
	sasl.oauthbearer.clock.skew.seconds = 30
	sasl.oauthbearer.expected.audience = null
	sasl.oauthbearer.expected.issuer = null
	sasl.oauthbearer.jwks.endpoint.refresh.ms = 3600000
	sasl.oauthbearer.jwks.endpoint.retry.backoff.max.ms = 10000
	sasl.oauthbearer.jwks.endpoint.retry.backoff.ms = 100
	sasl.oauthbearer.jwks.endpoint.url = null
	sasl.oauthbearer.scope.claim.name = scope
	sasl.oauthbearer.sub.claim.name = sub
	sasl.oauthbearer.token.endpoint.url = null
	security.protocol = PLAINTEXT
	security.providers = null
	send.buffer.bytes = 131072
	socket.connection.setup.timeout.max.ms = 30000
	socket.connection.setup.timeout.ms = 10000
	ssl.cipher.suites = null
	ssl.enabled.protocols = [TLSv1.2, TLSv1.3]
	ssl.endpoint.identification.algorithm = https
	ssl.engine.factory.class = null
	ssl.key.password = null
	ssl.keymanager.algorithm = SunX509
	ssl.keystore.certificate.chain = null
	ssl.keystore.key = null
	ssl.keystore.location = null
	ssl.keystore.password = null
	ssl.keystore.type = JKS
	ssl.protocol = TLSv1.3
	ssl.provider = null
	ssl.secure.random.implementation = null
	ssl.trustmanager.algorithm = PKIX
	ssl.truststore.certificates = null
	ssl.truststore.location = null
	ssl.truststore.password = null
	ssl.truststore.type = JKS
	transaction.timeout.ms = 60000
	transactional.id = null
	value.serializer = class org.springframework.kafka.support.serializer.JsonSerializer

2026-02-23T19:06:26.801+05:30  INFO 17596 --- [r-event-handler] kafka.log.UnifiedLog$                    : [LogLoader partition=__consumer_offsets-39, dir=C:\Users\varsh\AppData\Local\Temp\kafka-14083302370958023596\broker_0_data0] Loading producer state till offset 0 with message format version 2
2026-02-23T19:06:26.802+05:30  INFO 17596 --- [r-event-handler] kafka.log.LogManager                     : Created log for partition __consumer_offsets-39 in C:\Users\varsh\AppData\Local\Temp\kafka-14083302370958023596\broker_0_data0\__consumer_offsets-39 with properties {cleanup.policy=compact, compression.type="producer", segment.bytes=104857600}
2026-02-23T19:06:26.802+05:30  INFO 17596 --- [r-event-handler] kafka.cluster.Partition                  : [Partition __consumer_offsets-39 broker=0] No checkpointed highwatermark is found for partition __consumer_offsets-39
2026-02-23T19:06:26.802+05:30  INFO 17596 --- [r-event-handler] kafka.cluster.Partition                  : [Partition __consumer_offsets-39 broker=0] Log loaded for partition __consumer_offsets-39 with initial high watermark 0
2026-02-23T19:06:26.802+05:30  INFO 17596 --- [r-event-handler] state.change.logger                      : [Broker id=0] Leader __consumer_offsets-39 with topic id Some(fz3_Lw-9SNWTT-LpprAO2A) starts at leader epoch 0 from offset 0 with partition epoch 0, high watermark 0, ISR [0], adding replicas [] and removing replicas [] . Previous leader None and previous leader epoch was -1.
2026-02-23T19:06:26.806+05:30  INFO 17596 --- [r-event-handler] state.change.logger                      : [Broker id=0] Creating new partition __consumer_offsets-6 with topic id fz3_Lw-9SNWTT-LpprAO2A.
2026-02-23T19:06:26.811+05:30  INFO 17596 --- [ntainer#0-0-C-1] o.a.k.c.c.internals.ConsumerCoordinator  : [Consumer clientId=consumer-midas-core-group-1, groupId=midas-core-group] Discovered group coordinator localhost:61474 (id: 2147483647 rack: null)
2026-02-23T19:06:26.811+05:30  INFO 17596 --- [           main] o.a.k.clients.producer.KafkaProducer     : [Producer clientId=producer-1] Instantiated an idempotent producer.
2026-02-23T19:06:26.812+05:30  INFO 17596 --- [ntainer#0-0-C-1] o.a.k.c.c.internals.ConsumerCoordinator  : [Consumer clientId=consumer-midas-core-group-1, groupId=midas-core-group] Request joining group due to: rebalance failed due to 'This is not the correct coordinator.' (NotCoordinatorException)
2026-02-23T19:06:26.813+05:30  INFO 17596 --- [ntainer#0-0-C-1] o.a.k.c.c.internals.ConsumerCoordinator  : [Consumer clientId=consumer-midas-core-group-1, groupId=midas-core-group] (Re-)joining group
2026-02-23T19:06:26.816+05:30  INFO 17596 --- [ntainer#0-0-C-1] o.a.k.c.c.internals.ConsumerCoordinator  : [Consumer clientId=consumer-midas-core-group-1, groupId=midas-core-group] Group coordinator localhost:61474 (id: 2147483647 rack: null) is unavailable or invalid due to cause: error response NOT_COORDINATOR. isDisconnected: false. Rediscovery will be attempted.
2026-02-23T19:06:26.816+05:30  INFO 17596 --- [ntainer#0-0-C-1] o.a.k.c.c.internals.ConsumerCoordinator  : [Consumer clientId=consumer-midas-core-group-1, groupId=midas-core-group] Requesting disconnect from last known coordinator localhost:61474 (id: 2147483647 rack: null)
2026-02-23T19:06:26.816+05:30  INFO 17596 --- [ntainer#0-0-C-1] o.a.k.c.c.internals.ConsumerCoordinator  : [Consumer clientId=consumer-midas-core-group-1, groupId=midas-core-group] JoinGroup failed: This is not the correct coordinator. Marking coordinator unknown. Sent generation was Generation{generationId=-1, memberId='', protocol='null'}
2026-02-23T19:06:26.816+05:30  INFO 17596 --- [ntainer#0-0-C-1] org.apache.kafka.clients.NetworkClient   : [Consumer clientId=consumer-midas-core-group-1, groupId=midas-core-group] Client requested disconnect from node 2147483647
2026-02-23T19:06:26.818+05:30  INFO 17596 --- [ntainer#0-0-C-1] o.a.k.c.c.internals.ConsumerCoordinator  : [Consumer clientId=consumer-midas-core-group-1, groupId=midas-core-group] Discovered group coordinator localhost:61474 (id: 2147483647 rack: null)
2026-02-23T19:06:26.818+05:30  INFO 17596 --- [ntainer#0-0-C-1] o.a.k.c.c.internals.ConsumerCoordinator  : [Consumer clientId=consumer-midas-core-group-1, groupId=midas-core-group] Group coordinator localhost:61474 (id: 2147483647 rack: null) is unavailable or invalid due to cause: coordinator unavailable. isDisconnected: false. Rediscovery will be attempted.
2026-02-23T19:06:26.818+05:30  INFO 17596 --- [ntainer#0-0-C-1] o.a.k.c.c.internals.ConsumerCoordinator  : [Consumer clientId=consumer-midas-core-group-1, groupId=midas-core-group] Requesting disconnect from last known coordinator localhost:61474 (id: 2147483647 rack: null)
2026-02-23T19:06:26.820+05:30  INFO 17596 --- [r-event-handler] kafka.log.UnifiedLog$                    : [LogLoader partition=__consumer_offsets-6, dir=C:\Users\varsh\AppData\Local\Temp\kafka-14083302370958023596\broker_0_data0] Loading producer state till offset 0 with message format version 2
2026-02-23T19:06:26.821+05:30  INFO 17596 --- [r-event-handler] kafka.log.LogManager                     : Created log for partition __consumer_offsets-6 in C:\Users\varsh\AppData\Local\Temp\kafka-14083302370958023596\broker_0_data0\__consumer_offsets-6 with properties {cleanup.policy=compact, compression.type="producer", segment.bytes=104857600}
2026-02-23T19:06:26.821+05:30  INFO 17596 --- [r-event-handler] kafka.cluster.Partition                  : [Partition __consumer_offsets-6 broker=0] No checkpointed highwatermark is found for partition __consumer_offsets-6
2026-02-23T19:06:26.821+05:30  INFO 17596 --- [r-event-handler] kafka.cluster.Partition                  : [Partition __consumer_offsets-6 broker=0] Log loaded for partition __consumer_offsets-6 with initial high watermark 0
2026-02-23T19:06:26.821+05:30  INFO 17596 --- [r-event-handler] state.change.logger                      : [Broker id=0] Leader __consumer_offsets-6 with topic id Some(fz3_Lw-9SNWTT-LpprAO2A) starts at leader epoch 0 from offset 0 with partition epoch 0, high watermark 0, ISR [0], adding replicas [] and removing replicas [] . Previous leader None and previous leader epoch was -1.
2026-02-23T19:06:26.826+05:30  INFO 17596 --- [r-event-handler] state.change.logger                      : [Broker id=0] Creating new partition __consumer_offsets-35 with topic id fz3_Lw-9SNWTT-LpprAO2A.
2026-02-23T19:06:26.833+05:30  INFO 17596 --- [r-event-handler] kafka.log.UnifiedLog$                    : [LogLoader partition=__consumer_offsets-35, dir=C:\Users\varsh\AppData\Local\Temp\kafka-14083302370958023596\broker_0_data0] Loading producer state till offset 0 with message format version 2
2026-02-23T19:06:26.833+05:30  INFO 17596 --- [r-event-handler] kafka.log.LogManager                     : Created log for partition __consumer_offsets-35 in C:\Users\varsh\AppData\Local\Temp\kafka-14083302370958023596\broker_0_data0\__consumer_offsets-35 with properties {cleanup.policy=compact, compression.type="producer", segment.bytes=104857600}
2026-02-23T19:06:26.833+05:30  INFO 17596 --- [r-event-handler] kafka.cluster.Partition                  : [Partition __consumer_offsets-35 broker=0] No checkpointed highwatermark is found for partition __consumer_offsets-35
2026-02-23T19:06:26.833+05:30  INFO 17596 --- [r-event-handler] kafka.cluster.Partition                  : [Partition __consumer_offsets-35 broker=0] Log loaded for partition __consumer_offsets-35 with initial high watermark 0
2026-02-23T19:06:26.833+05:30  INFO 17596 --- [r-event-handler] state.change.logger                      : [Broker id=0] Leader __consumer_offsets-35 with topic id Some(fz3_Lw-9SNWTT-LpprAO2A) starts at leader epoch 0 from offset 0 with partition epoch 0, high watermark 0, ISR [0], adding replicas [] and removing replicas [] . Previous leader None and previous leader epoch was -1.
2026-02-23T19:06:26.843+05:30  INFO 17596 --- [r-event-handler] state.change.logger                      : [Broker id=0] Creating new partition __consumer_offsets-2 with topic id fz3_Lw-9SNWTT-LpprAO2A.
2026-02-23T19:06:26.846+05:30  INFO 17596 --- [           main] o.a.kafka.common.utils.AppInfoParser     : Kafka version: 3.6.2
2026-02-23T19:06:26.846+05:30  INFO 17596 --- [           main] o.a.kafka.common.utils.AppInfoParser     : Kafka commitId: c4deed513057c94e
2026-02-23T19:06:26.846+05:30  INFO 17596 --- [           main] o.a.kafka.common.utils.AppInfoParser     : Kafka startTimeMs: 1771853786846
2026-02-23T19:06:26.856+05:30  INFO 17596 --- [r-event-handler] kafka.log.UnifiedLog$                    : [LogLoader partition=__consumer_offsets-2, dir=C:\Users\varsh\AppData\Local\Temp\kafka-14083302370958023596\broker_0_data0] Loading producer state till offset 0 with message format version 2
2026-02-23T19:06:26.857+05:30  INFO 17596 --- [ad | producer-1] org.apache.kafka.clients.Metadata        : [Producer clientId=producer-1] Cluster ID: v2Okm2MKS46Ew1EucXQP9Q
2026-02-23T19:06:26.857+05:30  INFO 17596 --- [r-event-handler] kafka.log.LogManager                     : Created log for partition __consumer_offsets-2 in C:\Users\varsh\AppData\Local\Temp\kafka-14083302370958023596\broker_0_data0\__consumer_offsets-2 with properties {cleanup.policy=compact, compression.type="producer", segment.bytes=104857600}
2026-02-23T19:06:26.857+05:30  INFO 17596 --- [r-event-handler] kafka.cluster.Partition                  : [Partition __consumer_offsets-2 broker=0] No checkpointed highwatermark is found for partition __consumer_offsets-2
2026-02-23T19:06:26.858+05:30  INFO 17596 --- [r-event-handler] kafka.cluster.Partition                  : [Partition __consumer_offsets-2 broker=0] Log loaded for partition __consumer_offsets-2 with initial high watermark 0
2026-02-23T19:06:26.858+05:30  INFO 17596 --- [r-event-handler] state.change.logger                      : [Broker id=0] Leader __consumer_offsets-2 with topic id Some(fz3_Lw-9SNWTT-LpprAO2A) starts at leader epoch 0 from offset 0 with partition epoch 0, high watermark 0, ISR [0], adding replicas [] and removing replicas [] . Previous leader None and previous leader epoch was -1.
2026-02-23T19:06:26.870+05:30  INFO 17596 --- [r-event-handler] k.coordinator.group.GroupCoordinator     : [GroupCoordinator 0]: Elected as the group coordinator for partition 13 in epoch 0
2026-02-23T19:06:26.871+05:30  INFO 17596 --- [0-event-handler] o.a.k.c.ProducerIdControlManager         : [QuorumController id=0] Replaying ProducerIdsRecord ProducerIdsRecord(brokerId=0, brokerEpoch=5, nextProducerId=1000)
2026-02-23T19:06:26.872+05:30  INFO 17596 --- [r-event-handler] k.c.group.GroupMetadataManager           : [GroupMetadataManager brokerId=0] Scheduling loading of offsets and group metadata from __consumer_offsets-13 for epoch 0
2026-02-23T19:06:26.874+05:30  INFO 17596 --- [r-event-handler] k.coordinator.group.GroupCoordinator     : [GroupCoordinator 0]: Elected as the group coordinator for partition 46 in epoch 0
2026-02-23T19:06:26.875+05:30  INFO 17596 --- [r-event-handler] k.c.group.GroupMetadataManager           : [GroupMetadataManager brokerId=0] Scheduling loading of offsets and group metadata from __consumer_offsets-46 for epoch 0
2026-02-23T19:06:26.875+05:30  INFO 17596 --- [r-event-handler] k.coordinator.group.GroupCoordinator     : [GroupCoordinator 0]: Elected as the group coordinator for partition 9 in epoch 0
2026-02-23T19:06:26.875+05:30  INFO 17596 --- [r-event-handler] k.c.group.GroupMetadataManager           : [GroupMetadataManager brokerId=0] Scheduling loading of offsets and group metadata from __consumer_offsets-9 for epoch 0
2026-02-23T19:06:26.875+05:30  INFO 17596 --- [r-event-handler] k.coordinator.group.GroupCoordinator     : [GroupCoordinator 0]: Elected as the group coordinator for partition 42 in epoch 0
2026-02-23T19:06:26.875+05:30  INFO 17596 --- [r-event-handler] k.c.group.GroupMetadataManager           : [GroupMetadataManager brokerId=0] Scheduling loading of offsets and group metadata from __consumer_offsets-42 for epoch 0
2026-02-23T19:06:26.875+05:30  INFO 17596 --- [r-event-handler] k.coordinator.group.GroupCoordinator     : [GroupCoordinator 0]: Elected as the group coordinator for partition 21 in epoch 0
2026-02-23T19:06:26.875+05:30  INFO 17596 --- [r-event-handler] k.c.group.GroupMetadataManager           : [GroupMetadataManager brokerId=0] Scheduling loading of offsets and group metadata from __consumer_offsets-21 for epoch 0
2026-02-23T19:06:26.875+05:30  INFO 17596 --- [r-event-handler] k.coordinator.group.GroupCoordinator     : [GroupCoordinator 0]: Elected as the group coordinator for partition 17 in epoch 0
2026-02-23T19:06:26.875+05:30  INFO 17596 --- [r-event-handler] k.c.group.GroupMetadataManager           : [GroupMetadataManager brokerId=0] Scheduling loading of offsets and group metadata from __consumer_offsets-17 for epoch 0
2026-02-23T19:06:26.875+05:30  INFO 17596 --- [r-event-handler] k.coordinator.group.GroupCoordinator     : [GroupCoordinator 0]: Elected as the group coordinator for partition 30 in epoch 0
2026-02-23T19:06:26.875+05:30  INFO 17596 --- [r-event-handler] k.c.group.GroupMetadataManager           : [GroupMetadataManager brokerId=0] Scheduling loading of offsets and group metadata from __consumer_offsets-30 for epoch 0
2026-02-23T19:06:26.875+05:30  INFO 17596 --- [r-event-handler] k.coordinator.group.GroupCoordinator     : [GroupCoordinator 0]: Elected as the group coordinator for partition 26 in epoch 0
2026-02-23T19:06:26.875+05:30  INFO 17596 --- [r-event-handler] k.c.group.GroupMetadataManager           : [GroupMetadataManager brokerId=0] Scheduling loading of offsets and group metadata from __consumer_offsets-26 for epoch 0
2026-02-23T19:06:26.875+05:30  INFO 17596 --- [r-event-handler] k.coordinator.group.GroupCoordinator     : [GroupCoordinator 0]: Elected as the group coordinator for partition 5 in epoch 0
2026-02-23T19:06:26.875+05:30  INFO 17596 --- [r-event-handler] k.c.group.GroupMetadataManager           : [GroupMetadataManager brokerId=0] Scheduling loading of offsets and group metadata from __consumer_offsets-5 for epoch 0
2026-02-23T19:06:26.875+05:30  INFO 17596 --- [r-event-handler] k.coordinator.group.GroupCoordinator     : [GroupCoordinator 0]: Elected as the group coordinator for partition 38 in epoch 0
2026-02-23T19:06:26.875+05:30  INFO 17596 --- [r-event-handler] k.c.group.GroupMetadataManager           : [GroupMetadataManager brokerId=0] Scheduling loading of offsets and group metadata from __consumer_offsets-38 for epoch 0
2026-02-23T19:06:26.875+05:30  INFO 17596 --- [r-event-handler] k.coordinator.group.GroupCoordinator     : [GroupCoordinator 0]: Elected as the group coordinator for partition 1 in epoch 0
2026-02-23T19:06:26.875+05:30  INFO 17596 --- [r-event-handler] k.c.group.GroupMetadataManager           : [GroupMetadataManager brokerId=0] Scheduling loading of offsets and group metadata from __consumer_offsets-1 for epoch 0
2026-02-23T19:06:26.875+05:30  INFO 17596 --- [r-event-handler] k.coordinator.group.GroupCoordinator     : [GroupCoordinator 0]: Elected as the group coordinator for partition 34 in epoch 0
2026-02-23T19:06:26.875+05:30  INFO 17596 --- [r-event-handler] k.c.group.GroupMetadataManager           : [GroupMetadataManager brokerId=0] Scheduling loading of offsets and group metadata from __consumer_offsets-34 for epoch 0
2026-02-23T19:06:26.875+05:30  INFO 17596 --- [r-event-handler] k.coordinator.group.GroupCoordinator     : [GroupCoordinator 0]: Elected as the group coordinator for partition 16 in epoch 0
2026-02-23T19:06:26.875+05:30  INFO 17596 --- [r-event-handler] k.c.group.GroupMetadataManager           : [GroupMetadataManager brokerId=0] Scheduling loading of offsets and group metadata from __consumer_offsets-16 for epoch 0
2026-02-23T19:06:26.875+05:30  INFO 17596 --- [r-event-handler] k.coordinator.group.GroupCoordinator     : [GroupCoordinator 0]: Elected as the group coordinator for partition 45 in epoch 0
2026-02-23T19:06:26.875+05:30  INFO 17596 --- [r-event-handler] k.c.group.GroupMetadataManager           : [GroupMetadataManager brokerId=0] Scheduling loading of offsets and group metadata from __consumer_offsets-45 for epoch 0
2026-02-23T19:06:26.875+05:30  INFO 17596 --- [r-event-handler] k.coordinator.group.GroupCoordinator     : [GroupCoordinator 0]: Elected as the group coordinator for partition 12 in epoch 0
2026-02-23T19:06:26.875+05:30  INFO 17596 --- [r-event-handler] k.c.group.GroupMetadataManager           : [GroupMetadataManager brokerId=0] Scheduling loading of offsets and group metadata from __consumer_offsets-12 for epoch 0
2026-02-23T19:06:26.875+05:30  INFO 17596 --- [r-event-handler] k.coordinator.group.GroupCoordinator     : [GroupCoordinator 0]: Elected as the group coordinator for partition 41 in epoch 0
2026-02-23T19:06:26.876+05:30  INFO 17596 --- [r-event-handler] k.c.group.GroupMetadataManager           : [GroupMetadataManager brokerId=0] Scheduling loading of offsets and group metadata from __consumer_offsets-41 for epoch 0
2026-02-23T19:06:26.876+05:30  INFO 17596 --- [r-event-handler] k.coordinator.group.GroupCoordinator     : [GroupCoordinator 0]: Elected as the group coordinator for partition 24 in epoch 0
2026-02-23T19:06:26.876+05:30  INFO 17596 --- [r-event-handler] k.c.group.GroupMetadataManager           : [GroupMetadataManager brokerId=0] Scheduling loading of offsets and group metadata from __consumer_offsets-24 for epoch 0
2026-02-23T19:06:26.876+05:30  INFO 17596 --- [r-event-handler] k.coordinator.group.GroupCoordinator     : [GroupCoordinator 0]: Elected as the group coordinator for partition 20 in epoch 0
2026-02-23T19:06:26.876+05:30  INFO 17596 --- [r-event-handler] k.c.group.GroupMetadataManager           : [GroupMetadataManager brokerId=0] Scheduling loading of offsets and group metadata from __consumer_offsets-20 for epoch 0
2026-02-23T19:06:26.876+05:30  INFO 17596 --- [r-event-handler] k.coordinator.group.GroupCoordinator     : [GroupCoordinator 0]: Elected as the group coordinator for partition 49 in epoch 0
2026-02-23T19:06:26.876+05:30  INFO 17596 --- [r-event-handler] k.c.group.GroupMetadataManager           : [GroupMetadataManager brokerId=0] Scheduling loading of offsets and group metadata from __consumer_offsets-49 for epoch 0
2026-02-23T19:06:26.876+05:30  INFO 17596 --- [r-event-handler] k.coordinator.group.GroupCoordinator     : [GroupCoordinator 0]: Elected as the group coordinator for partition 0 in epoch 0
2026-02-23T19:06:26.876+05:30  INFO 17596 --- [r-event-handler] k.c.group.GroupMetadataManager           : [GroupMetadataManager brokerId=0] Scheduling loading of offsets and group metadata from __consumer_offsets-0 for epoch 0
2026-02-23T19:06:26.876+05:30  INFO 17596 --- [r-event-handler] k.coordinator.group.GroupCoordinator     : [GroupCoordinator 0]: Elected as the group coordinator for partition 29 in epoch 0
2026-02-23T19:06:26.876+05:30  INFO 17596 --- [r-event-handler] k.c.group.GroupMetadataManager           : [GroupMetadataManager brokerId=0] Scheduling loading of offsets and group metadata from __consumer_offsets-29 for epoch 0
2026-02-23T19:06:26.876+05:30  INFO 17596 --- [r-event-handler] k.coordinator.group.GroupCoordinator     : [GroupCoordinator 0]: Elected as the group coordinator for partition 25 in epoch 0
2026-02-23T19:06:26.876+05:30  INFO 17596 --- [r-event-handler] k.c.group.GroupMetadataManager           : [GroupMetadataManager brokerId=0] Scheduling loading of offsets and group metadata from __consumer_offsets-25 for epoch 0
2026-02-23T19:06:26.876+05:30  INFO 17596 --- [r-event-handler] k.coordinator.group.GroupCoordinator     : [GroupCoordinator 0]: Elected as the group coordinator for partition 8 in epoch 0
2026-02-23T19:06:26.876+05:30  INFO 17596 --- [r-event-handler] k.c.group.GroupMetadataManager           : [GroupMetadataManager brokerId=0] Scheduling loading of offsets and group metadata from __consumer_offsets-8 for epoch 0
2026-02-23T19:06:26.876+05:30  INFO 17596 --- [r-event-handler] k.coordinator.group.GroupCoordinator     : [GroupCoordinator 0]: Elected as the group coordinator for partition 37 in epoch 0
2026-02-23T19:06:26.876+05:30  INFO 17596 --- [r-event-handler] k.c.group.GroupMetadataManager           : [GroupMetadataManager brokerId=0] Scheduling loading of offsets and group metadata from __consumer_offsets-37 for epoch 0
2026-02-23T19:06:26.876+05:30  INFO 17596 --- [r-event-handler] k.coordinator.group.GroupCoordinator     : [GroupCoordinator 0]: Elected as the group coordinator for partition 4 in epoch 0
2026-02-23T19:06:26.876+05:30  INFO 17596 --- [r-event-handler] k.c.group.GroupMetadataManager           : [GroupMetadataManager brokerId=0] Scheduling loading of offsets and group metadata from __consumer_offsets-4 for epoch 0
2026-02-23T19:06:26.876+05:30  INFO 17596 --- [r-event-handler] k.coordinator.group.GroupCoordinator     : [GroupCoordinator 0]: Elected as the group coordinator for partition 33 in epoch 0
2026-02-23T19:06:26.876+05:30  INFO 17596 --- [r-event-handler] k.c.group.GroupMetadataManager           : [GroupMetadataManager brokerId=0] Scheduling loading of offsets and group metadata from __consumer_offsets-33 for epoch 0
2026-02-23T19:06:26.876+05:30  INFO 17596 --- [r-event-handler] k.coordinator.group.GroupCoordinator     : [GroupCoordinator 0]: Elected as the group coordinator for partition 15 in epoch 0
2026-02-23T19:06:26.876+05:30  INFO 17596 --- [r-event-handler] k.c.group.GroupMetadataManager           : [GroupMetadataManager brokerId=0] Scheduling loading of offsets and group metadata from __consumer_offsets-15 for epoch 0
2026-02-23T19:06:26.876+05:30  INFO 17596 --- [r-event-handler] k.coordinator.group.GroupCoordinator     : [GroupCoordinator 0]: Elected as the group coordinator for partition 48 in epoch 0
2026-02-23T19:06:26.876+05:30  INFO 17596 --- [r-event-handler] k.c.group.GroupMetadataManager           : [GroupMetadataManager brokerId=0] Scheduling loading of offsets and group metadata from __consumer_offsets-48 for epoch 0
2026-02-23T19:06:26.876+05:30  INFO 17596 --- [r-event-handler] k.coordinator.group.GroupCoordinator     : [GroupCoordinator 0]: Elected as the group coordinator for partition 11 in epoch 0
2026-02-23T19:06:26.876+05:30  INFO 17596 --- [r-event-handler] k.c.group.GroupMetadataManager           : [GroupMetadataManager brokerId=0] Scheduling loading of offsets and group metadata from __consumer_offsets-11 for epoch 0
2026-02-23T19:06:26.876+05:30  INFO 17596 --- [r-event-handler] k.coordinator.group.GroupCoordinator     : [GroupCoordinator 0]: Elected as the group coordinator for partition 44 in epoch 0
2026-02-23T19:06:26.876+05:30  INFO 17596 --- [r-event-handler] k.c.group.GroupMetadataManager           : [GroupMetadataManager brokerId=0] Scheduling loading of offsets and group metadata from __consumer_offsets-44 for epoch 0
2026-02-23T19:06:26.876+05:30  INFO 17596 --- [r-event-handler] k.coordinator.group.GroupCoordinator     : [GroupCoordinator 0]: Elected as the group coordinator for partition 23 in epoch 0
2026-02-23T19:06:26.876+05:30  INFO 17596 --- [r-event-handler] k.c.group.GroupMetadataManager           : [GroupMetadataManager brokerId=0] Scheduling loading of offsets and group metadata from __consumer_offsets-23 for epoch 0
2026-02-23T19:06:26.876+05:30  INFO 17596 --- [r-event-handler] k.coordinator.group.GroupCoordinator     : [GroupCoordinator 0]: Elected as the group coordinator for partition 19 in epoch 0
2026-02-23T19:06:26.876+05:30  INFO 17596 --- [r-event-handler] k.c.group.GroupMetadataManager           : [GroupMetadataManager brokerId=0] Scheduling loading of offsets and group metadata from __consumer_offsets-19 for epoch 0
2026-02-23T19:06:26.876+05:30  INFO 17596 --- [r-event-handler] k.coordinator.group.GroupCoordinator     : [GroupCoordinator 0]: Elected as the group coordinator for partition 32 in epoch 0
2026-02-23T19:06:26.876+05:30  INFO 17596 --- [r-event-handler] k.c.group.GroupMetadataManager           : [GroupMetadataManager brokerId=0] Scheduling loading of offsets and group metadata from __consumer_offsets-32 for epoch 0
2026-02-23T19:06:26.876+05:30  INFO 17596 --- [r-event-handler] k.coordinator.group.GroupCoordinator     : [GroupCoordinator 0]: Elected as the group coordinator for partition 28 in epoch 0
2026-02-23T19:06:26.876+05:30  INFO 17596 --- [r-event-handler] k.c.group.GroupMetadataManager           : [GroupMetadataManager brokerId=0] Scheduling loading of offsets and group metadata from __consumer_offsets-28 for epoch 0
2026-02-23T19:06:26.876+05:30  INFO 17596 --- [r-event-handler] k.coordinator.group.GroupCoordinator     : [GroupCoordinator 0]: Elected as the group coordinator for partition 7 in epoch 0
2026-02-23T19:06:26.876+05:30  INFO 17596 --- [r-event-handler] k.c.group.GroupMetadataManager           : [GroupMetadataManager brokerId=0] Scheduling loading of offsets and group metadata from __consumer_offsets-7 for epoch 0
2026-02-23T19:06:26.876+05:30  INFO 17596 --- [r-event-handler] k.coordinator.group.GroupCoordinator     : [GroupCoordinator 0]: Elected as the group coordinator for partition 40 in epoch 0
2026-02-23T19:06:26.876+05:30  INFO 17596 --- [r-event-handler] k.c.group.GroupMetadataManager           : [GroupMetadataManager brokerId=0] Scheduling loading of offsets and group metadata from __consumer_offsets-40 for epoch 0
2026-02-23T19:06:26.876+05:30  INFO 17596 --- [r-event-handler] k.coordinator.group.GroupCoordinator     : [GroupCoordinator 0]: Elected as the group coordinator for partition 3 in epoch 0
2026-02-23T19:06:26.876+05:30  INFO 17596 --- [r-event-handler] k.c.group.GroupMetadataManager           : [GroupMetadataManager brokerId=0] Scheduling loading of offsets and group metadata from __consumer_offsets-3 for epoch 0
2026-02-23T19:06:26.876+05:30  INFO 17596 --- [r-event-handler] k.coordinator.group.GroupCoordinator     : [GroupCoordinator 0]: Elected as the group coordinator for partition 36 in epoch 0
2026-02-23T19:06:26.876+05:30  INFO 17596 --- [r-event-handler] k.c.group.GroupMetadataManager           : [GroupMetadataManager brokerId=0] Scheduling loading of offsets and group metadata from __consumer_offsets-36 for epoch 0
2026-02-23T19:06:26.876+05:30  INFO 17596 --- [r-event-handler] k.coordinator.group.GroupCoordinator     : [GroupCoordinator 0]: Elected as the group coordinator for partition 47 in epoch 0
2026-02-23T19:06:26.876+05:30  INFO 17596 --- [r-event-handler] k.c.group.GroupMetadataManager           : [GroupMetadataManager brokerId=0] Scheduling loading of offsets and group metadata from __consumer_offsets-47 for epoch 0
2026-02-23T19:06:26.876+05:30  INFO 17596 --- [r-event-handler] k.coordinator.group.GroupCoordinator     : [GroupCoordinator 0]: Elected as the group coordinator for partition 14 in epoch 0
2026-02-23T19:06:26.876+05:30  INFO 17596 --- [r-event-handler] k.c.group.GroupMetadataManager           : [GroupMetadataManager brokerId=0] Scheduling loading of offsets and group metadata from __consumer_offsets-14 for epoch 0
2026-02-23T19:06:26.876+05:30  INFO 17596 --- [r-event-handler] k.coordinator.group.GroupCoordinator     : [GroupCoordinator 0]: Elected as the group coordinator for partition 43 in epoch 0
2026-02-23T19:06:26.876+05:30  INFO 17596 --- [r-event-handler] k.c.group.GroupMetadataManager           : [GroupMetadataManager brokerId=0] Scheduling loading of offsets and group metadata from __consumer_offsets-43 for epoch 0
2026-02-23T19:06:26.876+05:30  INFO 17596 --- [r-event-handler] k.coordinator.group.GroupCoordinator     : [GroupCoordinator 0]: Elected as the group coordinator for partition 10 in epoch 0
2026-02-23T19:06:26.876+05:30  INFO 17596 --- [r-event-handler] k.c.group.GroupMetadataManager           : [GroupMetadataManager brokerId=0] Scheduling loading of offsets and group metadata from __consumer_offsets-10 for epoch 0
2026-02-23T19:06:26.876+05:30  INFO 17596 --- [r-event-handler] k.coordinator.group.GroupCoordinator     : [GroupCoordinator 0]: Elected as the group coordinator for partition 22 in epoch 0
2026-02-23T19:06:26.876+05:30  INFO 17596 --- [r-event-handler] k.c.group.GroupMetadataManager           : [GroupMetadataManager brokerId=0] Scheduling loading of offsets and group metadata from __consumer_offsets-22 for epoch 0
2026-02-23T19:06:26.876+05:30  INFO 17596 --- [r-event-handler] k.coordinator.group.GroupCoordinator     : [GroupCoordinator 0]: Elected as the group coordinator for partition 18 in epoch 0
2026-02-23T19:06:26.876+05:30  INFO 17596 --- [r-event-handler] k.c.group.GroupMetadataManager           : [GroupMetadataManager brokerId=0] Scheduling loading of offsets and group metadata from __consumer_offsets-18 for epoch 0
2026-02-23T19:06:26.876+05:30  INFO 17596 --- [r-event-handler] k.coordinator.group.GroupCoordinator     : [GroupCoordinator 0]: Elected as the group coordinator for partition 31 in epoch 0
2026-02-23T19:06:26.876+05:30  INFO 17596 --- [r-event-handler] k.c.group.GroupMetadataManager           : [GroupMetadataManager brokerId=0] Scheduling loading of offsets and group metadata from __consumer_offsets-31 for epoch 0
2026-02-23T19:06:26.876+05:30  INFO 17596 --- [r-event-handler] k.coordinator.group.GroupCoordinator     : [GroupCoordinator 0]: Elected as the group coordinator for partition 27 in epoch 0
2026-02-23T19:06:26.876+05:30  INFO 17596 --- [r-event-handler] k.c.group.GroupMetadataManager           : [GroupMetadataManager brokerId=0] Scheduling loading of offsets and group metadata from __consumer_offsets-27 for epoch 0
2026-02-23T19:06:26.876+05:30  INFO 17596 --- [r-event-handler] k.coordinator.group.GroupCoordinator     : [GroupCoordinator 0]: Elected as the group coordinator for partition 39 in epoch 0
2026-02-23T19:06:26.876+05:30  INFO 17596 --- [r-event-handler] k.c.group.GroupMetadataManager           : [GroupMetadataManager brokerId=0] Scheduling loading of offsets and group metadata from __consumer_offsets-39 for epoch 0
2026-02-23T19:06:26.876+05:30  INFO 17596 --- [r-event-handler] k.coordinator.group.GroupCoordinator     : [GroupCoordinator 0]: Elected as the group coordinator for partition 6 in epoch 0
2026-02-23T19:06:26.876+05:30  INFO 17596 --- [r-event-handler] k.c.group.GroupMetadataManager           : [GroupMetadataManager brokerId=0] Scheduling loading of offsets and group metadata from __consumer_offsets-6 for epoch 0
2026-02-23T19:06:26.876+05:30  INFO 17596 --- [r-event-handler] k.coordinator.group.GroupCoordinator     : [GroupCoordinator 0]: Elected as the group coordinator for partition 35 in epoch 0
2026-02-23T19:06:26.876+05:30  INFO 17596 --- [r-event-handler] k.c.group.GroupMetadataManager           : [GroupMetadataManager brokerId=0] Scheduling loading of offsets and group metadata from __consumer_offsets-35 for epoch 0
2026-02-23T19:06:26.876+05:30  INFO 17596 --- [r-event-handler] k.coordinator.group.GroupCoordinator     : [GroupCoordinator 0]: Elected as the group coordinator for partition 2 in epoch 0
2026-02-23T19:06:26.876+05:30  INFO 17596 --- [r-event-handler] k.c.group.GroupMetadataManager           : [GroupMetadataManager brokerId=0] Scheduling loading of offsets and group metadata from __consumer_offsets-2 for epoch 0
2026-02-23T19:06:26.892+05:30  INFO 17596 --- [r-event-handler] k.s.metadata.DynamicConfigPublisher      : [DynamicConfigPublisher broker id=0] Updating topic __consumer_offsets with new configuration : compression.type -> producer,cleanup.policy -> compact,segment.bytes -> 104857600
2026-02-23T19:06:26.893+05:30  INFO 17596 --- [adata-manager-0] k.c.group.GroupMetadataManager           : [GroupMetadataManager brokerId=0] Finished loading offsets and group metadata from __consumer_offsets-13 in 3 milliseconds for epoch 0, of which 3 milliseconds was spent in the scheduler.
2026-02-23T19:06:26.893+05:30  INFO 17596 --- [adata-manager-0] k.c.group.GroupMetadataManager           : [GroupMetadataManager brokerId=0] Finished loading offsets and group metadata from __consumer_offsets-46 in 18 milliseconds for epoch 0, of which 18 milliseconds was spent in the scheduler.
2026-02-23T19:06:26.893+05:30  INFO 17596 --- [adata-manager-0] k.c.group.GroupMetadataManager           : [GroupMetadataManager brokerId=0] Finished loading offsets and group metadata from __consumer_offsets-9 in 18 milliseconds for epoch 0, of which 18 milliseconds was spent in the scheduler.
2026-02-23T19:06:26.893+05:30  INFO 17596 --- [adata-manager-0] k.c.group.GroupMetadataManager           : [GroupMetadataManager brokerId=0] Finished loading offsets and group metadata from __consumer_offsets-42 in 18 milliseconds for epoch 0, of which 18 milliseconds was spent in the scheduler.
2026-02-23T19:06:26.894+05:30  INFO 17596 --- [adata-manager-0] k.c.group.GroupMetadataManager           : [GroupMetadataManager brokerId=0] Finished loading offsets and group metadata from __consumer_offsets-21 in 19 milliseconds for epoch 0, of which 18 milliseconds was spent in the scheduler.
2026-02-23T19:06:26.894+05:30  INFO 17596 --- [adata-manager-0] k.c.group.GroupMetadataManager           : [GroupMetadataManager brokerId=0] Finished loading offsets and group metadata from __consumer_offsets-17 in 19 milliseconds for epoch 0, of which 19 milliseconds was spent in the scheduler.
2026-02-23T19:06:26.894+05:30  INFO 17596 --- [adata-manager-0] k.c.group.GroupMetadataManager           : [GroupMetadataManager brokerId=0] Finished loading offsets and group metadata from __consumer_offsets-30 in 19 milliseconds for epoch 0, of which 19 milliseconds was spent in the scheduler.
2026-02-23T19:06:26.894+05:30  INFO 17596 --- [adata-manager-0] k.c.group.GroupMetadataManager           : [GroupMetadataManager brokerId=0] Finished loading offsets and group metadata from __consumer_offsets-26 in 19 milliseconds for epoch 0, of which 19 milliseconds was spent in the scheduler.
2026-02-23T19:06:26.895+05:30  INFO 17596 --- [adata-manager-0] k.c.group.GroupMetadataManager           : [GroupMetadataManager brokerId=0] Finished loading offsets and group metadata from __consumer_offsets-5 in 20 milliseconds for epoch 0, of which 19 milliseconds was spent in the scheduler.
2026-02-23T19:06:26.895+05:30  INFO 17596 --- [adata-manager-0] k.c.group.GroupMetadataManager           : [GroupMetadataManager brokerId=0] Finished loading offsets and group metadata from __consumer_offsets-38 in 20 milliseconds for epoch 0, of which 20 milliseconds was spent in the scheduler.
2026-02-23T19:06:26.895+05:30  INFO 17596 --- [adata-manager-0] k.c.group.GroupMetadataManager           : [GroupMetadataManager brokerId=0] Finished loading offsets and group metadata from __consumer_offsets-1 in 20 milliseconds for epoch 0, of which 20 milliseconds was spent in the scheduler.
2026-02-23T19:06:26.895+05:30  INFO 17596 --- [adata-manager-0] k.c.group.GroupMetadataManager           : [GroupMetadataManager brokerId=0] Finished loading offsets and group metadata from __consumer_offsets-34 in 20 milliseconds for epoch 0, of which 20 milliseconds was spent in the scheduler.
2026-02-23T19:06:26.895+05:30  INFO 17596 --- [adata-manager-0] k.c.group.GroupMetadataManager           : [GroupMetadataManager brokerId=0] Finished loading offsets and group metadata from __consumer_offsets-16 in 20 milliseconds for epoch 0, of which 20 milliseconds was spent in the scheduler.
2026-02-23T19:06:26.896+05:30  INFO 17596 --- [adata-manager-0] k.c.group.GroupMetadataManager           : [GroupMetadataManager brokerId=0] Finished loading offsets and group metadata from __consumer_offsets-45 in 21 milliseconds for epoch 0, of which 20 milliseconds was spent in the scheduler.
2026-02-23T19:06:26.896+05:30  INFO 17596 --- [adata-manager-0] k.c.group.GroupMetadataManager           : [GroupMetadataManager brokerId=0] Finished loading offsets and group metadata from __consumer_offsets-12 in 21 milliseconds for epoch 0, of which 21 milliseconds was spent in the scheduler.
2026-02-23T19:06:26.896+05:30  INFO 17596 --- [adata-manager-0] k.c.group.GroupMetadataManager           : [GroupMetadataManager brokerId=0] Finished loading offsets and group metadata from __consumer_offsets-41 in 20 milliseconds for epoch 0, of which 20 milliseconds was spent in the scheduler.
2026-02-23T19:06:26.896+05:30  INFO 17596 --- [adata-manager-0] k.c.group.GroupMetadataManager           : [GroupMetadataManager brokerId=0] Finished loading offsets and group metadata from __consumer_offsets-24 in 20 milliseconds for epoch 0, of which 20 milliseconds was spent in the scheduler.
2026-02-23T19:06:26.897+05:30  INFO 17596 --- [adata-manager-0] k.c.group.GroupMetadataManager           : [GroupMetadataManager brokerId=0] Finished loading offsets and group metadata from __consumer_offsets-20 in 21 milliseconds for epoch 0, of which 20 milliseconds was spent in the scheduler.
2026-02-23T19:06:26.897+05:30  INFO 17596 --- [adata-manager-0] k.c.group.GroupMetadataManager           : [GroupMetadataManager brokerId=0] Finished loading offsets and group metadata from __consumer_offsets-49 in 21 milliseconds for epoch 0, of which 21 milliseconds was spent in the scheduler.
2026-02-23T19:06:26.897+05:30  INFO 17596 --- [adata-manager-0] k.c.group.GroupMetadataManager           : [GroupMetadataManager brokerId=0] Finished loading offsets and group metadata from __consumer_offsets-0 in 21 milliseconds for epoch 0, of which 21 milliseconds was spent in the scheduler.
2026-02-23T19:06:26.897+05:30  INFO 17596 --- [adata-manager-0] k.c.group.GroupMetadataManager           : [GroupMetadataManager brokerId=0] Finished loading offsets and group metadata from __consumer_offsets-29 in 21 milliseconds for epoch 0, of which 21 milliseconds was spent in the scheduler.
2026-02-23T19:06:26.897+05:30  INFO 17596 --- [adata-manager-0] k.c.group.GroupMetadataManager           : [GroupMetadataManager brokerId=0] Finished loading offsets and group metadata from __consumer_offsets-25 in 21 milliseconds for epoch 0, of which 21 milliseconds was spent in the scheduler.
2026-02-23T19:06:26.898+05:30  INFO 17596 --- [adata-manager-0] k.c.group.GroupMetadataManager           : [GroupMetadataManager brokerId=0] Finished loading offsets and group metadata from __consumer_offsets-8 in 22 milliseconds for epoch 0, of which 22 milliseconds was spent in the scheduler.
2026-02-23T19:06:26.898+05:30  INFO 17596 --- [adata-manager-0] k.c.group.GroupMetadataManager           : [GroupMetadataManager brokerId=0] Finished loading offsets and group metadata from __consumer_offsets-37 in 22 milliseconds for epoch 0, of which 22 milliseconds was spent in the scheduler.
2026-02-23T19:06:26.898+05:30  INFO 17596 --- [adata-manager-0] k.c.group.GroupMetadataManager           : [GroupMetadataManager brokerId=0] Finished loading offsets and group metadata from __consumer_offsets-4 in 22 milliseconds for epoch 0, of which 22 milliseconds was spent in the scheduler.
2026-02-23T19:06:26.899+05:30  INFO 17596 --- [adata-manager-0] k.c.group.GroupMetadataManager           : [GroupMetadataManager brokerId=0] Finished loading offsets and group metadata from __consumer_offsets-33 in 23 milliseconds for epoch 0, of which 22 milliseconds was spent in the scheduler.
2026-02-23T19:06:26.899+05:30  INFO 17596 --- [adata-manager-0] k.c.group.GroupMetadataManager           : [GroupMetadataManager brokerId=0] Finished loading offsets and group metadata from __consumer_offsets-15 in 23 milliseconds for epoch 0, of which 23 milliseconds was spent in the scheduler.
2026-02-23T19:06:26.899+05:30  INFO 17596 --- [adata-manager-0] k.c.group.GroupMetadataManager           : [GroupMetadataManager brokerId=0] Finished loading offsets and group metadata from __consumer_offsets-48 in 23 milliseconds for epoch 0, of which 23 milliseconds was spent in the scheduler.
2026-02-23T19:06:26.899+05:30  INFO 17596 --- [adata-manager-0] k.c.group.GroupMetadataManager           : [GroupMetadataManager brokerId=0] Finished loading offsets and group metadata from __consumer_offsets-11 in 23 milliseconds for epoch 0, of which 23 milliseconds was spent in the scheduler.
2026-02-23T19:06:26.899+05:30  INFO 17596 --- [adata-manager-0] k.c.group.GroupMetadataManager           : [GroupMetadataManager brokerId=0] Finished loading offsets and group metadata from __consumer_offsets-44 in 23 milliseconds for epoch 0, of which 23 milliseconds was spent in the scheduler.
2026-02-23T19:06:26.900+05:30  INFO 17596 --- [adata-manager-0] k.c.group.GroupMetadataManager           : [GroupMetadataManager brokerId=0] Finished loading offsets and group metadata from __consumer_offsets-23 in 24 milliseconds for epoch 0, of which 23 milliseconds was spent in the scheduler.
2026-02-23T19:06:26.900+05:30  INFO 17596 --- [adata-manager-0] k.c.group.GroupMetadataManager           : [GroupMetadataManager brokerId=0] Finished loading offsets and group metadata from __consumer_offsets-19 in 24 milliseconds for epoch 0, of which 24 milliseconds was spent in the scheduler.
2026-02-23T19:06:26.900+05:30  INFO 17596 --- [adata-manager-0] k.c.group.GroupMetadataManager           : [GroupMetadataManager brokerId=0] Finished loading offsets and group metadata from __consumer_offsets-32 in 24 milliseconds for epoch 0, of which 24 milliseconds was spent in the scheduler.
2026-02-23T19:06:26.900+05:30  INFO 17596 --- [adata-manager-0] k.c.group.GroupMetadataManager           : [GroupMetadataManager brokerId=0] Finished loading offsets and group metadata from __consumer_offsets-28 in 24 milliseconds for epoch 0, of which 24 milliseconds was spent in the scheduler.
2026-02-23T19:06:26.900+05:30  INFO 17596 --- [adata-manager-0] k.c.group.GroupMetadataManager           : [GroupMetadataManager brokerId=0] Finished loading offsets and group metadata from __consumer_offsets-7 in 24 milliseconds for epoch 0, of which 24 milliseconds was spent in the scheduler.
2026-02-23T19:06:26.900+05:30  INFO 17596 --- [adata-manager-0] k.c.group.GroupMetadataManager           : [GroupMetadataManager brokerId=0] Finished loading offsets and group metadata from __consumer_offsets-40 in 24 milliseconds for epoch 0, of which 24 milliseconds was spent in the scheduler.
2026-02-23T19:06:26.901+05:30  INFO 17596 --- [adata-manager-0] k.c.group.GroupMetadataManager           : [GroupMetadataManager brokerId=0] Finished loading offsets and group metadata from __consumer_offsets-3 in 25 milliseconds for epoch 0, of which 25 milliseconds was spent in the scheduler.
2026-02-23T19:06:26.901+05:30  INFO 17596 --- [adata-manager-0] k.c.group.GroupMetadataManager           : [GroupMetadataManager brokerId=0] Finished loading offsets and group metadata from __consumer_offsets-36 in 25 milliseconds for epoch 0, of which 25 milliseconds was spent in the scheduler.
2026-02-23T19:06:26.901+05:30  INFO 17596 --- [adata-manager-0] k.c.group.GroupMetadataManager           : [GroupMetadataManager brokerId=0] Finished loading offsets and group metadata from __consumer_offsets-47 in 25 milliseconds for epoch 0, of which 25 milliseconds was spent in the scheduler.
2026-02-23T19:06:26.901+05:30  INFO 17596 --- [adata-manager-0] k.c.group.GroupMetadataManager           : [GroupMetadataManager brokerId=0] Finished loading offsets and group metadata from __consumer_offsets-14 in 25 milliseconds for epoch 0, of which 25 milliseconds was spent in the scheduler.
2026-02-23T19:06:26.901+05:30  INFO 17596 --- [adata-manager-0] k.c.group.GroupMetadataManager           : [GroupMetadataManager brokerId=0] Finished loading offsets and group metadata from __consumer_offsets-43 in 25 milliseconds for epoch 0, of which 25 milliseconds was spent in the scheduler.
2026-02-23T19:06:26.901+05:30  INFO 17596 --- [adata-manager-0] k.c.group.GroupMetadataManager           : [GroupMetadataManager brokerId=0] Finished loading offsets and group metadata from __consumer_offsets-10 in 25 milliseconds for epoch 0, of which 25 milliseconds was spent in the scheduler.
2026-02-23T19:06:26.902+05:30  INFO 17596 --- [adata-manager-0] k.c.group.GroupMetadataManager           : [GroupMetadataManager brokerId=0] Finished loading offsets and group metadata from __consumer_offsets-22 in 26 milliseconds for epoch 0, of which 25 milliseconds was spent in the scheduler.
2026-02-23T19:06:26.902+05:30  INFO 17596 --- [adata-manager-0] k.c.group.GroupMetadataManager           : [GroupMetadataManager brokerId=0] Finished loading offsets and group metadata from __consumer_offsets-18 in 26 milliseconds for epoch 0, of which 26 milliseconds was spent in the scheduler.
2026-02-23T19:06:26.902+05:30  INFO 17596 --- [adata-manager-0] k.c.group.GroupMetadataManager           : [GroupMetadataManager brokerId=0] Finished loading offsets and group metadata from __consumer_offsets-31 in 26 milliseconds for epoch 0, of which 26 milliseconds was spent in the scheduler.
2026-02-23T19:06:26.902+05:30  INFO 17596 --- [adata-manager-0] k.c.group.GroupMetadataManager           : [GroupMetadataManager brokerId=0] Finished loading offsets and group metadata from __consumer_offsets-27 in 26 milliseconds for epoch 0, of which 26 milliseconds was spent in the scheduler.
2026-02-23T19:06:26.902+05:30  INFO 17596 --- [adata-manager-0] k.c.group.GroupMetadataManager           : [GroupMetadataManager brokerId=0] Finished loading offsets and group metadata from __consumer_offsets-39 in 26 milliseconds for epoch 0, of which 26 milliseconds was spent in the scheduler.
2026-02-23T19:06:26.902+05:30  INFO 17596 --- [adata-manager-0] k.c.group.GroupMetadataManager           : [GroupMetadataManager brokerId=0] Finished loading offsets and group metadata from __consumer_offsets-6 in 26 milliseconds for epoch 0, of which 26 milliseconds was spent in the scheduler.
2026-02-23T19:06:26.903+05:30  INFO 17596 --- [adata-manager-0] k.c.group.GroupMetadataManager           : [GroupMetadataManager brokerId=0] Finished loading offsets and group metadata from __consumer_offsets-35 in 27 milliseconds for epoch 0, of which 26 milliseconds was spent in the scheduler.
2026-02-23T19:06:26.903+05:30  INFO 17596 --- [adata-manager-0] k.c.group.GroupMetadataManager           : [GroupMetadataManager brokerId=0] Finished loading offsets and group metadata from __consumer_offsets-2 in 27 milliseconds for epoch 0, of which 27 milliseconds was spent in the scheduler.
2026-02-23T19:06:26.926+05:30  INFO 17596 --- [ntainer#0-0-C-1] o.a.k.c.c.internals.ConsumerCoordinator  : [Consumer clientId=consumer-midas-core-group-1, groupId=midas-core-group] Discovered group coordinator localhost:61474 (id: 2147483647 rack: null)
2026-02-23T19:06:26.926+05:30  INFO 17596 --- [ntainer#0-0-C-1] o.a.k.c.c.internals.ConsumerCoordinator  : [Consumer clientId=consumer-midas-core-group-1, groupId=midas-core-group] Request joining group due to: rebalance failed due to 'This is not the correct coordinator.' (NotCoordinatorException)
2026-02-23T19:06:26.926+05:30  INFO 17596 --- [ntainer#0-0-C-1] o.a.k.c.c.internals.ConsumerCoordinator  : [Consumer clientId=consumer-midas-core-group-1, groupId=midas-core-group] (Re-)joining group
2026-02-23T19:06:26.941+05:30  INFO 17596 --- [quest-handler-0] k.coordinator.group.GroupCoordinator     : [GroupCoordinator 0]: Dynamic member with unknown member id joins group midas-core-group in Empty state. Created a new member id consumer-midas-core-group-1-3b8bcc86-1580-4918-b6ea-e95b6b15862e and request the member to rejoin with this id.
2026-02-23T19:06:26.953+05:30  INFO 17596 --- [ntainer#0-0-C-1] o.a.k.c.c.internals.ConsumerCoordinator  : [Consumer clientId=consumer-midas-core-group-1, groupId=midas-core-group] Request joining group due to: need to re-join with the given member-id: consumer-midas-core-group-1-3b8bcc86-1580-4918-b6ea-e95b6b15862e
2026-02-23T19:06:26.954+05:30  INFO 17596 --- [ntainer#0-0-C-1] o.a.k.c.c.internals.ConsumerCoordinator  : [Consumer clientId=consumer-midas-core-group-1, groupId=midas-core-group] Request joining group due to: rebalance failed due to 'The group member needs to have a valid member id before actually entering a consumer group.' (MemberIdRequiredException)
2026-02-23T19:06:26.954+05:30  INFO 17596 --- [ntainer#0-0-C-1] o.a.k.c.c.internals.ConsumerCoordinator  : [Consumer clientId=consumer-midas-core-group-1, groupId=midas-core-group] (Re-)joining group
2026-02-23T19:06:26.963+05:30  INFO 17596 --- [quest-handler-2] k.coordinator.group.GroupCoordinator     : [GroupCoordinator 0]: Preparing to rebalance group midas-core-group in state PreparingRebalance with old generation 0 (__consumer_offsets-2) (reason: Adding new member consumer-midas-core-group-1-3b8bcc86-1580-4918-b6ea-e95b6b15862e with group instance id None; client reason: rebalance failed due to MemberIdRequiredException)
2026-02-23T19:06:26.976+05:30  INFO 17596 --- [cutor-Rebalance] k.coordinator.group.GroupCoordinator     : [GroupCoordinator 0]: Stabilized group midas-core-group generation 1 (__consumer_offsets-2) with 1 members
2026-02-23T19:06:26.976+05:30  INFO 17596 --- [ad | producer-1] o.a.k.c.p.internals.TransactionManager   : [Producer clientId=producer-1] ProducerId set to 0 with epoch 0
2026-02-23T19:06:26.976+05:30  INFO 17596 --- [ntainer#0-0-C-1] o.a.k.c.c.internals.ConsumerCoordinator  : [Consumer clientId=consumer-midas-core-group-1, groupId=midas-core-group] Successfully joined group with generation Generation{generationId=1, memberId='consumer-midas-core-group-1-3b8bcc86-1580-4918-b6ea-e95b6b15862e', protocol='range'}
2026-02-23T19:06:26.976+05:30  INFO 17596 --- [ntainer#0-0-C-1] o.a.k.c.c.internals.ConsumerCoordinator  : [Consumer clientId=consumer-midas-core-group-1, groupId=midas-core-group] Finished assignment for group at generation 1: {consumer-midas-core-group-1-3b8bcc86-1580-4918-b6ea-e95b6b15862e=Assignment(partitions=[trader-updates-0])}
2026-02-23T19:06:27.006+05:30  INFO 17596 --- [quest-handler-4] k.coordinator.group.GroupCoordinator     : [GroupCoordinator 0]: Assignment received from leader consumer-midas-core-group-1-3b8bcc86-1580-4918-b6ea-e95b6b15862e for group midas-core-group for generation 1. The group has 1 members, 0 of which are static.
2026-02-23T19:06:27.050+05:30  INFO 17596 --- [ntainer#0-0-C-1] o.a.k.c.c.internals.ConsumerCoordinator  : [Consumer clientId=consumer-midas-core-group-1, groupId=midas-core-group] Successfully synced group in generation Generation{generationId=1, memberId='consumer-midas-core-group-1-3b8bcc86-1580-4918-b6ea-e95b6b15862e', protocol='range'}
2026-02-23T19:06:27.051+05:30  INFO 17596 --- [ntainer#0-0-C-1] o.a.k.c.c.internals.ConsumerCoordinator  : [Consumer clientId=consumer-midas-core-group-1, groupId=midas-core-group] Notifying assignor about the new Assignment(partitions=[trader-updates-0])
2026-02-23T19:06:27.054+05:30  INFO 17596 --- [ntainer#0-0-C-1] o.a.k.c.c.internals.ConsumerCoordinator  : [Consumer clientId=consumer-midas-core-group-1, groupId=midas-core-group] Adding newly assigned partitions: trader-updates-0
2026-02-23T19:06:27.070+05:30  INFO 17596 --- [ntainer#0-0-C-1] o.a.k.c.c.internals.ConsumerCoordinator  : [Consumer clientId=consumer-midas-core-group-1, groupId=midas-core-group] Found no committed offset for partition trader-updates-0
2026-02-23T19:06:27.076+05:30  INFO 17596 --- [ntainer#0-0-C-1] o.a.k.c.c.internals.ConsumerCoordinator  : [Consumer clientId=consumer-midas-core-group-1, groupId=midas-core-group] Found no committed offset for partition trader-updates-0
2026-02-23T19:06:27.095+05:30  INFO 17596 --- [ntainer#0-0-C-1] o.a.k.c.c.internals.SubscriptionState    : [Consumer clientId=consumer-midas-core-group-1, groupId=midas-core-group] Resetting offset for partition trader-updates-0 to position FetchPosition{offset=22, offsetEpoch=Optional.empty, currentLeader=LeaderAndEpoch{leader=Optional[localhost:61474 (id: 0 rack: null)], epoch=0}}.
2026-02-23T19:06:27.134+05:30  INFO 17596 --- [ntainer#0-0-C-1] o.s.k.l.KafkaMessageListenerContainer    : midas-core-group: partitions assigned: [trader-updates-0]
2026-02-23T19:06:28.923+05:30  INFO 17596 --- [           main] com.jpmc.midascore.TaskTwoTests          : ----------------------------------------------------------
2026-02-23T19:06:28.923+05:30  INFO 17596 --- [           main] com.jpmc.midascore.TaskTwoTests          : ----------------------------------------------------------
2026-02-23T19:06:28.923+05:30  INFO 17596 --- [           main] com.jpmc.midascore.TaskTwoTests          : ----------------------------------------------------------
2026-02-23T19:06:28.923+05:30  INFO 17596 --- [           main] com.jpmc.midascore.TaskTwoTests          : use your debugger to watch for incoming transactions
2026-02-23T19:06:28.923+05:30  INFO 17596 --- [           main] com.jpmc.midascore.TaskTwoTests          : kill this test once you find the answer
2026-02-23T19:06:48.925+05:30  INFO 17596 --- [           main] com.jpmc.midascore.TaskTwoTests          : ...
